<html>
<body>
<pre>
<h1>µVision Build Log</h1>
<h2>Tool Versions:</h2>
IDE-Version: ¦ÌVision V5.29.0.0
Copyright (C) 2019 ARM Ltd and ARM Germany GmbH. All rights reserved.
License Information: disnox disnox, disnox, LIC=IK1BF-6CF5F-BS5YX-HLGUH-ZGP9U-XL749
 
Tool Versions:
Toolchain:       MDK-ARM Plus  Version: 5.29.0.0
Toolchain Path:  D:\Install\Keil_v5\ARM\ARMCLANG\Bin
C Compiler:      ArmClang.exe V6.13.1
Assembler:       Armasm.exe V6.13.1
Linker/Locator:  ArmLink.exe V6.13.1
Library Manager: ArmAr.exe V6.13.1
Hex Converter:   FromElf.exe V6.13.1
CPU DLL:         SARMCM3.DLL V5.29.0.0
Dialog DLL:      DCM.DLL V1.17.3.0
Target DLL:      Segger\JL2CM3.dll V2.99.36.0
Dialog DLL:      TCM.DLL V1.36.5.0
 
<h2>Project:</h2>
D:\Code\syncdisk\BaiduSyncdisk\Code\AxDr\AxDr_Drag_VF\MDK-ARM\AxDr.uvprojx
Project File Date:  10/28/2025

<h2>Output:</h2>
*** Using Compiler 'V6.13.1', folder: 'D:\Install\Keil_v5\ARM\ARMCLANG\Bin'
Build target 'AxDr'
compiling adc.c...
compiling gpio.c...
compiling stm32g4xx_hal_msp.c...
compiling fdcan.c...
compiling foc_ctrl.c...
compiling foc_drv.c...
compiling dma.c...
compiling vofa.c...
compiling tim.c...
compiling main.c...
compiling spi.c...
compiling stm32g4xx_it.c...
compiling usart.c...
compiling foc_calc.c...
linking...
Program Size: Code=42488 RO-data=616 RW-data=1132 ZI-data=10500  
FromELF: creating hex file...
"AxDr\AxDr.axf" - 0 Error(s), 0 Warning(s).

<h2>Software Packages used:</h2>

Package Vendor: ARM
                http://www.keil.com/pack/ARM.CMSIS.5.6.0.pack
                ARM.CMSIS.5.6.0
                CMSIS (Cortex Microcontroller Software Interface Standard)
   * Component: CORE Version: 5.3.0

Package Vendor: Keil
                http://www.keil.com/pack/Keil.STM32G4xx_DFP.1.4.0.pack
                Keil.STM32G4xx_DFP.1.4.0
                STMicroelectronics STM32G4 Series Device Support, Drivers and Examples

<h2>Collection of Component include folders:</h2>
  .\RTE\_AxDr
  D:\Install\Keil_v5\Packs\ARM\CMSIS\5.6.0\CMSIS\Core\Include
  D:\Install\Keil_v5\Packs\Keil\STM32G4xx_DFP\1.4.0\Drivers\CMSIS\Device\ST\STM32G4xx\Include

<h2>Collection of Component Files used:</h2>

   * Component: ARM::CMSIS:CORE:5.3.0
Build Time Elapsed:  00:00:01
</pre>
</body>
</html>
