Component: ARM Compiler 6.13.1 Tool: armlink [5d895400]

==============================================================================

Section Cross References

    startup_stm32g474xx.o(STACK) refers (Special) to heapauxi.o(.text) for __use_two_region_memory
    startup_stm32g474xx.o(HEAP) refers (Special) to heapauxi.o(.text) for __use_two_region_memory
    startup_stm32g474xx.o(RESET) refers (Special) to heapauxi.o(.text) for __use_two_region_memory
    startup_stm32g474xx.o(RESET) refers to startup_stm32g474xx.o(STACK) for __initial_sp
    startup_stm32g474xx.o(RESET) refers to startup_stm32g474xx.o(.text) for Reset_Handler
    startup_stm32g474xx.o(RESET) refers to stm32g4xx_it.o(.text.NMI_Handler) for NMI_Handler
    startup_stm32g474xx.o(RESET) refers to stm32g4xx_it.o(.text.HardFault_Handler) for HardFault_Handler
    startup_stm32g474xx.o(RESET) refers to stm32g4xx_it.o(.text.MemManage_Handler) for MemManage_Handler
    startup_stm32g474xx.o(RESET) refers to stm32g4xx_it.o(.text.BusFault_Handler) for BusFault_Handler
    startup_stm32g474xx.o(RESET) refers to stm32g4xx_it.o(.text.UsageFault_Handler) for UsageFault_Handler
    startup_stm32g474xx.o(RESET) refers to stm32g4xx_it.o(.text.SVC_Handler) for SVC_Handler
    startup_stm32g474xx.o(RESET) refers to stm32g4xx_it.o(.text.DebugMon_Handler) for DebugMon_Handler
    startup_stm32g474xx.o(RESET) refers to stm32g4xx_it.o(.text.PendSV_Handler) for PendSV_Handler
    startup_stm32g474xx.o(RESET) refers to stm32g4xx_it.o(.text.SysTick_Handler) for SysTick_Handler
    startup_stm32g474xx.o(RESET) refers to stm32g4xx_it.o(.text.DMA1_Channel1_IRQHandler) for DMA1_Channel1_IRQHandler
    startup_stm32g474xx.o(RESET) refers to stm32g4xx_it.o(.text.DMA1_Channel2_IRQHandler) for DMA1_Channel2_IRQHandler
    startup_stm32g474xx.o(RESET) refers to stm32g4xx_it.o(.text.DMA1_Channel3_IRQHandler) for DMA1_Channel3_IRQHandler
    startup_stm32g474xx.o(RESET) refers to stm32g4xx_it.o(.text.DMA1_Channel4_IRQHandler) for DMA1_Channel4_IRQHandler
    startup_stm32g474xx.o(RESET) refers to stm32g4xx_it.o(.text.ADC1_2_IRQHandler) for ADC1_2_IRQHandler
    startup_stm32g474xx.o(RESET) refers to stm32g4xx_it.o(.text.USB_LP_IRQHandler) for USB_LP_IRQHandler
    startup_stm32g474xx.o(RESET) refers to stm32g4xx_it.o(.text.FDCAN1_IT0_IRQHandler) for FDCAN1_IT0_IRQHandler
    startup_stm32g474xx.o(RESET) refers to stm32g4xx_it.o(.text.FDCAN1_IT1_IRQHandler) for FDCAN1_IT1_IRQHandler
    startup_stm32g474xx.o(RESET) refers to stm32g4xx_it.o(.text.TIM1_UP_TIM16_IRQHandler) for TIM1_UP_TIM16_IRQHandler
    startup_stm32g474xx.o(RESET) refers to stm32g4xx_it.o(.text.USART3_IRQHandler) for USART3_IRQHandler
    startup_stm32g474xx.o(.text) refers (Special) to heapauxi.o(.text) for __use_two_region_memory
    startup_stm32g474xx.o(.text) refers to system_stm32g4xx.o(.text.SystemInit) for SystemInit
    startup_stm32g474xx.o(.text) refers to __main.o(!!!main) for __main
    startup_stm32g474xx.o(.text) refers to startup_stm32g474xx.o(HEAP) for Heap_Mem
    startup_stm32g474xx.o(.text) refers to startup_stm32g474xx.o(STACK) for Stack_Mem
    main.o(.text.main) refers to stm32g4xx_hal.o(.text.HAL_Init) for HAL_Init
    main.o(.text.main) refers to stm32g4xx_hal_pwr_ex.o(.text.HAL_PWREx_ControlVoltageScaling) for HAL_PWREx_ControlVoltageScaling
    main.o(.text.main) refers to stm32g4xx_hal_rcc.o(.text.HAL_RCC_OscConfig) for HAL_RCC_OscConfig
    main.o(.text.main) refers to stm32g4xx_hal_rcc.o(.text.HAL_RCC_ClockConfig) for HAL_RCC_ClockConfig
    main.o(.text.main) refers to gpio.o(.text.MX_GPIO_Init) for MX_GPIO_Init
    main.o(.text.main) refers to dma.o(.text.MX_DMA_Init) for MX_DMA_Init
    main.o(.text.main) refers to spi.o(.text.MX_SPI1_Init) for MX_SPI1_Init
    main.o(.text.main) refers to tim.o(.text.MX_TIM1_Init) for MX_TIM1_Init
    main.o(.text.main) refers to tim.o(.text.MX_TIM3_Init) for MX_TIM3_Init
    main.o(.text.main) refers to usb_device.o(.text.MX_USB_Device_Init) for MX_USB_Device_Init
    main.o(.text.main) refers to adc.o(.text.MX_ADC1_Init) for MX_ADC1_Init
    main.o(.text.main) refers to adc.o(.text.MX_ADC2_Init) for MX_ADC2_Init
    main.o(.text.main) refers to usart.o(.text.MX_USART3_UART_Init) for MX_USART3_UART_Init
    main.o(.text.main) refers to fdcan.o(.text.MX_FDCAN1_Init) for MX_FDCAN1_Init
    main.o(.text.main) refers to spi.o(.text.MX_SPI3_Init) for MX_SPI3_Init
    main.o(.text.main) refers to stm32g4xx_hal.o(.text.HAL_Delay) for HAL_Delay
    main.o(.text.main) refers to tim.o(.bss.htim3) for htim3
    main.o(.text.main) refers to stm32g4xx_hal_tim.o(.text.HAL_TIM_Base_Start) for HAL_TIM_Base_Start
    main.o(.text.main) refers to adc.o(.bss.hadc1) for hadc1
    main.o(.text.main) refers to stm32g4xx_hal_adc_ex.o(.text.HAL_ADCEx_Calibration_Start) for HAL_ADCEx_Calibration_Start
    main.o(.text.main) refers to adc.o(.bss.hadc2) for hadc2
[...]
    TIM4_IRQHandler                          0x08000d47   Thumb Code     0  startup_stm32g474xx.o(.text)
    TIM5_IRQHandler                          0x08000d47   Thumb Code     0  startup_stm32g474xx.o(.text)
    TIM6_DAC_IRQHandler                      0x08000d47   Thumb Code     0  startup_stm32g474xx.o(.text)
    TIM7_DAC_IRQHandler                      0x08000d47   Thumb Code     0  startup_stm32g474xx.o(.text)
    TIM8_BRK_IRQHandler                      0x08000d47   Thumb Code     0  startup_stm32g474xx.o(.text)
    TIM8_CC_IRQHandler                       0x08000d47   Thumb Code     0  startup_stm32g474xx.o(.text)
    TIM8_TRG_COM_IRQHandler                  0x08000d47   Thumb Code     0  startup_stm32g474xx.o(.text)
    TIM8_UP_IRQHandler                       0x08000d47   Thumb Code     0  startup_stm32g474xx.o(.text)
    UART4_IRQHandler                         0x08000d47   Thumb Code     0  startup_stm32g474xx.o(.text)
    UART5_IRQHandler                         0x08000d47   Thumb Code     0  startup_stm32g474xx.o(.text)
    UCPD1_IRQHandler                         0x08000d47   Thumb Code     0  startup_stm32g474xx.o(.text)
    USART1_IRQHandler                        0x08000d47   Thumb Code     0  startup_stm32g474xx.o(.text)
    USART2_IRQHandler                        0x08000d47   Thumb Code     0  startup_stm32g474xx.o(.text)
    USBWakeUp_IRQHandler                     0x08000d47   Thumb Code     0  startup_stm32g474xx.o(.text)
    USB_HP_IRQHandler                        0x08000d47   Thumb Code     0  startup_stm32g474xx.o(.text)
    WWDG_IRQHandler                          0x08000d47   Thumb Code     0  startup_stm32g474xx.o(.text)
    __user_initial_stackheap                 0x08000d49   Thumb Code     0  startup_stm32g474xx.o(.text)
    __aeabi_uldivmod                         0x08000d6d   Thumb Code     0  lludivv7m.o(.text)
    _ll_udiv                                 0x08000d6d   Thumb Code   240  lludivv7m.o(.text)
    __aeabi_memclr4                          0x08000e5d   Thumb Code     0  rt_memclr_w.o(.text)
    __aeabi_memclr8                          0x08000e5d   Thumb Code     0  rt_memclr_w.o(.text)
    __rt_memclr_w                            0x08000e5d   Thumb Code    78  rt_memclr_w.o(.text)
    _memset_w                                0x08000e61   Thumb Code     0  rt_memclr_w.o(.text)
    __use_two_region_memory                  0x08000eab   Thumb Code     2  heapauxi.o(.text)
    __rt_heap_escrow$2region                 0x08000ead   Thumb Code     2  heapauxi.o(.text)
    __rt_heap_expand$2region                 0x08000eaf   Thumb Code     2  heapauxi.o(.text)
    __read_errno                             0x08000eb1   Thumb Code    10  _rserrno.o(.text)
    __set_errno                              0x08000ebb   Thumb Code    12  _rserrno.o(.text)
    __aeabi_errno_addr                       0x08000ec9   Thumb Code     8  rt_errno_addr_intlibspace.o(.text)
    __errno$intlibspace                      0x08000ec9   Thumb Code     0  rt_errno_addr_intlibspace.o(.text)
    __rt_errno_addr$intlibspace              0x08000ec9   Thumb Code     0  rt_errno_addr_intlibspace.o(.text)
    __user_libspace                          0x08000ed1   Thumb Code     8  libspace.o(.text)
    __user_perproc_libspace                  0x08000ed1   Thumb Code     0  libspace.o(.text)
    __user_perthread_libspace                0x08000ed1   Thumb Code     0  libspace.o(.text)
    __user_setup_stackheap                   0x08000ed9   Thumb Code    74  sys_stackheap_outer.o(.text)
    exit                                     0x08000f23   Thumb Code    18  exit.o(.text)
    _sys_exit                                0x08000f35   Thumb Code     8  sys_exit.o(.text)
    __I$use$semihosting                      0x08000f41   Thumb Code     0  use_no_semi.o(.text)
    __use_no_semihosting_swi                 0x08000f41   Thumb Code     2  use_no_semi.o(.text)
    __semihosting_library_function           0x08000f43   Thumb Code     0  indicate_semi.o(.text)
    ADC1_2_IRQHandler                        0x08000f45   Thumb Code    30  stm32g4xx_it.o(.text.ADC1_2_IRQHandler)
    ADC_DMAConvCplt                          0x08000f65   Thumb Code   118  stm32g4xx_hal_adc.o(.text.ADC_DMAConvCplt)
    ADC_DMAError                             0x08000fdd   Thumb Code    22  stm32g4xx_hal_adc.o(.text.ADC_DMAError)
    ADC_DMAHalfConvCplt                      0x08000ff5   Thumb Code     6  stm32g4xx_hal_adc.o(.text.ADC_DMAHalfConvCplt)
    ADC_Disable                              0x08000ffd   Thumb Code   124  stm32g4xx_hal_adc.o(.text.ADC_Disable)
    ADC_Enable                               0x08001079   Thumb Code   266  stm32g4xx_hal_adc.o(.text.ADC_Enable)
    BusFault_Handler                         0x08001185   Thumb Code     2  stm32g4xx_it.o(.text.BusFault_Handler)
    CDC_Transmit_FS                          0x080011dd   Thumb Code    54  usbd_cdc_if.o(.text.CDC_Transmit_FS)
    DMA1_Channel1_IRQHandler                 0x08001215   Thumb Code    12  stm32g4xx_it.o(.text.DMA1_Channel1_IRQHandler)
    DMA1_Channel2_IRQHandler                 0x08001221   Thumb Code    12  stm32g4xx_it.o(.text.DMA1_Channel2_IRQHandler)
    DMA1_Channel3_IRQHandler                 0x0800122d   Thumb Code    12  stm32g4xx_it.o(.text.DMA1_Channel3_IRQHandler)
    DMA1_Channel4_IRQHandler                 0x08001239   Thumb Code    12  stm32g4xx_it.o(.text.DMA1_Channel4_IRQHandler)
    DebugMon_Handler                         0x08001245   Thumb Code     2  stm32g4xx_it.o(.text.DebugMon_Handler)
    Error_Handler                            0x08001249   Thumb Code    10  main.o(.text.Error_Handler)
    FDCAN1_IT0_IRQHandler                    0x08001255   Thumb Code    12  stm32g4xx_it.o(.text.FDCAN1_IT0_IRQHandler)
    FDCAN1_IT1_IRQHandler                    0x08001261   Thumb Code    12  stm32g4xx_it.o(.text.FDCAN1_IT1_IRQHandler)
    HAL_ADCEx_Calibration_Start              0x0800126d   Thumb Code   210  stm32g4xx_hal_adc_ex.o(.text.HAL_ADCEx_Calibration_Start)
    HAL_ADCEx_EndOfSamplingCallback          0x08001341   Thumb Code     2  stm32g4xx_hal_adc_ex.o(.text.HAL_ADCEx_EndOfSamplingCallback)
    HAL_ADCEx_InjectedConfigChannel          0x08001345   Thumb Code  1292  stm32g4xx_hal_adc_ex.o(.text.HAL_ADCEx_InjectedConfigChannel)
    HAL_ADCEx_InjectedQueueOverflowCallback  0x08001851   Thumb Code     2  stm32g4xx_hal_adc_ex.o(.text.HAL_ADCEx_InjectedQueueOverflowCallback)
    HAL_ADCEx_InjectedStart                  0x08001855   Thumb Code   292  stm32g4xx_hal_adc_ex.o(.text.HAL_ADCEx_InjectedStart)
    HAL_ADCEx_InjectedStart_IT               0x08001979   Thumb Code   342  stm32g4xx_hal_adc_ex.o(.text.HAL_ADCEx_InjectedStart_IT)
    HAL_ADCEx_LevelOutOfWindow2Callback      0x08001ad1   Thumb Code     2  stm32g4xx_hal_adc_ex.o(.text.HAL_ADCEx_LevelOutOfWindow2Callback)
    HAL_ADCEx_LevelOutOfWindow3Callback      0x08001ad5   Thumb Code     2  stm32g4xx_hal_adc_ex.o(.text.HAL_ADCEx_LevelOutOfWindow3Callback)
    HAL_ADCEx_MultiModeConfigChannel         0x08001ad9   Thumb Code   298  stm32g4xx_hal_adc_ex.o(.text.HAL_ADCEx_MultiModeConfigChannel)
    HAL_ADC_ConfigChannel                    0x08001c05   Thumb Code  1006  stm32g4xx_hal_adc.o(.text.HAL_ADC_ConfigChannel)
    HAL_ADC_ConvCpltCallback                 0x08001ff5   Thumb Code     2  stm32g4xx_hal_adc.o(.text.HAL_ADC_ConvCpltCallback)
    HAL_ADC_ConvHalfCpltCallback             0x08001ff9   Thumb Code     2  stm32g4xx_hal_adc.o(.text.HAL_ADC_ConvHalfCpltCallback)
    HAL_ADC_ErrorCallback                    0x08001ffd   Thumb Code     2  stm32g4xx_hal_adc.o(.text.HAL_ADC_ErrorCallback)
    HAL_ADC_IRQHandler                       0x08002001   Thumb Code   754  stm32g4xx_hal_adc.o(.text.HAL_ADC_IRQHandler)
    HAL_ADC_Init                             0x080022f5   Thumb Code   620  stm32g4xx_hal_adc.o(.text.HAL_ADC_Init)
    HAL_ADC_LevelOutOfWindowCallback         0x08002561   Thumb Code     2  stm32g4xx_hal_adc.o(.text.HAL_ADC_LevelOutOfWindowCallback)
    HAL_ADC_MspInit                          0x08002565   Thumb Code   522  adc.o(.text.HAL_ADC_MspInit)
    HAL_ADC_Start_DMA                        0x08002771   Thumb Code   312  stm32g4xx_hal_adc.o(.text.HAL_ADC_Start_DMA)
    HAL_DMA_Abort                            0x080028a9   Thumb Code   110  stm32g4xx_hal_dma.o(.text.HAL_DMA_Abort)
    HAL_DMA_Abort_IT                         0x08002919   Thumb Code   122  stm32g4xx_hal_dma.o(.text.HAL_DMA_Abort_IT)
    HAL_DMA_IRQHandler                       0x08002995   Thumb Code   176  stm32g4xx_hal_dma.o(.text.HAL_DMA_IRQHandler)
    HAL_DMA_Init                             0x08002a45   Thumb Code   286  stm32g4xx_hal_dma.o(.text.HAL_DMA_Init)
    HAL_DMA_Start_IT                         0x08002b65   Thumb Code   228  stm32g4xx_hal_dma.o(.text.HAL_DMA_Start_IT)
    HAL_Delay                                0x08002c49   Thumb Code    40  stm32g4xx_hal.o(.text.HAL_Delay)
    HAL_FDCAN_ErrorCallback                  0x08002c71   Thumb Code     2  stm32g4xx_hal_fdcan.o(.text.HAL_FDCAN_ErrorCallback)
    HAL_FDCAN_ErrorStatusCallback            0x08002c75   Thumb Code     2  stm32g4xx_hal_fdcan.o(.text.HAL_FDCAN_ErrorStatusCallback)
    HAL_FDCAN_HighPriorityMessageCallback    0x08002c79   Thumb Code     2  stm32g4xx_hal_fdcan.o(.text.HAL_FDCAN_HighPriorityMessageCallback)
    HAL_FDCAN_IRQHandler                     0x08002c7d   Thumb Code   376  stm32g4xx_hal_fdcan.o(.text.HAL_FDCAN_IRQHandler)
    HAL_FDCAN_Init                           0x08002df5   Thumb Code   526  stm32g4xx_hal_fdcan.o(.text.HAL_FDCAN_Init)
    HAL_FDCAN_MspInit                        0x08003005   Thumb Code   184  fdcan.o(.text.HAL_FDCAN_MspInit)
    HAL_FDCAN_RxFifo0Callback                0x080030bd   Thumb Code     2  stm32g4xx_hal_fdcan.o(.text.HAL_FDCAN_RxFifo0Callback)
    HAL_FDCAN_RxFifo1Callback                0x080030c1   Thumb Code     2  stm32g4xx_hal_fdcan.o(.text.HAL_FDCAN_RxFifo1Callback)
    HAL_FDCAN_TimeoutOccurredCallback        0x080030c5   Thumb Code     2  stm32g4xx_hal_fdcan.o(.text.HAL_FDCAN_TimeoutOccurredCallback)
    HAL_FDCAN_TimestampWraparoundCallback    0x080030c9   Thumb Code     2  stm32g4xx_hal_fdcan.o(.text.HAL_FDCAN_TimestampWraparoundCallback)
    HAL_FDCAN_TxBufferAbortCallback          0x080030cd   Thumb Code     2  stm32g4xx_hal_fdcan.o(.text.HAL_FDCAN_TxBufferAbortCallback)
    HAL_FDCAN_TxBufferCompleteCallback       0x080030d1   Thumb Code     2  stm32g4xx_hal_fdcan.o(.text.HAL_FDCAN_TxBufferCompleteCallback)
    HAL_FDCAN_TxEventFifoCallback            0x080030d5   Thumb Code     2  stm32g4xx_hal_fdcan.o(.text.HAL_FDCAN_TxEventFifoCallback)
    HAL_FDCAN_TxFifoEmptyCallback            0x080030d9   Thumb Code     2  stm32g4xx_hal_fdcan.o(.text.HAL_FDCAN_TxFifoEmptyCallback)
    HAL_GPIO_Init                            0x080030dd   Thumb Code   474  stm32g4xx_hal_gpio.o(.text.HAL_GPIO_Init)
    HAL_GPIO_WritePin                        0x080032b9   Thumb Code    12  stm32g4xx_hal_gpio.o(.text.HAL_GPIO_WritePin)
    HAL_GetTick                              0x080032c5   Thumb Code    12  stm32g4xx_hal.o(.text.HAL_GetTick)
    HAL_IncTick                              0x080032d1   Thumb Code    26  stm32g4xx_hal.o(.text.HAL_IncTick)
    HAL_Init                                 0x080032ed   Thumb Code    30  stm32g4xx_hal.o(.text.HAL_Init)
    HAL_InitTick                             0x0800330d   Thumb Code    78  stm32g4xx_hal.o(.text.HAL_InitTick)
    HAL_MspInit                              0x0800335d   Thumb Code    52  stm32g4xx_hal_msp.o(.text.HAL_MspInit)
    HAL_NVIC_EnableIRQ                       0x08003391   Thumb Code    32  stm32g4xx_hal_cortex.o(.text.HAL_NVIC_EnableIRQ)
    HAL_NVIC_SetPriority                     0x080033b1   Thumb Code    86  stm32g4xx_hal_cortex.o(.text.HAL_NVIC_SetPriority)
    HAL_NVIC_SetPriorityGrouping             0x08003409   Thumb Code    32  stm32g4xx_hal_cortex.o(.text.HAL_NVIC_SetPriorityGrouping)
    HAL_PCDEx_ActivateLPM                    0x08003429   Thumb Code    42  stm32g4xx_hal_pcd_ex.o(.text.HAL_PCDEx_ActivateLPM)
    HAL_PCDEx_LPM_Callback                   0x08003455   Thumb Code    80  usbd_conf.o(.text.HAL_PCDEx_LPM_Callback)
    HAL_PCDEx_PMAConfig                      0x080034a5   Thumb Code    70  stm32g4xx_hal_pcd_ex.o(.text.HAL_PCDEx_PMAConfig)
    HAL_PCD_DataInStageCallback              0x080034ed   Thumb Code    20  usbd_conf.o(.text.HAL_PCD_DataInStageCallback)
    HAL_PCD_DataOutStageCallback             0x08003501   Thumb Code    22  usbd_conf.o(.text.HAL_PCD_DataOutStageCallback)
    HAL_PCD_EP_Close                         0x08003519   Thumb Code    74  stm32g4xx_hal_pcd.o(.text.HAL_PCD_EP_Close)
    HAL_PCD_EP_ClrStall                      0x08003565   Thumb Code    96  stm32g4xx_hal_pcd.o(.text.HAL_PCD_EP_ClrStall)
    HAL_PCD_EP_GetRxCount                    0x080035c5   Thumb Code    18  stm32g4xx_hal_pcd.o(.text.HAL_PCD_EP_GetRxCount)
    HAL_PCD_EP_Open                          0x080035d9   Thumb Code    92  stm32g4xx_hal_pcd.o(.text.HAL_PCD_EP_Open)
    HAL_PCD_EP_Receive                       0x08003635   Thumb Code    50  stm32g4xx_hal_pcd.o(.text.HAL_PCD_EP_Receive)
    HAL_PCD_EP_SetStall                      0x08003669   Thumb Code    94  stm32g4xx_hal_pcd.o(.text.HAL_PCD_EP_SetStall)
    HAL_PCD_EP_Transmit                      0x080036c9   Thumb Code    54  stm32g4xx_hal_pcd.o(.text.HAL_PCD_EP_Transmit)
    HAL_PCD_IRQHandler                       0x08003701   Thumb Code  2434  stm32g4xx_hal_pcd.o(.text.HAL_PCD_IRQHandler)
    HAL_PCD_Init                             0x08004085   Thumb Code   540  stm32g4xx_hal_pcd.o(.text.HAL_PCD_Init)
    HAL_PCD_MspInit                          0x080042a1   Thumb Code   102  usbd_conf.o(.text.HAL_PCD_MspInit)
    HAL_PCD_ResetCallback                    0x08004309   Thumb Code    36  usbd_conf.o(.text.HAL_PCD_ResetCallback)
    HAL_PCD_ResumeCallback                   0x0800432d   Thumb Code    40  usbd_conf.o(.text.HAL_PCD_ResumeCallback)
    HAL_PCD_SOFCallback                      0x08004355   Thumb Code     8  usbd_conf.o(.text.HAL_PCD_SOFCallback)
    HAL_PCD_SetAddress                       0x0800435d   Thumb Code    38  stm32g4xx_hal_pcd.o(.text.HAL_PCD_SetAddress)
    HAL_PCD_SetupStageCallback               0x08004385   Thumb Code    14  usbd_conf.o(.text.HAL_PCD_SetupStageCallback)
    HAL_PCD_Start                            0x08004395   Thumb Code    42  stm32g4xx_hal_pcd.o(.text.HAL_PCD_Start)
    HAL_PCD_SuspendCallback                  0x080043c1   Thumb Code    38  usbd_conf.o(.text.HAL_PCD_SuspendCallback)
    HAL_PWREx_ControlVoltageScaling          0x080043e9   Thumb Code   302  stm32g4xx_hal_pwr_ex.o(.text.HAL_PWREx_ControlVoltageScaling)
    HAL_PWREx_DisableUCPDDeadBattery         0x08004519   Thumb Code    18  stm32g4xx_hal_pwr_ex.o(.text.HAL_PWREx_DisableUCPDDeadBattery)
    HAL_RCCEx_PeriphCLKConfig                0x0800452d   Thumb Code   750  stm32g4xx_hal_rcc_ex.o(.text.HAL_RCCEx_PeriphCLKConfig)
    HAL_RCC_ClockConfig                      0x0800481d   Thumb Code   784  stm32g4xx_hal_rcc.o(.text.HAL_RCC_ClockConfig)
    HAL_RCC_GetPCLK1Freq                     0x08004b2d   Thumb Code    42  stm32g4xx_hal_rcc.o(.text.HAL_RCC_GetPCLK1Freq)
    HAL_RCC_GetPCLK2Freq                     0x08004b59   Thumb Code    42  stm32g4xx_hal_rcc.o(.text.HAL_RCC_GetPCLK2Freq)
    HAL_RCC_GetSysClockFreq                  0x08004b85   Thumb Code   122  stm32g4xx_hal_rcc.o(.text.HAL_RCC_GetSysClockFreq)
    HAL_RCC_OscConfig                        0x08004c01   Thumb Code  1142  stm32g4xx_hal_rcc.o(.text.HAL_RCC_OscConfig)
    HAL_SPI_Init                             0x08005079   Thumb Code   226  stm32g4xx_hal_spi.o(.text.HAL_SPI_Init)
    HAL_SPI_MspInit                          0x0800515d   Thumb Code   190  spi.o(.text.HAL_SPI_MspInit)
    HAL_SYSTICK_Config                       0x0800521d   Thumb Code    44  stm32g4xx_hal_cortex.o(.text.HAL_SYSTICK_Config)
    HAL_TIMEx_Break2Callback                 0x08005249   Thumb Code     2  stm32g4xx_hal_tim_ex.o(.text.HAL_TIMEx_Break2Callback)
    HAL_TIMEx_BreakCallback                  0x0800524d   Thumb Code     2  stm32g4xx_hal_tim_ex.o(.text.HAL_TIMEx_BreakCallback)
    HAL_TIMEx_CommutCallback                 0x08005251   Thumb Code     2  stm32g4xx_hal_tim_ex.o(.text.HAL_TIMEx_CommutCallback)
    HAL_TIMEx_ConfigBreakDeadTime            0x08005255   Thumb Code   220  stm32g4xx_hal_tim_ex.o(.text.HAL_TIMEx_ConfigBreakDeadTime)
    HAL_TIMEx_DirectionChangeCallback        0x08005331   Thumb Code     2  stm32g4xx_hal_tim_ex.o(.text.HAL_TIMEx_DirectionChangeCallback)
    HAL_TIMEx_EncoderIndexCallback           0x08005335   Thumb Code     2  stm32g4xx_hal_tim_ex.o(.text.HAL_TIMEx_EncoderIndexCallback)
    HAL_TIMEx_IndexErrorCallback             0x08005339   Thumb Code     2  stm32g4xx_hal_tim_ex.o(.text.HAL_TIMEx_IndexErrorCallback)
    HAL_TIMEx_MasterConfigSynchronization    0x0800533d   Thumb Code   236  stm32g4xx_hal_tim_ex.o(.text.HAL_TIMEx_MasterConfigSynchronization)
    HAL_TIMEx_PWMN_Start                     0x08005429   Thumb Code   288  stm32g4xx_hal_tim_ex.o(.text.HAL_TIMEx_PWMN_Start)
    HAL_TIMEx_PWMN_Stop                      0x08005549   Thumb Code   144  stm32g4xx_hal_tim_ex.o(.text.HAL_TIMEx_PWMN_Stop)
    HAL_TIMEx_TransitionErrorCallback        0x080055d9   Thumb Code     2  stm32g4xx_hal_tim_ex.o(.text.HAL_TIMEx_TransitionErrorCallback)
    HAL_TIM_Base_Init                        0x080055dd   Thumb Code    98  stm32g4xx_hal_tim.o(.text.HAL_TIM_Base_Init)
    HAL_TIM_Base_MspInit                     0x08005641   Thumb Code   108  tim.o(.text.HAL_TIM_Base_MspInit)
    HAL_TIM_Base_Start                       0x080056ad   Thumb Code   202  stm32g4xx_hal_tim.o(.text.HAL_TIM_Base_Start)
    HAL_TIM_ConfigClockSource                0x08005779   Thumb Code   552  stm32g4xx_hal_tim.o(.text.HAL_TIM_ConfigClockSource)
    HAL_TIM_IC_CaptureCallback               0x080059a1   Thumb Code     2  stm32g4xx_hal_tim.o(.text.HAL_TIM_IC_CaptureCallback)
    HAL_TIM_IRQHandler                       0x080059a5   Thumb Code   518  stm32g4xx_hal_tim.o(.text.HAL_TIM_IRQHandler)
    HAL_TIM_MspPostInit                      0x08005bad   Thumb Code   178  tim.o(.text.HAL_TIM_MspPostInit)
    HAL_TIM_OC_DelayElapsedCallback          0x08005c61   Thumb Code     2  stm32g4xx_hal_tim.o(.text.HAL_TIM_OC_DelayElapsedCallback)
    HAL_TIM_PWM_ConfigChannel                0x08005c65   Thumb Code  1010  stm32g4xx_hal_tim.o(.text.HAL_TIM_PWM_ConfigChannel)
    HAL_TIM_PWM_Init                         0x08006059   Thumb Code    98  stm32g4xx_hal_tim.o(.text.HAL_TIM_PWM_Init)
    HAL_TIM_PWM_MspInit                      0x080060bd   Thumb Code     2  stm32g4xx_hal_tim.o(.text.HAL_TIM_PWM_MspInit)
    HAL_TIM_PWM_PulseFinishedCallback        0x080060c1   Thumb Code     2  stm32g4xx_hal_tim.o(.text.HAL_TIM_PWM_PulseFinishedCallback)
    HAL_TIM_PWM_Start                        0x080060c5   Thumb Code   426  stm32g4xx_hal_tim.o(.text.HAL_TIM_PWM_Start)
    HAL_TIM_PWM_Stop                         0x08006271   Thumb Code   212  stm32g4xx_hal_tim.o(.text.HAL_TIM_PWM_Stop)
    HAL_TIM_PeriodElapsedCallback            0x08006345   Thumb Code     2  stm32g4xx_hal_tim.o(.text.HAL_TIM_PeriodElapsedCallback)
    HAL_TIM_TriggerCallback                  0x08006349   Thumb Code     2  stm32g4xx_hal_tim.o(.text.HAL_TIM_TriggerCallback)
    HAL_UARTEx_DisableFifoMode               0x0800634d   Thumb Code    56  stm32g4xx_hal_uart_ex.o(.text.HAL_UARTEx_DisableFifoMode)
    HAL_UARTEx_RxEventCallback               0x08006385   Thumb Code     2  stm32g4xx_hal_uart.o(.text.HAL_UARTEx_RxEventCallback)
    HAL_UARTEx_RxFifoFullCallback            0x08006389   Thumb Code     2  stm32g4xx_hal_uart_ex.o(.text.HAL_UARTEx_RxFifoFullCallback)
    HAL_UARTEx_SetRxFifoThreshold            0x0800638d   Thumb Code   146  stm32g4xx_hal_uart_ex.o(.text.HAL_UARTEx_SetRxFifoThreshold)
    HAL_UARTEx_SetTxFifoThreshold            0x08006421   Thumb Code   146  stm32g4xx_hal_uart_ex.o(.text.HAL_UARTEx_SetTxFifoThreshold)
    HAL_UARTEx_TxFifoEmptyCallback           0x080064b5   Thumb Code     2  stm32g4xx_hal_uart_ex.o(.text.HAL_UARTEx_TxFifoEmptyCallback)
    HAL_UARTEx_WakeupCallback                0x080064b9   Thumb Code     2  stm32g4xx_hal_uart_ex.o(.text.HAL_UARTEx_WakeupCallback)
    HAL_UART_ErrorCallback                   0x080064bd   Thumb Code     2  stm32g4xx_hal_uart.o(.text.HAL_UART_ErrorCallback)
    HAL_UART_IRQHandler                      0x080064c1   Thumb Code  1674  stm32g4xx_hal_uart.o(.text.HAL_UART_IRQHandler)
    HAL_UART_Init                            0x08006b4d   Thumb Code   100  stm32g4xx_hal_uart.o(.text.HAL_UART_Init)
    HAL_UART_MspInit                         0x08006bb1   Thumb Code   272  usart.o(.text.HAL_UART_MspInit)
    HAL_UART_TxCpltCallback                  0x08006cc1   Thumb Code     2  stm32g4xx_hal_uart.o(.text.HAL_UART_TxCpltCallback)
    HardFault_Handler                        0x08006cc5   Thumb Code     2  stm32g4xx_it.o(.text.HardFault_Handler)
    MX_ADC1_Init                             0x08006cc9   Thumb Code   370  adc.o(.text.MX_ADC1_Init)
    MX_ADC2_Init                             0x08006e3d   Thumb Code   330  adc.o(.text.MX_ADC2_Init)
    MX_DMA_Init                              0x08006f89   Thumb Code   118  dma.o(.text.MX_DMA_Init)
    MX_FDCAN1_Init                           0x08007001   Thumb Code    96  fdcan.o(.text.MX_FDCAN1_Init)
    MX_GPIO_Init                             0x08007061   Thumb Code   336  gpio.o(.text.MX_GPIO_Init)
    MX_SPI1_Init                             0x080071b1   Thumb Code    82  spi.o(.text.MX_SPI1_Init)
    MX_SPI3_Init                             0x08007205   Thumb Code    80  spi.o(.text.MX_SPI3_Init)
    MX_TIM1_Init                             0x08007255   Thumb Code   354  tim.o(.text.MX_TIM1_Init)
    MX_TIM3_Init                             0x080073b9   Thumb Code   124  tim.o(.text.MX_TIM3_Init)
    MX_USART3_UART_Init                      0x08007435   Thumb Code   130  usart.o(.text.MX_USART3_UART_Init)
    MX_USB_Device_Init                       0x080074b9   Thumb Code   114  usb_device.o(.text.MX_USB_Device_Init)
    MemManage_Handler                        0x0800752d   Thumb Code     2  stm32g4xx_it.o(.text.MemManage_Handler)
    NMI_Handler                              0x08007531   Thumb Code     2  stm32g4xx_it.o(.text.NMI_Handler)
    PendSV_Handler                           0x08007535   Thumb Code     2  stm32g4xx_it.o(.text.PendSV_Handler)
    SVC_Handler                              0x08007539   Thumb Code     2  stm32g4xx_it.o(.text.SVC_Handler)
    SysTick_Handler                          0x0800753d   Thumb Code     4  stm32g4xx_it.o(.text.SysTick_Handler)
    SystemClock_Config                       0x08007541   Thumb Code   118  main.o(.text.SystemClock_Config)
    SystemInit                               0x080075b9   Thumb Code    18  system_stm32g4xx.o(.text.SystemInit)
    TIM1_UP_TIM16_IRQHandler                 0x080075cd   Thumb Code    12  stm32g4xx_it.o(.text.TIM1_UP_TIM16_IRQHandler)
    TIM_Base_SetConfig                       0x080075d9   Thumb Code   356  stm32g4xx_hal_tim.o(.text.TIM_Base_SetConfig)
    UART_AdvFeatureConfig                    0x0800773d   Thumb Code   230  stm32g4xx_hal_uart.o(.text.UART_AdvFeatureConfig)
    UART_CheckIdleState                      0x08007825   Thumb Code   362  stm32g4xx_hal_uart.o(.text.UART_CheckIdleState)
    UART_SetConfig                           0x0800799d   Thumb Code   700  stm32g4xx_hal_uart.o(.text.UART_SetConfig)
    UART_WaitOnFlagUntilTimeout              0x08007c59   Thumb Code   846  stm32g4xx_hal_uart.o(.text.UART_WaitOnFlagUntilTimeout)
    USART3_IRQHandler                        0x08007fa9   Thumb Code    12  stm32g4xx_it.o(.text.USART3_IRQHandler)
    USBD_CDC_ConfigStrDescriptor             0x08007fb5   Thumb Code    36  usbd_desc.o(.text.USBD_CDC_ConfigStrDescriptor)
    USBD_CDC_DeviceDescriptor                0x080080b9   Thumb Code    14  usbd_desc.o(.text.USBD_CDC_DeviceDescriptor)
    USBD_CDC_GetDeviceQualifierDescriptor    0x080080fd   Thumb Code    16  usbd_cdc.o(.text.USBD_CDC_GetDeviceQualifierDescriptor)
    USBD_CDC_InterfaceStrDescriptor          0x080081d5   Thumb Code    40  usbd_desc.o(.text.USBD_CDC_InterfaceStrDescriptor)
    USBD_CDC_LangIDStrDescriptor             0x080081fd   Thumb Code    14  usbd_desc.o(.text.USBD_CDC_LangIDStrDescriptor)
    USBD_CDC_ManufacturerStrDescriptor       0x0800820d   Thumb Code    44  usbd_desc.o(.text.USBD_CDC_ManufacturerStrDescriptor)
    USBD_CDC_ProductStrDescriptor            0x08008239   Thumb Code    48  usbd_desc.o(.text.USBD_CDC_ProductStrDescriptor)
    USBD_CDC_ReceivePacket                   0x08008269   Thumb Code    42  usbd_cdc.o(.text.USBD_CDC_ReceivePacket)
    USBD_CDC_RegisterInterface               0x08008295   Thumb Code    14  usbd_cdc.o(.text.USBD_CDC_RegisterInterface)
    USBD_CDC_SerialStrDescriptor             0x080082a5   Thumb Code   362  usbd_desc.o(.text.USBD_CDC_SerialStrDescriptor)
    USBD_CDC_SetRxBuffer                     0x08008411   Thumb Code    18  usbd_cdc.o(.text.USBD_CDC_SetRxBuffer)
    USBD_CDC_SetTxBuffer                     0x08008425   Thumb Code    22  usbd_cdc.o(.text.USBD_CDC_SetTxBuffer)
    USBD_CDC_TransmitPacket                  0x0800852d   Thumb Code    56  usbd_cdc.o(.text.USBD_CDC_TransmitPacket)
    USBD_ClrClassConfig                      0x08008565   Thumb Code    16  usbd_core.o(.text.USBD_ClrClassConfig)
    USBD_CtlContinueRx                       0x08008575   Thumb Code    16  usbd_ioreq.o(.text.USBD_CtlContinueRx)
    USBD_CtlContinueSendData                 0x08008585   Thumb Code    16  usbd_ioreq.o(.text.USBD_CtlContinueSendData)
    USBD_CtlError                            0x08008595   Thumb Code    22  usbd_ctlreq.o(.text.USBD_CtlError)
    USBD_CtlPrepareRx                        0x080085ad   Thumb Code    26  usbd_ioreq.o(.text.USBD_CtlPrepareRx)
    USBD_CtlReceiveStatus                    0x080085c9   Thumb Code    22  usbd_ioreq.o(.text.USBD_CtlReceiveStatus)
    USBD_CtlSendData                         0x080085e1   Thumb Code    26  usbd_ioreq.o(.text.USBD_CtlSendData)
    USBD_CtlSendStatus                       0x080085fd   Thumb Code    22  usbd_ioreq.o(.text.USBD_CtlSendStatus)
    USBD_GetString                           0x08008615   Thumb Code   204  usbd_ctlreq.o(.text.USBD_GetString)
    USBD_Init                                0x080086e1   Thumb Code    42  usbd_core.o(.text.USBD_Init)
    USBD_LL_ClearStallEP                     0x0800870d   Thumb Code    36  usbd_conf.o(.text.USBD_LL_ClearStallEP)
    USBD_LL_CloseEP                          0x08008731   Thumb Code    36  usbd_conf.o(.text.USBD_LL_CloseEP)
    USBD_LL_DataInStage                      0x08008755   Thumb Code   166  usbd_core.o(.text.USBD_LL_DataInStage)
    USBD_LL_DataOutStage                     0x080087fd   Thumb Code   106  usbd_core.o(.text.USBD_LL_DataOutStage)
    USBD_LL_GetRxDataSize                    0x08008869   Thumb Code     8  usbd_conf.o(.text.USBD_LL_GetRxDataSize)
    USBD_LL_Init                             0x08008871   Thumb Code   134  usbd_conf.o(.text.USBD_LL_Init)
    USBD_LL_IsStallEP                        0x080088f9   Thumb Code    32  usbd_conf.o(.text.USBD_LL_IsStallEP)
    USBD_LL_OpenEP                           0x08008919   Thumb Code    42  usbd_conf.o(.text.USBD_LL_OpenEP)
    USBD_LL_PrepareReceive                   0x08008945   Thumb Code    36  usbd_conf.o(.text.USBD_LL_PrepareReceive)
    USBD_LL_Reset                            0x08008969   Thumb Code   102  usbd_core.o(.text.USBD_LL_Reset)
    USBD_LL_Resume                           0x080089d1   Thumb Code    20  usbd_core.o(.text.USBD_LL_Resume)
    USBD_LL_SOF                              0x080089e5   Thumb Code    30  usbd_core.o(.text.USBD_LL_SOF)
    USBD_LL_SetSpeed                         0x08008a05   Thumb Code     8  usbd_core.o(.text.USBD_LL_SetSpeed)
    USBD_LL_SetUSBAddress                    0x08008a0d   Thumb Code    36  usbd_conf.o(.text.USBD_LL_SetUSBAddress)
    USBD_LL_SetupStage                       0x08008a31   Thumb Code    96  usbd_core.o(.text.USBD_LL_SetupStage)
    USBD_LL_StallEP                          0x08008a91   Thumb Code    36  usbd_conf.o(.text.USBD_LL_StallEP)
    USBD_LL_Start                            0x08008ab5   Thumb Code    36  usbd_conf.o(.text.USBD_LL_Start)
    USBD_LL_Suspend                          0x08008ad9   Thumb Code    20  usbd_core.o(.text.USBD_LL_Suspend)
    USBD_LL_Transmit                         0x08008aed   Thumb Code    36  usbd_conf.o(.text.USBD_LL_Transmit)
    USBD_ParseSetupRequest                   0x08008b11   Thumb Code    22  usbd_ctlreq.o(.text.USBD_ParseSetupRequest)
    USBD_RegisterClass                       0x08008b29   Thumb Code    44  usbd_core.o(.text.USBD_RegisterClass)
    USBD_SetClassConfig                      0x08008b55   Thumb Code    16  usbd_core.o(.text.USBD_SetClassConfig)
    USBD_Start                               0x08008b65   Thumb Code     4  usbd_core.o(.text.USBD_Start)
    USBD_StdDevReq                           0x08008b69   Thumb Code   928  usbd_ctlreq.o(.text.USBD_StdDevReq)
    USBD_StdEPReq                            0x08008f09   Thumb Code   346  usbd_ctlreq.o(.text.USBD_StdEPReq)
    USBD_StdItfReq                           0x08009065   Thumb Code   116  usbd_ctlreq.o(.text.USBD_StdItfReq)
    USBD_static_free                         0x080090d9   Thumb Code     2  usbd_conf.o(.text.USBD_static_free)
    USBD_static_malloc                       0x080090dd   Thumb Code    10  usbd_conf.o(.text.USBD_static_malloc)
    USB_ActivateEndpoint                     0x080090e9   Thumb Code   724  stm32g4xx_ll_usb.o(.text.USB_ActivateEndpoint)
    USB_DeactivateEndpoint                   0x080093bd   Thumb Code   260  stm32g4xx_ll_usb.o(.text.USB_DeactivateEndpoint)
    USB_DevConnect                           0x080094c1   Thumb Code    18  stm32g4xx_ll_usb.o(.text.USB_DevConnect)
    USB_DevInit                              0x080094d5   Thumb Code    26  stm32g4xx_ll_usb.o(.text.USB_DevInit)
    USB_DisableGlobalInt                     0x080094f1   Thumb Code    20  stm32g4xx_ll_usb.o(.text.USB_DisableGlobalInt)
    USB_EPClearStall                         0x08009505   Thumb Code   124  stm32g4xx_ll_usb.o(.text.USB_EPClearStall)
    USB_EPSetStall                           0x08009581   Thumb Code    50  stm32g4xx_ll_usb.o(.text.USB_EPSetStall)
    USB_EPStartXfer                          0x080095b5   Thumb Code  1722  stm32g4xx_ll_usb.o(.text.USB_EPStartXfer)
    USB_EnableGlobalInt                      0x08009c71   Thumb Code    20  stm32g4xx_ll_usb.o(.text.USB_EnableGlobalInt)
    USB_LP_IRQHandler                        0x08009c85   Thumb Code    12  stm32g4xx_it.o(.text.USB_LP_IRQHandler)
    USB_ReadInterrupts                       0x08009c91   Thumb Code     6  stm32g4xx_ll_usb.o(.text.USB_ReadInterrupts)
    USB_ReadPMA                              0x08009c99   Thumb Code   178  stm32g4xx_ll_usb.o(.text.USB_ReadPMA)
    USB_SetDevAddress                        0x08009d4d   Thumb Code    14  stm32g4xx_ll_usb.o(.text.USB_SetDevAddress)
    USB_WritePMA                             0x08009d5d   Thumb Code   130  stm32g4xx_ll_usb.o(.text.USB_WritePMA)
    UsageFault_Handler                       0x08009de1   Thumb Code     2  stm32g4xx_it.o(.text.UsageFault_Handler)
    main                                     0x08009de5   Thumb Code   290  main.o(.text.main)
    pmsm_init                                0x08009f09   Thumb Code   568  foc_drv.o(.text.pmsm_init)
    svm                                      0x0800a141   Thumb Code   496  foc_calc.o(.text.svm)
    __ARM_fpclassifyf                        0x0800a331   Thumb Code    38  fpclassifyf.o(i.__ARM_fpclassifyf)
    __hardfp_cosf                            0x0800a359   Thumb Code   280  cosf.o(i.__hardfp_cosf)
    __hardfp_sinf                            0x0800a4a9   Thumb Code   344  sinf.o(i.__hardfp_sinf)
    __mathlib_flt_infnan                     0x0800a639   Thumb Code     6  funder.o(i.__mathlib_flt_infnan)
    __mathlib_flt_invalid                    0x0800a641   Thumb Code    10  funder.o(i.__mathlib_flt_invalid)
    __mathlib_flt_underflow                  0x0800a651   Thumb Code    10  funder.o(i.__mathlib_flt_underflow)
    __mathlib_rredf2                         0x0800a661   Thumb Code   316  rredf.o(i.__mathlib_rredf2)
    _fp_init                                 0x0800a7b5   Thumb Code    26  fpinit.o(x$fpl$fpinit)
    __fplib_config_fpu_vfp                   0x0800a7cd   Thumb Code     0  fpinit.o(x$fpl$fpinit)
    __fplib_config_pureend_doubles           0x0800a7cd   Thumb Code     0  fpinit.o(x$fpl$fpinit)
    __I$use$fp                               0x0800a7ce   Number         0  usenofp.o(x$fpl$usenofp)
    AHBPrescTable                            0x0800a7f0   Data          16  system_stm32g4xx.o(.rodata.AHBPrescTable)
    APBPrescTable                            0x0800a800   Data           8  system_stm32g4xx.o(.rodata.APBPrescTable)
    UARTPrescTable                           0x0800a808   Data          24  stm32g4xx_hal_uart.o(.rodata.UARTPrescTable)
    Region$$Table$$Base                      0x0800a840   Number         0  anon$$obj.o(Region$$Table)
    Region$$Table$$Limit                     0x0800a860   Number         0  anon$$obj.o(Region$$Table)
    pm                                       0x20000000   Data         744  foc_drv.o(.data)
    uwTickPrio                               0x200002e8   Data           4  stm32g4xx_hal.o(.data..L_MergedGlobals)
    uwTickFreq                               0x200002ec   Data           4  stm32g4xx_hal.o(.data..L_MergedGlobals)
    CDC_Desc                                 0x200002f0   Data          32  usbd_desc.o(.data.CDC_Desc)
    SystemCoreClock                          0x20000310   Data           4  system_stm32g4xx.o(.data.SystemCoreClock)
    USBD_CDC                                 0x20000314   Data          56  usbd_cdc.o(.data.USBD_CDC)
    USBD_CDC_DeviceDesc                      0x200003d4   Data          18  usbd_desc.o(.data.USBD_CDC_DeviceDesc)
    USBD_Interface_fops_FS                   0x20000438   Data          20  usbd_cdc_if.o(.data.USBD_Interface_fops_FS)
    USBD_LangIDDesc                          0x2000044c   Data           4  usbd_desc.o(.data.USBD_LangIDDesc)
    USBD_StringSerial                        0x20000450   Data          26  usbd_desc.o(.data.USBD_StringSerial)
    __libspace_start                         0x20000470   Data          96  libspace.o(.bss)
    __temporary_stack_top$libspace           0x200004d0   Data           0  libspace.o(.bss)
    adc1_buff                                0x200004d0   Data           4  main.o(.bss..L_MergedGlobals)
    adc2_buff                                0x200004d4   Data           8  main.o(.bss..L_MergedGlobals)
    hdma_adc1                                0x200004e0   Data          96  adc.o(.bss..L_MergedGlobals)
    cnt                                      0x20000540   Data           2  vofa.o(.bss..L_MergedGlobals)
    USBD_StrDesc                             0x2000054c   Data         512  usbd_desc.o(.bss.USBD_StrDesc)
    UserRxBufferFS                           0x2000096c   Data        2048  usbd_cdc_if.o(.bss.UserRxBufferFS)
    UserTxBufferFS                           0x2000116c   Data        2048  usbd_cdc_if.o(.bss.UserTxBufferFS)
    hUsbDeviceFS                             0x20001970   Data         720  usb_device.o(.bss.hUsbDeviceFS)
    hadc1                                    0x20001c40   Data         108  adc.o(.bss.hadc1)
    hadc2                                    0x20001cac   Data         108  adc.o(.bss.hadc2)
    hdma_adc2                                0x20001d18   Data          96  adc.o(.bss.hdma_adc2)
    hdma_usart3_rx                           0x20001d78   Data          96  usart.o(.bss.hdma_usart3_rx)
    hdma_usart3_tx                           0x20001dd8   Data          96  usart.o(.bss.hdma_usart3_tx)
    hfdcan1                                  0x20001e38   Data         100  fdcan.o(.bss.hfdcan1)
    hpcd_USB_FS                              0x20001e9c   Data         732  usbd_conf.o(.bss.hpcd_USB_FS)
    hspi1                                    0x20002178   Data         100  spi.o(.bss.hspi1)
    hspi3                                    0x200021dc   Data         100  spi.o(.bss.hspi3)
    htim1                                    0x20002240   Data          76  tim.o(.bss.htim1)
    htim3                                    0x2000228c   Data          76  tim.o(.bss.htim3)
    huart3                                   0x200022d8   Data         148  usart.o(.bss.huart3)
    send_buf                                 0x2000236c   Data        1024  vofa.o(.bss.send_buf)
    uwTick                                   0x2000276c   Data           4  stm32g4xx_hal.o(.bss.uwTick)



==============================================================================

Memory Map of the image

  Image Entry point : 0x080001d9

  Load Region LR_IROM1 (Base: 0x08000000, Size: 0x0000acd0, Max: 0x00080000, ABSOLUTE, COMPRESSED[0x0000a928])

    Execution Region ER_IROM1 (Exec base: 0x08000000, Load base: 0x08000000, Size: 0x0000a860, Max: 0x00080000, ABSOLUTE)

    Exec Addr    Load Addr    Size         Type   Attr      Idx    E Section Name        Object

    0x08000000   0x08000000   0x000001d8   Data   RO            3    RESET               startup_stm32g474xx.o
    0x080001d8   0x080001d8   0x00000008   Code   RO         2188  * !!!main             c_w.l(__main.o)
    0x080001e0   0x080001e0   0x00000034   Code   RO         2500    !!!scatter          c_w.l(__scatter.o)
    0x08000214   0x08000214   0x0000005a   Code   RO         2498    !!dczerorl2         c_w.l(__dczerorl2.o)
    0x0800026e   0x0800026e   0x00000002   PAD
    0x08000270   0x08000270   0x0000001c   Code   RO         2502    !!handler_zi        c_w.l(__scatter_zi.o)
    0x0800028c   0x0800028c   0x00000002   Code   RO         2365    .ARM.Collect$$libinit$$00000000  c_w.l(libinit.o)
    0x0800028e   0x0800028e   0x00000004   Code   RO         2374    .ARM.Collect$$libinit$$00000001  c_w.l(libinit2.o)
    0x08000292   0x08000292   0x00000000   Code   RO         2377    .ARM.Collect$$libinit$$00000004  c_w.l(libinit2.o)
    0x08000292   0x08000292   0x00000000   Code   RO         2380    .ARM.Collect$$libinit$$0000000A  c_w.l(libinit2.o)
    0x08000292   0x08000292   0x00000000   Code   RO         2382    .ARM.Collect$$libinit$$0000000C  c_w.l(libinit2.o)
    0x08000292   0x08000292   0x00000000   Code   RO         2384    .ARM.Collect$$libinit$$0000000E  c_w.l(libinit2.o)
    0x08000292   0x08000292   0x00000000   Code   RO         2387    .ARM.Collect$$libinit$$00000011  c_w.l(libinit2.o)
    0x08000292   0x08000292   0x00000000   Code   RO         2389    .ARM.Collect$$libinit$$00000013  c_w.l(libinit2.o)
    0x08000292   0x08000292   0x00000000   Code   RO         2391    .ARM.Collect$$libinit$$00000015  c_w.l(libinit2.o)
    0x08000292   0x08000292   0x00000000   Code   RO         2393    .ARM.Collect$$libinit$$00000017  c_w.l(libinit2.o)
    0x08000292   0x08000292   0x00000000   Code   RO         2395    .ARM.Collect$$libinit$$00000019  c_w.l(libinit2.o)
    0x08000292   0x08000292   0x00000000   Code   RO         2397    .ARM.Collect$$libinit$$0000001B  c_w.l(libinit2.o)
    0x08000292   0x08000292   0x00000000   Code   RO         2399    .ARM.Collect$$libinit$$0000001D  c_w.l(libinit2.o)
    0x08000292   0x08000292   0x00000000   Code   RO         2401    .ARM.Collect$$libinit$$0000001F  c_w.l(libinit2.o)
    0x08000292   0x08000292   0x00000000   Code   RO         2403    .ARM.Collect$$libinit$$00000021  c_w.l(libinit2.o)
    0x08000292   0x08000292   0x00000000   Code   RO         2405    .ARM.Collect$$libinit$$00000023  c_w.l(libinit2.o)
    0x08000292   0x08000292   0x00000000   Code   RO         2407    .ARM.Collect$$libinit$$00000025  c_w.l(libinit2.o)
    0x08000292   0x08000292   0x00000000   Code   RO         2411    .ARM.Collect$$libinit$$0000002C  c_w.l(libinit2.o)
    0x08000292   0x08000292   0x00000000   Code   RO         2413    .ARM.Collect$$libinit$$0000002E  c_w.l(libinit2.o)
    0x08000292   0x08000292   0x00000000   Code   RO         2415    .ARM.Collect$$libinit$$00000030  c_w.l(libinit2.o)
    0x08000292   0x08000292   0x00000000   Code   RO         2417    .ARM.Collect$$libinit$$00000032  c_w.l(libinit2.o)
    0x08000292   0x08000292   0x00000002   Code   RO         2418    .ARM.Collect$$libinit$$00000033  c_w.l(libinit2.o)
    0x08000294   0x08000294   0x00000002   Code   RO         2453    .ARM.Collect$$libshutdown$$00000000  c_w.l(libshutdown.o)
    0x08000296   0x08000296   0x00000000   Code   RO         2481    .ARM.Collect$$libshutdown$$00000002  c_w.l(libshutdown2.o)
    0x08000296   0x08000296   0x00000000   Code   RO         2483    .ARM.Collect$$libshutdown$$00000004  c_w.l(libshutdown2.o)
    0x08000296   0x08000296   0x00000000   Code   RO         2486    .ARM.Collect$$libshutdown$$00000007  c_w.l(libshutdown2.o)
    0x08000296   0x08000296   0x00000000   Code   RO         2489    .ARM.Collect$$libshutdown$$0000000A  c_w.l(libshutdown2.o)
    0x08000296   0x08000296   0x00000000   Code   RO         2491    .ARM.Collect$$libshutdown$$0000000C  c_w.l(libshutdown2.o)
    0x08000296   0x08000296   0x00000000   Code   RO         2494    .ARM.Collect$$libshutdown$$0000000F  c_w.l(libshutdown2.o)
    0x08000296   0x08000296   0x00000002   Code   RO         2495    .ARM.Collect$$libshutdown$$00000010  c_w.l(libshutdown2.o)
    0x08000298   0x08000298   0x00000000   Code   RO         2242    .ARM.Collect$$rtentry$$00000000  c_w.l(__rtentry.o)
    0x08000298   0x08000298   0x00000000   Code   RO         2308    .ARM.Collect$$rtentry$$00000002  c_w.l(__rtentry2.o)
    0x08000298   0x08000298   0x00000006   Code   RO         2320    .ARM.Collect$$rtentry$$00000004  c_w.l(__rtentry4.o)
    0x0800029e   0x0800029e   0x00000000   Code   RO         2310    .ARM.Collect$$rtentry$$00000009  c_w.l(__rtentry2.o)
    0x0800029e   0x0800029e   0x00000004   Code   RO         2311    .ARM.Collect$$rtentry$$0000000A  c_w.l(__rtentry2.o)
    0x080002a2   0x080002a2   0x00000000   Code   RO         2313    .ARM.Collect$$rtentry$$0000000C  c_w.l(__rtentry2.o)
    0x080002a2   0x080002a2   0x00000008   Code   RO         2314    .ARM.Collect$$rtentry$$0000000D  c_w.l(__rtentry2.o)
    0x080002aa   0x080002aa   0x00000002   Code   RO         2366    .ARM.Collect$$rtexit$$00000000  c_w.l(rtexit.o)
    0x080002ac   0x080002ac   0x00000000   Code   RO         2424    .ARM.Collect$$rtexit$$00000002  c_w.l(rtexit2.o)
    0x080002ac   0x080002ac   0x00000004   Code   RO         2425    .ARM.Collect$$rtexit$$00000003  c_w.l(rtexit2.o)
    0x080002b0   0x080002b0   0x00000006   Code   RO         2426    .ARM.Collect$$rtexit$$00000004  c_w.l(rtexit2.o)
    0x080002b6   0x080002b6   0x00000002   PAD
    0x080002b8   0x080002b8   0x00000220   Code   RO         2114    .RamFunc            foc_ctrl.o
    0x080004d8   0x080004d8   0x000003f0   Code   RO         2125    .RamFunc            foc_calc.o
    0x080008c8   0x080008c8   0x000003e2   Code   RO         2148    .RamFunc            foc_drv.o
    0x08000caa   0x08000caa   0x00000002   PAD
    0x08000cac   0x08000cac   0x00000080   Code   RO         2161    .RamFunc            vofa.o
    0x08000d2c   0x08000d2c   0x00000040   Code   RO            4    .text               startup_stm32g474xx.o
    0x08000d6c   0x08000d6c   0x000000f0   Code   RO         2182    .text               c_w.l(lludivv7m.o)
    0x08000e5c   0x08000e5c   0x0000004e   Code   RO         2184    .text               c_w.l(rt_memclr_w.o)
    0x08000eaa   0x08000eaa   0x00000006   Code   RO         2186    .text               c_w.l(heapauxi.o)
    0x08000eb0   0x08000eb0   0x00000016   Code   RO         2247    .text               c_w.l(_rserrno.o)
    0x08000ec6   0x08000ec6   0x00000002   PAD
    0x08000ec8   0x08000ec8   0x00000008   Code   RO         2327    .text               c_w.l(rt_errno_addr_intlibspace.o)
    0x08000ed0   0x08000ed0   0x00000008   Code   RO         2349    .text               c_w.l(libspace.o)
    0x08000ed8   0x08000ed8   0x0000004a   Code   RO         2352    .text               c_w.l(sys_stackheap_outer.o)
    0x08000f22   0x08000f22   0x00000012   Code   RO         2354    .text               c_w.l(exit.o)
    0x08000f34   0x08000f34   0x0000000c   Code   RO         2419    .text               c_w.l(sys_exit.o)
    0x08000f40   0x08000f40   0x00000002   Code   RO         2442    .text               c_w.l(use_no_semi.o)
    0x08000f42   0x08000f42   0x00000000   Code   RO         2444    .text               c_w.l(indicate_semi.o)
    0x08000f42   0x08000f42   0x00000002   PAD
    0x08000f44   0x08000f44   0x0000001e   Code   RO          168    .text.ADC1_2_IRQHandler  stm32g4xx_it.o
    0x08000f62   0x08000f62   0x00000002   PAD
    0x08000f64   0x08000f64   0x00000076   Code   RO         1041    .text.ADC_DMAConvCplt  stm32g4xx_hal_adc.o
    0x08000fda   0x08000fda   0x00000002   PAD
    0x08000fdc   0x08000fdc   0x00000016   Code   RO         1045    .text.ADC_DMAError  stm32g4xx_hal_adc.o
    0x08000ff2   0x08000ff2   0x00000002   PAD
    0x08000ff4   0x08000ff4   0x00000006   Code   RO         1043    .text.ADC_DMAHalfConvCplt  stm32g4xx_hal_adc.o
    0x08000ffa   0x08000ffa   0x00000002   PAD
    0x08000ffc   0x08000ffc   0x0000007c   Code   RO         1021    .text.ADC_Disable   stm32g4xx_hal_adc.o
    0x08001078   0x08001078   0x0000010a   Code   RO         1027    .text.ADC_Enable    stm32g4xx_hal_adc.o
    0x08001182   0x08001182   0x00000002   PAD
    0x08001184   0x08001184   0x00000002   Code   RO          148    .text.BusFault_Handler  stm32g4xx_it.o
    0x08001186   0x08001186   0x00000002   PAD
    0x08001188   0x08001188   0x00000004   Code   RO          312    .text.CDC_Control_FS  usbd_cdc_if.o
    0x0800118c   0x0800118c   0x00000004   Code   RO          310    .text.CDC_DeInit_FS  usbd_cdc_if.o
    0x08001190   0x08001190   0x0000002c   Code   RO          308    .text.CDC_Init_FS   usbd_cdc_if.o
    0x080011bc   0x080011bc   0x0000001c   Code   RO          314    .text.CDC_Receive_FS  usbd_cdc_if.o
    0x080011d8   0x080011d8   0x00000004   Code   RO          316    .text.CDC_TransmitCplt_FS  usbd_cdc_if.o
    0x080011dc   0x080011dc   0x00000036   Code   RO          318    .text.CDC_Transmit_FS  usbd_cdc_if.o
    0x08001212   0x08001212   0x00000002   PAD
    0x08001214   0x08001214   0x0000000c   Code   RO          160    .text.DMA1_Channel1_IRQHandler  stm32g4xx_it.o
    0x08001220   0x08001220   0x0000000c   Code   RO          162    .text.DMA1_Channel2_IRQHandler  stm32g4xx_it.o
    0x0800122c   0x0800122c   0x0000000c   Code   RO          164    .text.DMA1_Channel3_IRQHandler  stm32g4xx_it.o
    0x08001238   0x08001238   0x0000000c   Code   RO          166    .text.DMA1_Channel4_IRQHandler  stm32g4xx_it.o
    0x08001244   0x08001244   0x00000002   Code   RO          154    .text.DebugMon_Handler  stm32g4xx_it.o
    0x08001246   0x08001246   0x00000002   PAD
    0x08001248   0x08001248   0x0000000a   Code   RO           15    .text.Error_Handler  main.o
    0x08001252   0x08001252   0x00000002   PAD
    0x08001254   0x08001254   0x0000000c   Code   RO          172    .text.FDCAN1_IT0_IRQHandler  stm32g4xx_it.o
    0x08001260   0x08001260   0x0000000c   Code   RO          174    .text.FDCAN1_IT1_IRQHandler  stm32g4xx_it.o
    0x0800126c   0x0800126c   0x000000d2   Code   RO         1082    .text.HAL_ADCEx_Calibration_Start  stm32g4xx_hal_adc_ex.o
    0x0800133e   0x0800133e   0x00000002   PAD
    0x08001340   0x08001340   0x00000002   Code   RO         1114    .text.HAL_ADCEx_EndOfSamplingCallback  stm32g4xx_hal_adc_ex.o
    0x08001342   0x08001342   0x00000002   PAD
    0x08001344   0x08001344   0x0000050c   Code   RO         1124    .text.HAL_ADCEx_InjectedConfigChannel  stm32g4xx_hal_adc_ex.o
    0x08001850   0x08001850   0x00000002   Code   RO         1108    .text.HAL_ADCEx_InjectedQueueOverflowCallback  stm32g4xx_hal_adc_ex.o
    0x08001852   0x08001852   0x00000002   PAD
    0x08001854   0x08001854   0x00000124   Code   RO         1088    .text.HAL_ADCEx_InjectedStart  stm32g4xx_hal_adc_ex.o
    0x08001978   0x08001978   0x00000156   Code   RO         1094    .text.HAL_ADCEx_InjectedStart_IT  stm32g4xx_hal_adc_ex.o
    0x08001ace   0x08001ace   0x00000002   PAD
    0x08001ad0   0x08001ad0   0x00000002   Code   RO         1110    .text.HAL_ADCEx_LevelOutOfWindow2Callback  stm32g4xx_hal_adc_ex.o
    0x08001ad2   0x08001ad2   0x00000002   PAD
    0x08001ad4   0x08001ad4   0x00000002   Code   RO         1112    .text.HAL_ADCEx_LevelOutOfWindow3Callback  stm32g4xx_hal_adc_ex.o
    0x08001ad6   0x08001ad6   0x00000002   PAD
    0x08001ad8   0x08001ad8   0x0000012a   Code   RO         1126    .text.HAL_ADCEx_MultiModeConfigChannel  stm32g4xx_hal_adc_ex.o
    0x08001c02   0x08001c02   0x00000002   PAD
    0x08001c04   0x08001c04   0x000003ee   Code   RO         1065    .text.HAL_ADC_ConfigChannel  stm32g4xx_hal_adc.o
    0x08001ff2   0x08001ff2   0x00000002   PAD
    0x08001ff4   0x08001ff4   0x00000002   Code   RO         1057    .text.HAL_ADC_ConvCpltCallback  stm32g4xx_hal_adc.o
    0x08001ff6   0x08001ff6   0x00000002   PAD
    0x08001ff8   0x08001ff8   0x00000002   Code   RO         1063    .text.HAL_ADC_ConvHalfCpltCallback  stm32g4xx_hal_adc.o
    0x08001ffa   0x08001ffa   0x00000002   PAD
    0x08001ffc   0x08001ffc   0x00000002   Code   RO         1061    .text.HAL_ADC_ErrorCallback  stm32g4xx_hal_adc.o
    0x08001ffe   0x08001ffe   0x00000002   PAD
    0x08002000   0x08002000   0x000002f2   Code   RO         1055    .text.HAL_ADC_IRQHandler  stm32g4xx_hal_adc.o
    0x080022f2   0x080022f2   0x00000002   PAD
    0x080022f4   0x080022f4   0x0000026c   Code   RO         1013    .text.HAL_ADC_Init  stm32g4xx_hal_adc.o
    0x08002560   0x08002560   0x00000002   Code   RO         1059    .text.HAL_ADC_LevelOutOfWindowCallback  stm32g4xx_hal_adc.o
    0x08002562   0x08002562   0x00000002   PAD
    0x08002564   0x08002564   0x0000020a   Code   RO           41    .text.HAL_ADC_MspInit  adc.o
    0x0800276e   0x0800276e   0x00000002   PAD
    0x08002770   0x08002770   0x00000138   Code   RO         1039    .text.HAL_ADC_Start_DMA  stm32g4xx_hal_adc.o
    0x080028a8   0x080028a8   0x0000006e   Code   RO          794    .text.HAL_DMA_Abort  stm32g4xx_hal_dma.o
    0x08002916   0x08002916   0x00000002   PAD
    0x08002918   0x08002918   0x0000007a   Code   RO          796    .text.HAL_DMA_Abort_IT  stm32g4xx_hal_dma.o
    0x08002992   0x08002992   0x00000002   PAD
    0x08002994   0x08002994   0x000000b0   Code   RO          800    .text.HAL_DMA_IRQHandler  stm32g4xx_hal_dma.o
    0x08002a44   0x08002a44   0x0000011e   Code   RO          786    .text.HAL_DMA_Init  stm32g4xx_hal_dma.o
    0x08002b62   0x08002b62   0x00000002   PAD
    0x08002b64   0x08002b64   0x000000e4   Code   RO          792    .text.HAL_DMA_Start_IT  stm32g4xx_hal_dma.o
    0x08002c48   0x08002c48   0x00000028   Code   RO          505    .text.HAL_Delay     stm32g4xx_hal.o
    0x08002c70   0x08002c70   0x00000002   Code   RO         1260    .text.HAL_FDCAN_ErrorCallback  stm32g4xx_hal_fdcan.o
    0x08002c72   0x08002c72   0x00000002   PAD
    0x08002c74   0x08002c74   0x00000002   Code   RO         1258    .text.HAL_FDCAN_ErrorStatusCallback  stm32g4xx_hal_fdcan.o
    0x08002c76   0x08002c76   0x00000002   PAD
    0x08002c78   0x08002c78   0x00000002   Code   RO         1240    .text.HAL_FDCAN_HighPriorityMessageCallback  stm32g4xx_hal_fdcan.o
    0x08002c7a   0x08002c7a   0x00000002   PAD
    0x08002c7c   0x08002c7c   0x00000178   Code   RO         1238    .text.HAL_FDCAN_IRQHandler  stm32g4xx_hal_fdcan.o
    0x08002df4   0x08002df4   0x0000020e   Code   RO         1146    .text.HAL_FDCAN_Init  stm32g4xx_hal_fdcan.o
    0x08003002   0x08003002   0x00000002   PAD
    0x08003004   0x08003004   0x000000b8   Code   RO           70    .text.HAL_FDCAN_MspInit  fdcan.o
    0x080030bc   0x080030bc   0x00000002   Code   RO         1246    .text.HAL_FDCAN_RxFifo0Callback  stm32g4xx_hal_fdcan.o
    0x080030be   0x080030be   0x00000002   PAD
    0x080030c0   0x080030c0   0x00000002   Code   RO         1248    .text.HAL_FDCAN_RxFifo1Callback  stm32g4xx_hal_fdcan.o
    0x080030c2   0x080030c2   0x00000002   PAD
    0x080030c4   0x080030c4   0x00000002   Code   RO         1256    .text.HAL_FDCAN_TimeoutOccurredCallback  stm32g4xx_hal_fdcan.o
    0x080030c6   0x080030c6   0x00000002   PAD
    0x080030c8   0x080030c8   0x00000002   Code   RO         1254    .text.HAL_FDCAN_TimestampWraparoundCallback  stm32g4xx_hal_fdcan.o
    0x080030ca   0x080030ca   0x00000002   PAD
    0x080030cc   0x080030cc   0x00000002   Code   RO         1242    .text.HAL_FDCAN_TxBufferAbortCallback  stm32g4xx_hal_fdcan.o
    0x080030ce   0x080030ce   0x00000002   PAD
    0x080030d0   0x080030d0   0x00000002   Code   RO         1252    .text.HAL_FDCAN_TxBufferCompleteCallback  stm32g4xx_hal_fdcan.o
    0x080030d2   0x080030d2   0x00000002   PAD
    0x080030d4   0x080030d4   0x00000002   Code   RO         1244    .text.HAL_FDCAN_TxEventFifoCallback  stm32g4xx_hal_fdcan.o
    0x080030d6   0x080030d6   0x00000002   PAD
    0x080030d8   0x080030d8   0x00000002   Code   RO         1250    .text.HAL_FDCAN_TxFifoEmptyCallback  stm32g4xx_hal_fdcan.o
    0x080030da   0x080030da   0x00000002   PAD
    0x080030dc   0x080030dc   0x000001da   Code   RO          734    .text.HAL_GPIO_Init  stm32g4xx_hal_gpio.o
    0x080032b6   0x080032b6   0x00000002   PAD
    0x080032b8   0x080032b8   0x0000000c   Code   RO          740    .text.HAL_GPIO_WritePin  stm32g4xx_hal_gpio.o
    0x080032c4   0x080032c4   0x0000000c   Code   RO          497    .text.HAL_GetTick   stm32g4xx_hal.o
    0x080032d0   0x080032d0   0x0000001a   Code   RO          495    .text.HAL_IncTick   stm32g4xx_hal.o
    0x080032ea   0x080032ea   0x00000002   PAD
    0x080032ec   0x080032ec   0x0000001e   Code   RO          485    .text.HAL_Init      stm32g4xx_hal.o
    0x0800330a   0x0800330a   0x00000002   PAD
    0x0800330c   0x0800330c   0x0000004e   Code   RO          487    .text.HAL_InitTick  stm32g4xx_hal.o
    0x0800335a   0x0800335a   0x00000002   PAD
    0x0800335c   0x0800335c   0x00000034   Code   RO          188    .text.HAL_MspInit   stm32g4xx_hal_msp.o
    0x08003390   0x08003390   0x00000020   Code   RO          966    .text.HAL_NVIC_EnableIRQ  stm32g4xx_hal_cortex.o
    0x080033b0   0x080033b0   0x00000056   Code   RO          964    .text.HAL_NVIC_SetPriority  stm32g4xx_hal_cortex.o
    0x08003406   0x08003406   0x00000002   PAD
    0x08003408   0x08003408   0x00000020   Code   RO          962    .text.HAL_NVIC_SetPriorityGrouping  stm32g4xx_hal_cortex.o
    0x08003428   0x08003428   0x0000002a   Code   RO          417    .text.HAL_PCDEx_ActivateLPM  stm32g4xx_hal_pcd_ex.o
    0x08003452   0x08003452   0x00000002   PAD
    0x08003454   0x08003454   0x00000050   Code   RO          251    .text.HAL_PCDEx_LPM_Callback  usbd_conf.o
    0x080034a4   0x080034a4   0x00000046   Code   RO          407    .text.HAL_PCDEx_PMAConfig  stm32g4xx_hal_pcd_ex.o
    0x080034ea   0x080034ea   0x00000002   PAD
    0x080034ec   0x080034ec   0x00000014   Code   RO          205    .text.HAL_PCD_DataInStageCallback  usbd_conf.o
    0x08003500   0x08003500   0x00000016   Code   RO          203    .text.HAL_PCD_DataOutStageCallback  usbd_conf.o
    0x08003516   0x08003516   0x00000002   PAD
    0x08003518   0x08003518   0x0000004a   Code   RO          376    .text.HAL_PCD_EP_Close  stm32g4xx_hal_pcd.o
    0x08003562   0x08003562   0x00000002   PAD
    0x08003564   0x08003564   0x00000060   Code   RO          386    .text.HAL_PCD_EP_ClrStall  stm32g4xx_hal_pcd.o
    0x080035c4   0x080035c4   0x00000012   Code   RO          380    .text.HAL_PCD_EP_GetRxCount  stm32g4xx_hal_pcd.o
    0x080035d6   0x080035d6   0x00000002   PAD
    0x080035d8   0x080035d8   0x0000005c   Code   RO          374    .text.HAL_PCD_EP_Open  stm32g4xx_hal_pcd.o
    0x08003634   0x08003634   0x00000032   Code   RO          378    .text.HAL_PCD_EP_Receive  stm32g4xx_hal_pcd.o
    0x08003666   0x08003666   0x00000002   PAD
    0x08003668   0x08003668   0x0000005e   Code   RO          384    .text.HAL_PCD_EP_SetStall  stm32g4xx_hal_pcd.o
    0x080036c6   0x080036c6   0x00000002   PAD
    0x080036c8   0x080036c8   0x00000036   Code   RO          382    .text.HAL_PCD_EP_Transmit  stm32g4xx_hal_pcd.o
    0x080036fe   0x080036fe   0x00000002   PAD
    0x08003700   0x08003700   0x00000982   Code   RO          344    .text.HAL_PCD_IRQHandler  stm32g4xx_hal_pcd.o
    0x08004082   0x08004082   0x00000002   PAD
    0x08004084   0x08004084   0x0000021c   Code   RO          332    .text.HAL_PCD_Init  stm32g4xx_hal_pcd.o
    0x080042a0   0x080042a0   0x00000066   Code   RO          197    .text.HAL_PCD_MspInit  usbd_conf.o
    0x08004306   0x08004306   0x00000002   PAD
    0x08004308   0x08004308   0x00000024   Code   RO          209    .text.HAL_PCD_ResetCallback  usbd_conf.o
    0x0800432c   0x0800432c   0x00000028   Code   RO          213    .text.HAL_PCD_ResumeCallback  usbd_conf.o
    0x08004354   0x08004354   0x00000008   Code   RO          207    .text.HAL_PCD_SOFCallback  usbd_conf.o
    0x0800435c   0x0800435c   0x00000026   Code   RO          348    .text.HAL_PCD_SetAddress  stm32g4xx_hal_pcd.o
    0x08004382   0x08004382   0x00000002   PAD
    0x08004384   0x08004384   0x0000000e   Code   RO          201    .text.HAL_PCD_SetupStageCallback  usbd_conf.o
    0x08004392   0x08004392   0x00000002   PAD
    0x08004394   0x08004394   0x0000002a   Code   RO          340    .text.HAL_PCD_Start  stm32g4xx_hal_pcd.o
    0x080043be   0x080043be   0x00000002   PAD
    0x080043c0   0x080043c0   0x00000026   Code   RO          211    .text.HAL_PCD_SuspendCallback  usbd_conf.o
    0x080043e6   0x080043e6   0x00000002   PAD
    0x080043e8   0x080043e8   0x0000012e   Code   RO          881    .text.HAL_PWREx_ControlVoltageScaling  stm32g4xx_hal_pwr_ex.o
    0x08004516   0x08004516   0x00000002   PAD
    0x08004518   0x08004518   0x00000012   Code   RO          951    .text.HAL_PWREx_DisableUCPDDeadBattery  stm32g4xx_hal_pwr_ex.o
    0x0800452a   0x0800452a   0x00000002   PAD
    0x0800452c   0x0800452c   0x000002ee   Code   RO          611    .text.HAL_RCCEx_PeriphCLKConfig  stm32g4xx_hal_rcc_ex.o
    0x0800481a   0x0800481a   0x00000002   PAD
    0x0800481c   0x0800481c   0x00000310   Code   RO          576    .text.HAL_RCC_ClockConfig  stm32g4xx_hal_rcc.o
    0x08004b2c   0x08004b2c   0x0000002a   Code   RO          584    .text.HAL_RCC_GetPCLK1Freq  stm32g4xx_hal_rcc.o
    0x08004b56   0x08004b56   0x00000002   PAD
    0x08004b58   0x08004b58   0x0000002a   Code   RO          586    .text.HAL_RCC_GetPCLK2Freq  stm32g4xx_hal_rcc.o
    0x08004b82   0x08004b82   0x00000002   PAD
    0x08004b84   0x08004b84   0x0000007a   Code   RO          578    .text.HAL_RCC_GetSysClockFreq  stm32g4xx_hal_rcc.o
    0x08004bfe   0x08004bfe   0x00000002   PAD
    0x08004c00   0x08004c00   0x00000476   Code   RO          574    .text.HAL_RCC_OscConfig  stm32g4xx_hal_rcc.o
    0x08005076   0x08005076   0x00000002   PAD
    0x08005078   0x08005078   0x000000e2   Code   RO         1276    .text.HAL_SPI_Init  stm32g4xx_hal_spi.o
    0x0800515a   0x0800515a   0x00000002   PAD
    0x0800515c   0x0800515c   0x000000be   Code   RO           88    .text.HAL_SPI_MspInit  spi.o
    0x0800521a   0x0800521a   0x00000002   PAD
    0x0800521c   0x0800521c   0x0000002c   Code   RO          974    .text.HAL_SYSTICK_Config  stm32g4xx_hal_cortex.o
    0x08005248   0x08005248   0x00000002   Code   RO         1749    .text.HAL_TIMEx_Break2Callback  stm32g4xx_hal_tim_ex.o
    0x0800524a   0x0800524a   0x00000002   PAD
    0x0800524c   0x0800524c   0x00000002   Code   RO         1747    .text.HAL_TIMEx_BreakCallback  stm32g4xx_hal_tim_ex.o
    0x0800524e   0x0800524e   0x00000002   PAD
    0x08005250   0x08005250   0x00000002   Code   RO         1743    .text.HAL_TIMEx_CommutCallback  stm32g4xx_hal_tim_ex.o
    0x08005252   0x08005252   0x00000002   PAD
    0x08005254   0x08005254   0x000000dc   Code   RO         1695    .text.HAL_TIMEx_ConfigBreakDeadTime  stm32g4xx_hal_tim_ex.o
    0x08005330   0x08005330   0x00000002   Code   RO         1753    .text.HAL_TIMEx_DirectionChangeCallback  stm32g4xx_hal_tim_ex.o
    0x08005332   0x08005332   0x00000002   PAD
    0x08005334   0x08005334   0x00000002   Code   RO         1751    .text.HAL_TIMEx_EncoderIndexCallback  stm32g4xx_hal_tim_ex.o
    0x08005336   0x08005336   0x00000002   PAD
    0x08005338   0x08005338   0x00000002   Code   RO         1755    .text.HAL_TIMEx_IndexErrorCallback  stm32g4xx_hal_tim_ex.o
    0x0800533a   0x0800533a   0x00000002   PAD
    0x0800533c   0x0800533c   0x000000ec   Code   RO         1693    .text.HAL_TIMEx_MasterConfigSynchronization  stm32g4xx_hal_tim_ex.o
    0x08005428   0x08005428   0x00000120   Code   RO         1663    .text.HAL_TIMEx_PWMN_Start  stm32g4xx_hal_tim_ex.o
    0x08005548   0x08005548   0x00000090   Code   RO         1665    .text.HAL_TIMEx_PWMN_Stop  stm32g4xx_hal_tim_ex.o
    0x080055d8   0x080055d8   0x00000002   Code   RO         1757    .text.HAL_TIMEx_TransitionErrorCallback  stm32g4xx_hal_tim_ex.o
    0x080055da   0x080055da   0x00000002   PAD
    0x080055dc   0x080055dc   0x00000062   Code   RO         1397    .text.HAL_TIM_Base_Init  stm32g4xx_hal_tim.o
    0x0800563e   0x0800563e   0x00000002   PAD
    0x08005640   0x08005640   0x0000006c   Code   RO          109    .text.HAL_TIM_Base_MspInit  tim.o
    0x080056ac   0x080056ac   0x000000ca   Code   RO         1407    .text.HAL_TIM_Base_Start  stm32g4xx_hal_tim.o
    0x08005776   0x08005776   0x00000002   PAD
    0x08005778   0x08005778   0x00000228   Code   RO         1577    .text.HAL_TIM_ConfigClockSource  stm32g4xx_hal_tim.o
    0x080059a0   0x080059a0   0x00000002   Code   RO         1533    .text.HAL_TIM_IC_CaptureCallback  stm32g4xx_hal_tim.o
    0x080059a2   0x080059a2   0x00000002   PAD
    0x080059a4   0x080059a4   0x00000206   Code   RO         1531    .text.HAL_TIM_IRQHandler  stm32g4xx_hal_tim.o
    0x08005baa   0x08005baa   0x00000002   PAD
    0x08005bac   0x08005bac   0x000000b2   Code   RO          105    .text.HAL_TIM_MspPostInit  tim.o
    0x08005c5e   0x08005c5e   0x00000002   PAD
    0x08005c60   0x08005c60   0x00000002   Code   RO         1535    .text.HAL_TIM_OC_DelayElapsedCallback  stm32g4xx_hal_tim.o
    0x08005c62   0x08005c62   0x00000002   PAD
    0x08005c64   0x08005c64   0x000003f2   Code   RO         1551    .text.HAL_TIM_PWM_ConfigChannel  stm32g4xx_hal_tim.o
    0x08006056   0x08006056   0x00000002   PAD
    0x08006058   0x08006058   0x00000062   Code   RO         1451    .text.HAL_TIM_PWM_Init  stm32g4xx_hal_tim.o
    0x080060ba   0x080060ba   0x00000002   PAD
    0x080060bc   0x080060bc   0x00000002   Code   RO         1453    .text.HAL_TIM_PWM_MspInit  stm32g4xx_hal_tim.o
    0x080060be   0x080060be   0x00000002   PAD
    0x080060c0   0x080060c0   0x00000002   Code   RO         1537    .text.HAL_TIM_PWM_PulseFinishedCallback  stm32g4xx_hal_tim.o
    0x080060c2   0x080060c2   0x00000002   PAD
    0x080060c4   0x080060c4   0x000001aa   Code   RO         1459    .text.HAL_TIM_PWM_Start  stm32g4xx_hal_tim.o
    0x0800626e   0x0800626e   0x00000002   PAD
    0x08006270   0x08006270   0x000000d4   Code   RO         1461    .text.HAL_TIM_PWM_Stop  stm32g4xx_hal_tim.o
    0x08006344   0x08006344   0x00000002   Code   RO         1539    .text.HAL_TIM_PeriodElapsedCallback  stm32g4xx_hal_tim.o
    0x08006346   0x08006346   0x00000002   PAD
    0x08006348   0x08006348   0x00000002   Code   RO         1541    .text.HAL_TIM_TriggerCallback  stm32g4xx_hal_tim.o
    0x0800634a   0x0800634a   0x00000002   PAD
    0x0800634c   0x0800634c   0x00000038   Code   RO         1936    .text.HAL_UARTEx_DisableFifoMode  stm32g4xx_hal_uart_ex.o
    0x08006384   0x08006384   0x00000002   Code   RO         1863    .text.HAL_UARTEx_RxEventCallback  stm32g4xx_hal_uart.o
    0x08006386   0x08006386   0x00000002   PAD
    0x08006388   0x08006388   0x00000002   Code   RO         1922    .text.HAL_UARTEx_RxFifoFullCallback  stm32g4xx_hal_uart_ex.o
    0x0800638a   0x0800638a   0x00000002   PAD
    0x0800638c   0x0800638c   0x00000092   Code   RO         1940    .text.HAL_UARTEx_SetRxFifoThreshold  stm32g4xx_hal_uart_ex.o
    0x0800641e   0x0800641e   0x00000002   PAD
    0x08006420   0x08006420   0x00000092   Code   RO         1938    .text.HAL_UARTEx_SetTxFifoThreshold  stm32g4xx_hal_uart_ex.o
    0x080064b2   0x080064b2   0x00000002   PAD
    0x080064b4   0x080064b4   0x00000002   Code   RO         1924    .text.HAL_UARTEx_TxFifoEmptyCallback  stm32g4xx_hal_uart_ex.o
    0x080064b6   0x080064b6   0x00000002   PAD
    0x080064b8   0x080064b8   0x00000002   Code   RO         1920    .text.HAL_UARTEx_WakeupCallback  stm32g4xx_hal_uart_ex.o
    0x080064ba   0x080064ba   0x00000002   PAD
    0x080064bc   0x080064bc   0x00000002   Code   RO         1861    .text.HAL_UART_ErrorCallback  stm32g4xx_hal_uart.o
    0x080064be   0x080064be   0x00000002   PAD
    0x080064c0   0x080064c0   0x0000068a   Code   RO         1857    .text.HAL_UART_IRQHandler  stm32g4xx_hal_uart.o
    0x08006b4a   0x08006b4a   0x00000002   PAD
    0x08006b4c   0x08006b4c   0x00000064   Code   RO         1773    .text.HAL_UART_Init  stm32g4xx_hal_uart.o
    0x08006bb0   0x08006bb0   0x00000110   Code   RO          126    .text.HAL_UART_MspInit  usart.o
    0x08006cc0   0x08006cc0   0x00000002   Code   RO         1865    .text.HAL_UART_TxCpltCallback  stm32g4xx_hal_uart.o
    0x08006cc2   0x08006cc2   0x00000002   PAD
    0x08006cc4   0x08006cc4   0x00000002   Code   RO          144    .text.HardFault_Handler  stm32g4xx_it.o
    0x08006cc6   0x08006cc6   0x00000002   PAD
    0x08006cc8   0x08006cc8   0x00000172   Code   RO           37    .text.MX_ADC1_Init  adc.o
    0x08006e3a   0x08006e3a   0x00000002   PAD
    0x08006e3c   0x08006e3c   0x0000014a   Code   RO           39    .text.MX_ADC2_Init  adc.o
    0x08006f86   0x08006f86   0x00000002   PAD
    0x08006f88   0x08006f88   0x00000076   Code   RO           58    .text.MX_DMA_Init   dma.o
    0x08006ffe   0x08006ffe   0x00000002   PAD
    0x08007000   0x08007000   0x00000060   Code   RO           68    .text.MX_FDCAN1_Init  fdcan.o
    0x08007060   0x08007060   0x00000150   Code   RO           27    .text.MX_GPIO_Init  gpio.o
    0x080071b0   0x080071b0   0x00000052   Code   RO           84    .text.MX_SPI1_Init  spi.o
    0x08007202   0x08007202   0x00000002   PAD
    0x08007204   0x08007204   0x00000050   Code   RO           86    .text.MX_SPI3_Init  spi.o
    0x08007254   0x08007254   0x00000162   Code   RO          103    .text.MX_TIM1_Init  tim.o
    0x080073b6   0x080073b6   0x00000002   PAD
    0x080073b8   0x080073b8   0x0000007c   Code   RO          107    .text.MX_TIM3_Init  tim.o
    0x08007434   0x08007434   0x00000082   Code   RO          124    .text.MX_USART3_UART_Init  usart.o
    0x080074b6   0x080074b6   0x00000002   PAD
    0x080074b8   0x080074b8   0x00000072   Code   RO          270    .text.MX_USB_Device_Init  usb_device.o
    0x0800752a   0x0800752a   0x00000002   PAD
    0x0800752c   0x0800752c   0x00000002   Code   RO          146    .text.MemManage_Handler  stm32g4xx_it.o
    0x0800752e   0x0800752e   0x00000002   PAD
    0x08007530   0x08007530   0x00000002   Code   RO          142    .text.NMI_Handler   stm32g4xx_it.o
    0x08007532   0x08007532   0x00000002   PAD
    0x08007534   0x08007534   0x00000002   Code   RO          156    .text.PendSV_Handler  stm32g4xx_it.o
    0x08007536   0x08007536   0x00000002   PAD
    0x08007538   0x08007538   0x00000002   Code   RO          152    .text.SVC_Handler   stm32g4xx_it.o
    0x0800753a   0x0800753a   0x00000002   PAD
    0x0800753c   0x0800753c   0x00000004   Code   RO          158    .text.SysTick_Handler  stm32g4xx_it.o
    0x08007540   0x08007540   0x00000076   Code   RO           13    .text.SystemClock_Config  main.o
    0x080075b6   0x080075b6   0x00000002   PAD
    0x080075b8   0x080075b8   0x00000012   Code   RO         1960    .text.SystemInit    system_stm32g4xx.o
    0x080075ca   0x080075ca   0x00000002   PAD
    0x080075cc   0x080075cc   0x0000000c   Code   RO          176    .text.TIM1_UP_TIM16_IRQHandler  stm32g4xx_it.o
    0x080075d8   0x080075d8   0x00000164   Code   RO         1401    .text.TIM_Base_SetConfig  stm32g4xx_hal_tim.o
    0x0800773c   0x0800773c   0x000000e6   Code   RO         1777    .text.UART_AdvFeatureConfig  stm32g4xx_hal_uart.o
    0x08007822   0x08007822   0x00000002   PAD
    0x08007824   0x08007824   0x0000016a   Code   RO         1781    .text.UART_CheckIdleState  stm32g4xx_hal_uart.o
    0x0800798e   0x0800798e   0x00000002   PAD
    0x08007990   0x08007990   0x0000000c   Code   RO         1859    .text.UART_DMAAbortOnError  stm32g4xx_hal_uart.o
    0x0800799c   0x0800799c   0x000002bc   Code   RO         1779    .text.UART_SetConfig  stm32g4xx_hal_uart.o
    0x08007c58   0x08007c58   0x0000034e   Code   RO         1795    .text.UART_WaitOnFlagUntilTimeout  stm32g4xx_hal_uart.o
    0x08007fa6   0x08007fa6   0x00000002   PAD
    0x08007fa8   0x08007fa8   0x0000000c   Code   RO          178    .text.USART3_IRQHandler  stm32g4xx_it.o
    0x08007fb4   0x08007fb4   0x00000024   Code   RO          290    .text.USBD_CDC_ConfigStrDescriptor  usbd_desc.o
    0x08007fd8   0x08007fd8   0x00000070   Code   RO         2078    .text.USBD_CDC_DataIn  usbd_cdc.o
    0x08008048   0x08008048   0x0000002c   Code   RO         2080    .text.USBD_CDC_DataOut  usbd_cdc.o
    0x08008074   0x08008074   0x00000042   Code   RO         2072    .text.USBD_CDC_DeInit  usbd_cdc.o
    0x080080b6   0x080080b6   0x00000002   PAD
    0x080080b8   0x080080b8   0x0000000e   Code   RO          280    .text.USBD_CDC_DeviceDescriptor  usbd_desc.o
    0x080080c6   0x080080c6   0x00000002   PAD
    0x080080c8   0x080080c8   0x00000032   Code   RO         2076    .text.USBD_CDC_EP0_RxReady  usbd_cdc.o
    0x080080fa   0x080080fa   0x00000002   PAD
    0x080080fc   0x080080fc   0x00000010   Code   RO         2088    .text.USBD_CDC_GetDeviceQualifierDescriptor  usbd_cdc.o
    0x0800810c   0x0800810c   0x00000010   Code   RO         2084    .text.USBD_CDC_GetFSCfgDesc  usbd_cdc.o
    0x0800811c   0x0800811c   0x00000010   Code   RO         2082    .text.USBD_CDC_GetHSCfgDesc  usbd_cdc.o
    0x0800812c   0x0800812c   0x00000010   Code   RO         2086    .text.USBD_CDC_GetOtherSpeedCfgDesc  usbd_cdc.o
    0x0800813c   0x0800813c   0x00000096   Code   RO         2070    .text.USBD_CDC_Init  usbd_cdc.o
    0x080081d2   0x080081d2   0x00000002   PAD
    0x080081d4   0x080081d4   0x00000028   Code   RO          292    .text.USBD_CDC_InterfaceStrDescriptor  usbd_desc.o
    0x080081fc   0x080081fc   0x0000000e   Code   RO          282    .text.USBD_CDC_LangIDStrDescriptor  usbd_desc.o
    0x0800820a   0x0800820a   0x00000002   PAD
    0x0800820c   0x0800820c   0x0000002c   Code   RO          284    .text.USBD_CDC_ManufacturerStrDescriptor  usbd_desc.o
    0x08008238   0x08008238   0x00000030   Code   RO          286    .text.USBD_CDC_ProductStrDescriptor  usbd_desc.o
    0x08008268   0x08008268   0x0000002a   Code   RO         2098    .text.USBD_CDC_ReceivePacket  usbd_cdc.o
    0x08008292   0x08008292   0x00000002   PAD
    0x08008294   0x08008294   0x0000000e   Code   RO         2090    .text.USBD_CDC_RegisterInterface  usbd_cdc.o
    0x080082a2   0x080082a2   0x00000002   PAD
    0x080082a4   0x080082a4   0x0000016a   Code   RO          288    .text.USBD_CDC_SerialStrDescriptor  usbd_desc.o
    0x0800840e   0x0800840e   0x00000002   PAD
    0x08008410   0x08008410   0x00000012   Code   RO         2094    .text.USBD_CDC_SetRxBuffer  usbd_cdc.o
    0x08008422   0x08008422   0x00000002   PAD
    0x08008424   0x08008424   0x00000016   Code   RO         2092    .text.USBD_CDC_SetTxBuffer  usbd_cdc.o
    0x0800843a   0x0800843a   0x00000002   PAD
    0x0800843c   0x0800843c   0x000000ee   Code   RO         2074    .text.USBD_CDC_Setup  usbd_cdc.o
    0x0800852a   0x0800852a   0x00000002   PAD
    0x0800852c   0x0800852c   0x00000038   Code   RO         2096    .text.USBD_CDC_TransmitPacket  usbd_cdc.o
    0x08008564   0x08008564   0x00000010   Code   RO         1990    .text.USBD_ClrClassConfig  usbd_core.o
    0x08008574   0x08008574   0x00000010   Code   RO         2053    .text.USBD_CtlContinueRx  usbd_ioreq.o
    0x08008584   0x08008584   0x00000010   Code   RO         2049    .text.USBD_CtlContinueSendData  usbd_ioreq.o
    0x08008594   0x08008594   0x00000016   Code   RO         2027    .text.USBD_CtlError  usbd_ctlreq.o
    0x080085aa   0x080085aa   0x00000002   PAD
    0x080085ac   0x080085ac   0x0000001a   Code   RO         2051    .text.USBD_CtlPrepareRx  usbd_ioreq.o
    0x080085c6   0x080085c6   0x00000002   PAD
    0x080085c8   0x080085c8   0x00000016   Code   RO         2057    .text.USBD_CtlReceiveStatus  usbd_ioreq.o
    0x080085de   0x080085de   0x00000002   PAD
    0x080085e0   0x080085e0   0x0000001a   Code   RO         2047    .text.USBD_CtlSendData  usbd_ioreq.o
    0x080085fa   0x080085fa   0x00000002   PAD
    0x080085fc   0x080085fc   0x00000016   Code   RO         2055    .text.USBD_CtlSendStatus  usbd_ioreq.o
    0x08008612   0x08008612   0x00000002   PAD
    0x08008614   0x08008614   0x000000cc   Code   RO         2035    .text.USBD_GetString  usbd_ctlreq.o
    0x080086e0   0x080086e0   0x0000002a   Code   RO         1976    .text.USBD_Init     usbd_core.o
    0x0800870a   0x0800870a   0x00000002   PAD
    0x0800870c   0x0800870c   0x00000024   Code   RO          239    .text.USBD_LL_ClearStallEP  usbd_conf.o
    0x08008730   0x08008730   0x00000024   Code   RO          233    .text.USBD_LL_CloseEP  usbd_conf.o
    0x08008754   0x08008754   0x000000a6   Code   RO         1996    .text.USBD_LL_DataInStage  usbd_core.o
    0x080087fa   0x080087fa   0x00000002   PAD
    0x080087fc   0x080087fc   0x0000006a   Code   RO         1994    .text.USBD_LL_DataOutStage  usbd_core.o
    0x08008866   0x08008866   0x00000002   PAD
    0x08008868   0x08008868   0x00000008   Code   RO          249    .text.USBD_LL_GetRxDataSize  usbd_conf.o
    0x08008870   0x08008870   0x00000086   Code   RO          223    .text.USBD_LL_Init  usbd_conf.o
    0x080088f6   0x080088f6   0x00000002   PAD
    0x080088f8   0x080088f8   0x00000020   Code   RO          241    .text.USBD_LL_IsStallEP  usbd_conf.o
    0x08008918   0x08008918   0x0000002a   Code   RO          231    .text.USBD_LL_OpenEP  usbd_conf.o
    0x08008942   0x08008942   0x00000002   PAD
    0x08008944   0x08008944   0x00000024   Code   RO          247    .text.USBD_LL_PrepareReceive  usbd_conf.o
    0x08008968   0x08008968   0x00000066   Code   RO         1998    .text.USBD_LL_Reset  usbd_core.o
    0x080089ce   0x080089ce   0x00000002   PAD
    0x080089d0   0x080089d0   0x00000014   Code   RO         2004    .text.USBD_LL_Resume  usbd_core.o
    0x080089e4   0x080089e4   0x0000001e   Code   RO         2006    .text.USBD_LL_SOF   usbd_core.o
    0x08008a02   0x08008a02   0x00000002   PAD
    0x08008a04   0x08008a04   0x00000008   Code   RO         2000    .text.USBD_LL_SetSpeed  usbd_core.o
    0x08008a0c   0x08008a0c   0x00000024   Code   RO          243    .text.USBD_LL_SetUSBAddress  usbd_conf.o
    0x08008a30   0x08008a30   0x00000060   Code   RO         1992    .text.USBD_LL_SetupStage  usbd_core.o
    0x08008a90   0x08008a90   0x00000024   Code   RO          237    .text.USBD_LL_StallEP  usbd_conf.o
    0x08008ab4   0x08008ab4   0x00000024   Code   RO          227    .text.USBD_LL_Start  usbd_conf.o
    0x08008ad8   0x08008ad8   0x00000014   Code   RO         2002    .text.USBD_LL_Suspend  usbd_core.o
    0x08008aec   0x08008aec   0x00000024   Code   RO          245    .text.USBD_LL_Transmit  usbd_conf.o
    0x08008b10   0x08008b10   0x00000016   Code   RO         2033    .text.USBD_ParseSetupRequest  usbd_ctlreq.o
    0x08008b26   0x08008b26   0x00000002   PAD
    0x08008b28   0x08008b28   0x0000002c   Code   RO         1980    .text.USBD_RegisterClass  usbd_core.o
    0x08008b54   0x08008b54   0x00000010   Code   RO         1988    .text.USBD_SetClassConfig  usbd_core.o
    0x08008b64   0x08008b64   0x00000004   Code   RO         1982    .text.USBD_Start    usbd_core.o
    0x08008b68   0x08008b68   0x000003a0   Code   RO         2025    .text.USBD_StdDevReq  usbd_ctlreq.o
    0x08008f08   0x08008f08   0x0000015a   Code   RO         2031    .text.USBD_StdEPReq  usbd_ctlreq.o
    0x08009062   0x08009062   0x00000002   PAD
    0x08009064   0x08009064   0x00000074   Code   RO         2029    .text.USBD_StdItfReq  usbd_ctlreq.o
    0x080090d8   0x080090d8   0x00000002   Code   RO          257    .text.USBD_static_free  usbd_conf.o
    0x080090da   0x080090da   0x00000002   PAD
    0x080090dc   0x080090dc   0x0000000a   Code   RO          255    .text.USBD_static_malloc  usbd_conf.o
    0x080090e6   0x080090e6   0x00000002   PAD
    0x080090e8   0x080090e8   0x000002d4   Code   RO          446    .text.USB_ActivateEndpoint  stm32g4xx_ll_usb.o
    0x080093bc   0x080093bc   0x00000104   Code   RO          448    .text.USB_DeactivateEndpoint  stm32g4xx_ll_usb.o
    0x080094c0   0x080094c0   0x00000012   Code   RO          464    .text.USB_DevConnect  stm32g4xx_ll_usb.o
    0x080094d2   0x080094d2   0x00000002   PAD
    0x080094d4   0x080094d4   0x0000001a   Code   RO          440    .text.USB_DevInit   stm32g4xx_ll_usb.o
    0x080094ee   0x080094ee   0x00000002   PAD
    0x080094f0   0x080094f0   0x00000014   Code   RO          436    .text.USB_DisableGlobalInt  stm32g4xx_ll_usb.o
    0x08009504   0x08009504   0x0000007c   Code   RO          456    .text.USB_EPClearStall  stm32g4xx_ll_usb.o
    0x08009580   0x08009580   0x00000032   Code   RO          454    .text.USB_EPSetStall  stm32g4xx_ll_usb.o
    0x080095b2   0x080095b2   0x00000002   PAD
    0x080095b4   0x080095b4   0x000006ba   Code   RO          450    .text.USB_EPStartXfer  stm32g4xx_ll_usb.o
    0x08009c6e   0x08009c6e   0x00000002   PAD
    0x08009c70   0x08009c70   0x00000014   Code   RO          434    .text.USB_EnableGlobalInt  stm32g4xx_ll_usb.o
    0x08009c84   0x08009c84   0x0000000c   Code   RO          170    .text.USB_LP_IRQHandler  stm32g4xx_it.o
    0x08009c90   0x08009c90   0x00000006   Code   RO          468    .text.USB_ReadInterrupts  stm32g4xx_ll_usb.o
    0x08009c96   0x08009c96   0x00000002   PAD
    0x08009c98   0x08009c98   0x000000b2   Code   RO          474    .text.USB_ReadPMA   stm32g4xx_ll_usb.o
    0x08009d4a   0x08009d4a   0x00000002   PAD
    0x08009d4c   0x08009d4c   0x0000000e   Code   RO          462    .text.USB_SetDevAddress  stm32g4xx_ll_usb.o
    0x08009d5a   0x08009d5a   0x00000002   PAD
    0x08009d5c   0x08009d5c   0x00000082   Code   RO          452    .text.USB_WritePMA  stm32g4xx_ll_usb.o
    0x08009dde   0x08009dde   0x00000002   PAD
    0x08009de0   0x08009de0   0x00000002   Code   RO          150    .text.UsageFault_Handler  stm32g4xx_it.o
    0x08009de2   0x08009de2   0x00000002   PAD
    0x08009de4   0x08009de4   0x00000122   Code   RO           11    .text.main          main.o
    0x08009f06   0x08009f06   0x00000002   PAD
    0x08009f08   0x08009f08   0x00000238   Code   RO         2144    .text.pmsm_init     foc_drv.o
    0x0800a140   0x0800a140   0x000001f0   Code   RO         2127    .text.svm           foc_calc.o
    0x0800a330   0x0800a330   0x00000026   Code   RO         2277    i.__ARM_fpclassifyf  m_wm.l(fpclassifyf.o)
    0x0800a356   0x0800a356   0x00000002   PAD
    0x0800a358   0x0800a358   0x00000150   Code   RO         2206    i.__hardfp_cosf     m_wm.l(cosf.o)
    0x0800a4a8   0x0800a4a8   0x00000190   Code   RO         2230    i.__hardfp_sinf     m_wm.l(sinf.o)
    0x0800a638   0x0800a638   0x00000006   Code   RO         2280    i.__mathlib_flt_infnan  m_wm.l(funder.o)
    0x0800a63e   0x0800a63e   0x00000002   PAD
    0x0800a640   0x0800a640   0x00000010   Code   RO         2282    i.__mathlib_flt_invalid  m_wm.l(funder.o)
    0x0800a650   0x0800a650   0x00000010   Code   RO         2285    i.__mathlib_flt_underflow  m_wm.l(funder.o)
    0x0800a660   0x0800a660   0x00000154   Code   RO         2298    i.__mathlib_rredf2  m_wm.l(rredf.o)
    0x0800a7b4   0x0800a7b4   0x0000001a   Code   RO         2436    x$fpl$fpinit        fz_wm.l(fpinit.o)
    0x0800a7ce   0x0800a7ce   0x00000000   Code   RO         2259    x$fpl$usenofp       fz_wm.l(usenofp.o)
    0x0800a7ce   0x0800a7ce   0x00000002   PAD
    0x0800a7d0   0x0800a7d0   0x00000020   Data   RO         2299    .constdata          m_wm.l(rredf.o)
    0x0800a7f0   0x0800a7f0   0x00000010   Data   RO         1965    .rodata.AHBPrescTable  system_stm32g4xx.o
    0x0800a800   0x0800a800   0x00000008   Data   RO         1966    .rodata.APBPrescTable  system_stm32g4xx.o
    0x0800a808   0x0800a808   0x00000018   Data   RO         1907    .rodata.UARTPrescTable  stm32g4xx_hal_uart.o
    0x0800a820   0x0800a820   0x00000010   Data   RO         1908    .rodata.cst16       stm32g4xx_hal_uart.o
    0x0800a830   0x0800a830   0x00000010   Data   RO         1950    .rodata.cst8        stm32g4xx_hal_uart_ex.o
    0x0800a840   0x0800a840   0x00000020   Data   RO         2497    Region$$Table       anon$$obj.o


    Execution Region RW_IRAM1 (Exec base: 0x20000000, Load base: 0x0800a860, Size: 0x00002d70, Max: 0x00020000, ABSOLUTE, COMPRESSED[0x000000c8])

    Exec Addr    Load Addr    Size         Type   Attr      Idx    E Section Name        Object

    0x20000000   COMPRESSED   0x000002e8   Data   RW         2150    .data               foc_drv.o
    0x200002e8   COMPRESSED   0x00000008   Data   RW          562    .data..L_MergedGlobals  stm32g4xx_hal.o
    0x200002f0   COMPRESSED   0x00000020   Data   RW          294    .data.CDC_Desc      usbd_desc.o
    0x20000310   COMPRESSED   0x00000004   Data   RW         1964    .data.SystemCoreClock  system_stm32g4xx.o
    0x20000314   COMPRESSED   0x00000038   Data   RW         2100    .data.USBD_CDC      usbd_cdc.o
    0x2000034c   COMPRESSED   0x00000043   Data   RW         2102    .data.USBD_CDC_CfgFSDesc  usbd_cdc.o
    0x2000038f   COMPRESSED   0x00000001   PAD
    0x20000390   COMPRESSED   0x00000043   Data   RW         2103    .data.USBD_CDC_CfgHSDesc  usbd_cdc.o
    0x200003d3   COMPRESSED   0x00000001   PAD
    0x200003d4   COMPRESSED   0x00000012   Data   RW          295    .data.USBD_CDC_DeviceDesc  usbd_desc.o
    0x200003e6   COMPRESSED   0x00000002   PAD
    0x200003e8   COMPRESSED   0x0000000a   Data   RW         2101    .data.USBD_CDC_DeviceQualifierDesc  usbd_cdc.o
    0x200003f2   COMPRESSED   0x00000002   PAD
    0x200003f4   COMPRESSED   0x00000043   Data   RW         2104    .data.USBD_CDC_OtherSpeedCfgDesc  usbd_cdc.o
    0x20000437   COMPRESSED   0x00000001   PAD
    0x20000438   COMPRESSED   0x00000014   Data   RW          320    .data.USBD_Interface_fops_FS  usbd_cdc_if.o
    0x2000044c   COMPRESSED   0x00000004   Data   RW          296    .data.USBD_LangIDDesc  usbd_desc.o
    0x20000450   COMPRESSED   0x0000001a   Data   RW          297    .data.USBD_StringSerial  usbd_desc.o
    0x2000046a   COMPRESSED   0x00000006   PAD
    0x20000470        -       0x00000060   Zero   RW         2350    .bss                c_w.l(libspace.o)
    0x200004d0        -       0x0000000c   Zero   RW           18    .bss..L_MergedGlobals  main.o
    0x200004dc        -       0x00000064   Zero   RW           48    .bss..L_MergedGlobals  adc.o
    0x20000540        -       0x00000008   Zero   RW         2171    .bss..L_MergedGlobals  vofa.o
    0x20000548        -       0x00000001   Zero   RW         2037    .bss.USBD_SetConfig.cfgidx  usbd_ctlreq.o
    0x20000549   COMPRESSED   0x00000003   PAD
    0x2000054c        -       0x00000200   Zero   RW          298    .bss.USBD_StrDesc   usbd_desc.o
    0x2000074c        -       0x00000220   Zero   RW          260    .bss.USBD_static_malloc.mem  usbd_conf.o
    0x2000096c        -       0x00000800   Zero   RW          321    .bss.UserRxBufferFS  usbd_cdc_if.o
    0x2000116c        -       0x00000800   Zero   RW          322    .bss.UserTxBufferFS  usbd_cdc_if.o
    0x2000196c        -       0x00000004   Zero   RW         2151    .bss.foc_spd_measure_M.pos_last  foc_drv.o
    0x20001970        -       0x000002d0   Zero   RW          272    .bss.hUsbDeviceFS   usb_device.o
    0x20001c40        -       0x0000006c   Zero   RW           45    .bss.hadc1          adc.o
    0x20001cac        -       0x0000006c   Zero   RW           46    .bss.hadc2          adc.o
    0x20001d18        -       0x00000060   Zero   RW           47    .bss.hdma_adc2      adc.o
    0x20001d78        -       0x00000060   Zero   RW          131    .bss.hdma_usart3_rx  usart.o
    0x20001dd8        -       0x00000060   Zero   RW          132    .bss.hdma_usart3_tx  usart.o
    0x20001e38        -       0x00000064   Zero   RW           74    .bss.hfdcan1        fdcan.o
    0x20001e9c        -       0x000002dc   Zero   RW          259    .bss.hpcd_USB_FS    usbd_conf.o
    0x20002178        -       0x00000064   Zero   RW           92    .bss.hspi1          spi.o
    0x200021dc        -       0x00000064   Zero   RW           93    .bss.hspi3          spi.o
    0x20002240        -       0x0000004c   Zero   RW          113    .bss.htim1          tim.o
    0x2000228c        -       0x0000004c   Zero   RW          114    .bss.htim3          tim.o
    0x200022d8        -       0x00000094   Zero   RW          130    .bss.huart3         usart.o
    0x2000236c        -       0x00000400   Zero   RW         2169    .bss.send_buf       vofa.o
    0x2000276c        -       0x00000004   Zero   RW          561    .bss.uwTick         stm32g4xx_hal.o
    0x20002770        -       0x00000200   Zero   RW            2    HEAP                startup_stm32g474xx.o
    0x20002970        -       0x00000400   Zero   RW            1    STACK               startup_stm32g474xx.o


==============================================================================

Image component sizes


      Code (inc. data)   RO Data    RW Data    ZI Data      Debug   Object Name

      1222          0          0          0        412      11157   adc.o
       118          0          0          0          0       3949   dma.o
       280          0          0          0        100       7902   fdcan.o
      1504         50          0          0          0       7033   foc_calc.o
       544         32          0          0          0       9884   foc_ctrl.o
      1562         52          0        744          4       9513   foc_drv.o
       336          0          0          0          0       2473   gpio.o
       418          0          0          0         12       2142   main.o
       352          0          0          0        200       5724   spi.o
        64         26        472          0       1536        844   startup_stm32g474xx.o
       186          0          0          8          4       9393   stm32g4xx_hal.o
      3236          0          0          0          0      26721   stm32g4xx_hal_adc.o
      2442          0          0          0          0      23882   stm32g4xx_hal_adc_ex.o
       194          0          0          0          0      10623   stm32g4xx_hal_cortex.o
       922          0          0          0          0       8727   stm32g4xx_hal_dma.o
       924          0          0          0          0      20959   stm32g4xx_hal_fdcan.o
       486          0          0          0          0       5364   stm32g4xx_hal_gpio.o
        52          0          0          0          0       1599   stm32g4xx_hal_msp.o
      3532          0          0          0          0      15201   stm32g4xx_hal_pcd.o
       112          0          0          0          0       5386   stm32g4xx_hal_pcd_ex.o
       320          0          0          0          0       8668   stm32g4xx_hal_pwr_ex.o
      2132          0          0          0          0       9743   stm32g4xx_hal_rcc.o
       750          0          0          0          0      11135   stm32g4xx_hal_rcc_ex.o
       226          0          0          0          0      26051   stm32g4xx_hal_spi.o
      3484         26          0          0          0      57310   stm32g4xx_hal_tim.o
       902          0          0          0          0      27858   stm32g4xx_hal_tim_ex.o
      3930         46         40          0          0      39283   stm32g4xx_hal_uart.o
       354          0         16          0          0      10768   stm32g4xx_hal_uart_ex.o
       158          0          0          0          0       1909   stm32g4xx_it.o
      3292          4          0          0          0      18279   stm32g4xx_ll_usb.o
        18          0         24          4          0       2748   system_stm32g4xx.o
       764          0          0          0        152      10062   tim.o
       402          0          0          0        340       9098   usart.o
       114          0          0          0        720       3022   usb_device.o
       876         12          0        267          0      10253   usbd_cdc.o
       138          0          0         20       4096       2734   usbd_cdc_if.o
       840          0          0          0       1276      17863   usbd_conf.o
       670          0          0          0          0       7338   usbd_core.o
      1638         46          0          0          1       9368   usbd_ctlreq.o
       558         72          0         80        512       3893   usbd_desc.o
       128          0          0          0          0       4334   usbd_ioreq.o
       128          0          0          0       1032       2901   vofa.o

    ----------------------------------------------------------------------
     40608        366        584       1132      10404     483094   Object Totals
         0          0         32          0          0          0   (incl. Generated)
       300          0          0          9          7          0   (incl. Padding)

    ----------------------------------------------------------------------

      Code (inc. data)   RO Data    RW Data    ZI Data      Debug   Library Member Name

        90          0          0          0          0          0   __dczerorl2.o
         8          0          0          0          0         68   __main.o
         0          0          0          0          0          0   __rtentry.o
        12          0          0          0          0          0   __rtentry2.o
         6          0          0          0          0          0   __rtentry4.o
        52          8          0          0          0          0   __scatter.o
        28          0          0          0          0          0   __scatter_zi.o
        22          0          0          0          0        100   _rserrno.o
        18          0          0          0          0         80   exit.o
         6          0          0          0          0        152   heapauxi.o
         0          0          0          0          0          0   indicate_semi.o
         2          0          0          0          0          0   libinit.o
         6          0          0          0          0          0   libinit2.o
         2          0          0          0          0          0   libshutdown.o
         2          0          0          0          0          0   libshutdown2.o
         8          4          0          0         96         68   libspace.o
       240          0          0          0          0        100   lludivv7m.o
         8          4          0          0          0         68   rt_errno_addr_intlibspace.o
        78          0          0          0          0         80   rt_memclr_w.o
         2          0          0          0          0          0   rtexit.o
        10          0          0          0          0          0   rtexit2.o
        12          4          0          0          0         68   sys_exit.o
        74          0          0          0          0         80   sys_stackheap_outer.o
         2          0          0          0          0         68   use_no_semi.o
        26          0          0          0          0        116   fpinit.o
         0          0          0          0          0          0   usenofp.o
       336         56          0          0          0        136   cosf.o
        38          0          0          0          0        116   fpclassifyf.o
        38         12          0          0          0        348   funder.o
       340         24         32          0          0        160   rredf.o
       400         56          0          0          0        212   sinf.o

    ----------------------------------------------------------------------
      1880        168         32          0         96       2020   Library Totals
        14          0          0          0          0          0   (incl. Padding)

    ----------------------------------------------------------------------

      Code (inc. data)   RO Data    RW Data    ZI Data      Debug   Library Name

       688         20          0          0         96        932   c_w.l
        26          0          0          0          0        116   fz_wm.l
      1152        148         32          0          0        972   m_wm.l

    ----------------------------------------------------------------------
      1880        168         32          0         96       2020   Library Totals

    ----------------------------------------------------------------------

==============================================================================


      Code (inc. data)   RO Data    RW Data    ZI Data      Debug   

     42488        534        616       1132      10500     483510   Grand Totals
     42488        534        616        200      10500     483510   ELF Image Totals (compressed)
     42488        534        616        200          0          0   ROM Totals

==============================================================================

    Total RO  Size (Code + RO Data)                43104 (  42.09kB)
    Total RW  Size (RW Data + ZI Data)             11632 (  11.36kB)
    Total ROM Size (Code + RO Data + RW Data)      43304 (  42.29kB)

==============================================================================

