Component: Arm Compiler for Embedded 6.18 Tool: armlink [5e4cc100]

==============================================================================

Section Cross References

    startup_stm32g474xx.o(STACK) refers (Special) to heapauxi.o(.text) for __use_two_region_memory
    startup_stm32g474xx.o(HEAP) refers (Special) to heapauxi.o(.text) for __use_two_region_memory
    startup_stm32g474xx.o(RESET) refers (Special) to heapauxi.o(.text) for __use_two_region_memory
    startup_stm32g474xx.o(RESET) refers to startup_stm32g474xx.o(STACK) for __initial_sp
    startup_stm32g474xx.o(RESET) refers to startup_stm32g474xx.o(.text) for Reset_Handler
    startup_stm32g474xx.o(RESET) refers to stm32g4xx_it.o(.text.NMI_Handler) for NMI_Handler
    startup_stm32g474xx.o(RESET) refers to stm32g4xx_it.o(.text.HardFault_Handler) for HardFault_Handler
    startup_stm32g474xx.o(RESET) refers to stm32g4xx_it.o(.text.MemManage_Handler) for MemManage_Handler
    startup_stm32g474xx.o(RESET) refers to stm32g4xx_it.o(.text.BusFault_Handler) for BusFault_Handler
    startup_stm32g474xx.o(RESET) refers to stm32g4xx_it.o(.text.UsageFault_Handler) for UsageFault_Handler
    startup_stm32g474xx.o(RESET) refers to stm32g4xx_it.o(.text.SVC_Handler) for SVC_Handler
    startup_stm32g474xx.o(RESET) refers to stm32g4xx_it.o(.text.DebugMon_Handler) for DebugMon_Handler
    startup_stm32g474xx.o(RESET) refers to stm32g4xx_it.o(.text.PendSV_Handler) for PendSV_Handler
    startup_stm32g474xx.o(RESET) refers to stm32g4xx_it.o(.text.SysTick_Handler) for SysTick_Handler
    startup_stm32g474xx.o(RESET) refers to stm32g4xx_it.o(.text.DMA1_Channel1_IRQHandler) for DMA1_Channel1_IRQHandler
    startup_stm32g474xx.o(RESET) refers to stm32g4xx_it.o(.text.DMA1_Channel2_IRQHandler) for DMA1_Channel2_IRQHandler
    startup_stm32g474xx.o(RESET) refers to stm32g4xx_it.o(.text.DMA1_Channel3_IRQHandler) for DMA1_Channel3_IRQHandler
    startup_stm32g474xx.o(RESET) refers to stm32g4xx_it.o(.text.DMA1_Channel4_IRQHandler) for DMA1_Channel4_IRQHandler
    startup_stm32g474xx.o(RESET) refers to stm32g4xx_it.o(.text.ADC1_2_IRQHandler) for ADC1_2_IRQHandler
    startup_stm32g474xx.o(RESET) refers to stm32g4xx_it.o(.text.USB_LP_IRQHandler) for USB_LP_IRQHandler
    startup_stm32g474xx.o(RESET) refers to stm32g4xx_it.o(.text.FDCAN1_IT0_IRQHandler) for FDCAN1_IT0_IRQHandler
    startup_stm32g474xx.o(RESET) refers to stm32g4xx_it.o(.text.FDCAN1_IT1_IRQHandler) for FDCAN1_IT1_IRQHandler
    startup_stm32g474xx.o(RESET) refers to stm32g4xx_it.o(.text.TIM1_UP_TIM16_IRQHandler) for TIM1_UP_TIM16_IRQHandler
    startup_stm32g474xx.o(RESET) refers to stm32g4xx_it.o(.text.USART3_IRQHandler) for USART3_IRQHandler
    startup_stm32g474xx.o(.text) refers (Special) to heapauxi.o(.text) for __use_two_region_memory
    startup_stm32g474xx.o(.text) refers to system_stm32g4xx.o(.text.SystemInit) for SystemInit
    startup_stm32g474xx.o(.text) refers to __main.o(!!!main) for __main
    startup_stm32g474xx.o(.text) refers to startup_stm32g474xx.o(HEAP) for Heap_Mem
    startup_stm32g474xx.o(.text) refers to startup_stm32g474xx.o(STACK) for Stack_Mem
    main.o(.text.main) refers to stm32g4xx_hal.o(.text.HAL_Init) for HAL_Init
    main.o(.text.main) refers to stm32g4xx_hal_pwr_ex.o(.text.HAL_PWREx_ControlVoltageScaling) for HAL_PWREx_ControlVoltageScaling
    main.o(.text.main) refers to stm32g4xx_hal_rcc.o(.text.HAL_RCC_OscConfig) for HAL_RCC_OscConfig
    main.o(.text.main) refers to stm32g4xx_hal_rcc.o(.text.HAL_RCC_ClockConfig) for HAL_RCC_ClockConfig
    main.o(.text.main) refers to gpio.o(.text.MX_GPIO_Init) for MX_GPIO_Init
    main.o(.text.main) refers to dma.o(.text.MX_DMA_Init) for MX_DMA_Init
    main.o(.text.main) refers to spi.o(.text.MX_SPI1_Init) for MX_SPI1_Init
    main.o(.text.main) refers to tim.o(.text.MX_TIM1_Init) for MX_TIM1_Init
    main.o(.text.main) refers to tim.o(.text.MX_TIM3_Init) for MX_TIM3_Init
    main.o(.text.main) refers to usb_device.o(.text.MX_USB_Device_Init) for MX_USB_Device_Init
    main.o(.text.main) refers to adc.o(.text.MX_ADC1_Init) for MX_ADC1_Init
    main.o(.text.main) refers to adc.o(.text.MX_ADC2_Init) for MX_ADC2_Init
    main.o(.text.main) refers to usart.o(.text.MX_USART3_UART_Init) for MX_USART3_UART_Init
    main.o(.text.main) refers to fdcan.o(.text.MX_FDCAN1_Init) for MX_FDCAN1_Init
    main.o(.text.main) refers to spi.o(.text.MX_SPI3_Init) for MX_SPI3_Init
    main.o(.text.main) refers to stm32g4xx_hal.o(.text.HAL_Delay) for HAL_Delay
    main.o(.text.main) refers to tim.o(.bss.htim3) for htim3
    main.o(.text.main) refers to stm32g4xx_hal_tim.o(.text.HAL_TIM_Base_Start) for HAL_TIM_Base_Start
    main.o(.text.main) refers to adc.o(.bss.hadc1) for hadc1
    main.o(.text.main) refers to stm32g4xx_hal_adc_ex.o(.text.HAL_ADCEx_Calibration_Start) for HAL_ADCEx_Calibration_Start
    main.o(.text.main) refers to adc.o(.bss.hadc2) for hadc2
[...]
    USBD_CDC_RegisterInterface               0x08009095   Thumb Code    14  usbd_cdc.o(.text.USBD_CDC_RegisterInterface)
    USBD_CDC_SerialStrDescriptor             0x080090a5   Thumb Code   364  usbd_desc.o(.text.USBD_CDC_SerialStrDescriptor)
    USBD_CDC_SetRxBuffer                     0x08009211   Thumb Code    18  usbd_cdc.o(.text.USBD_CDC_SetRxBuffer)
    USBD_CDC_SetTxBuffer                     0x08009225   Thumb Code    22  usbd_cdc.o(.text.USBD_CDC_SetTxBuffer)
    USBD_ClrClassConfig                      0x08009329   Thumb Code    16  usbd_core.o(.text.USBD_ClrClassConfig)
    USBD_CtlContinueRx                       0x08009339   Thumb Code    16  usbd_ioreq.o(.text.USBD_CtlContinueRx)
    USBD_CtlContinueSendData                 0x08009349   Thumb Code    16  usbd_ioreq.o(.text.USBD_CtlContinueSendData)
    USBD_CtlError                            0x08009359   Thumb Code    22  usbd_ctlreq.o(.text.USBD_CtlError)
    USBD_CtlPrepareRx                        0x08009371   Thumb Code    26  usbd_ioreq.o(.text.USBD_CtlPrepareRx)
    USBD_CtlReceiveStatus                    0x0800938d   Thumb Code    22  usbd_ioreq.o(.text.USBD_CtlReceiveStatus)
    USBD_CtlSendData                         0x080093a5   Thumb Code    26  usbd_ioreq.o(.text.USBD_CtlSendData)
    USBD_CtlSendStatus                       0x080093c1   Thumb Code    22  usbd_ioreq.o(.text.USBD_CtlSendStatus)
    USBD_GetString                           0x080093d9   Thumb Code   218  usbd_ctlreq.o(.text.USBD_GetString)
    USBD_Init                                0x080094b5   Thumb Code    42  usbd_core.o(.text.USBD_Init)
    USBD_LL_ClearStallEP                     0x080094e1   Thumb Code    34  usbd_conf.o(.text.USBD_LL_ClearStallEP)
    USBD_LL_CloseEP                          0x08009505   Thumb Code    34  usbd_conf.o(.text.USBD_LL_CloseEP)
    USBD_LL_DataInStage                      0x08009529   Thumb Code   168  usbd_core.o(.text.USBD_LL_DataInStage)
    USBD_LL_DataOutStage                     0x080095d1   Thumb Code   110  usbd_core.o(.text.USBD_LL_DataOutStage)
    USBD_LL_GetRxDataSize                    0x08009641   Thumb Code     8  usbd_conf.o(.text.USBD_LL_GetRxDataSize)
    USBD_LL_Init                             0x08009649   Thumb Code   134  usbd_conf.o(.text.USBD_LL_Init)
    USBD_LL_IsStallEP                        0x080096d1   Thumb Code    32  usbd_conf.o(.text.USBD_LL_IsStallEP)
    USBD_LL_OpenEP                           0x080096f1   Thumb Code    40  usbd_conf.o(.text.USBD_LL_OpenEP)
    USBD_LL_PrepareReceive                   0x08009719   Thumb Code    34  usbd_conf.o(.text.USBD_LL_PrepareReceive)
    USBD_LL_Reset                            0x0800973d   Thumb Code   104  usbd_core.o(.text.USBD_LL_Reset)
    USBD_LL_Resume                           0x080097a5   Thumb Code    20  usbd_core.o(.text.USBD_LL_Resume)
    USBD_LL_SOF                              0x080097b9   Thumb Code    32  usbd_core.o(.text.USBD_LL_SOF)
    USBD_LL_SetSpeed                         0x080097d9   Thumb Code     8  usbd_core.o(.text.USBD_LL_SetSpeed)
    USBD_LL_SetUSBAddress                    0x080097e1   Thumb Code    34  usbd_conf.o(.text.USBD_LL_SetUSBAddress)
    USBD_LL_SetupStage                       0x08009805   Thumb Code    98  usbd_core.o(.text.USBD_LL_SetupStage)
    USBD_LL_StallEP                          0x08009869   Thumb Code    34  usbd_conf.o(.text.USBD_LL_StallEP)
    USBD_LL_Start                            0x0800988d   Thumb Code    34  usbd_conf.o(.text.USBD_LL_Start)
    USBD_LL_Suspend                          0x080098b1   Thumb Code    20  usbd_core.o(.text.USBD_LL_Suspend)
    USBD_LL_Transmit                         0x080098c5   Thumb Code    34  usbd_conf.o(.text.USBD_LL_Transmit)
    USBD_ParseSetupRequest                   0x080098e9   Thumb Code    22  usbd_ctlreq.o(.text.USBD_ParseSetupRequest)
    USBD_RegisterClass                       0x08009901   Thumb Code    46  usbd_core.o(.text.USBD_RegisterClass)
    USBD_SetClassConfig                      0x08009931   Thumb Code    16  usbd_core.o(.text.USBD_SetClassConfig)
    USBD_Start                               0x08009941   Thumb Code     4  usbd_core.o(.text.USBD_Start)
    USBD_StdDevReq                           0x08009945   Thumb Code   884  usbd_ctlreq.o(.text.USBD_StdDevReq)
    USBD_StdEPReq                            0x08009cb9   Thumb Code   330  usbd_ctlreq.o(.text.USBD_StdEPReq)
    USBD_StdItfReq                           0x08009e05   Thumb Code   122  usbd_ctlreq.o(.text.USBD_StdItfReq)
    USBD_static_free                         0x08009e81   Thumb Code     2  usbd_conf.o(.text.USBD_static_free)
    USBD_static_malloc                       0x08009e85   Thumb Code    10  usbd_conf.o(.text.USBD_static_malloc)
    USB_ActivateEndpoint                     0x08009e91   Thumb Code   738  stm32g4xx_ll_usb.o(.text.USB_ActivateEndpoint)
    USB_DeactivateEndpoint                   0x0800a175   Thumb Code   226  stm32g4xx_ll_usb.o(.text.USB_DeactivateEndpoint)
    USB_DevConnect                           0x0800a259   Thumb Code    18  stm32g4xx_ll_usb.o(.text.USB_DevConnect)
    USB_DevInit                              0x0800a26d   Thumb Code    26  stm32g4xx_ll_usb.o(.text.USB_DevInit)
    USB_DisableGlobalInt                     0x0800a289   Thumb Code    20  stm32g4xx_ll_usb.o(.text.USB_DisableGlobalInt)
    USB_EPClearStall                         0x0800a29d   Thumb Code   124  stm32g4xx_ll_usb.o(.text.USB_EPClearStall)
    USB_EPSetStall                           0x0800a319   Thumb Code    50  stm32g4xx_ll_usb.o(.text.USB_EPSetStall)
    USB_EPStartXfer                          0x0800a34d   Thumb Code  1610  stm32g4xx_ll_usb.o(.text.USB_EPStartXfer)
    USB_EnableGlobalInt                      0x0800a999   Thumb Code    20  stm32g4xx_ll_usb.o(.text.USB_EnableGlobalInt)
    USB_LP_IRQHandler                        0x0800a9ad   Thumb Code    12  stm32g4xx_it.o(.text.USB_LP_IRQHandler)
    USB_ReadInterrupts                       0x0800a9b9   Thumb Code     6  stm32g4xx_ll_usb.o(.text.USB_ReadInterrupts)
    USB_ReadPMA                              0x0800a9c1   Thumb Code   156  stm32g4xx_ll_usb.o(.text.USB_ReadPMA)
    USB_SetDevAddress                        0x0800aa5d   Thumb Code    14  stm32g4xx_ll_usb.o(.text.USB_SetDevAddress)
    USB_WritePMA                             0x0800aa6d   Thumb Code   130  stm32g4xx_ll_usb.o(.text.USB_WritePMA)
    UsageFault_Handler                       0x0800aaf1   Thumb Code     2  stm32g4xx_it.o(.text.UsageFault_Handler)
    alob_init                                0x0800aaf5   Thumb Code   180  alob.o(.text.alob_init)
    cali_init                                0x0800aba9   Thumb Code    28  calibration.o(.text.cali_init)
    cos_f32                                  0x0800abc5   Thumb Code   148  util.o(.text.cos_f32)
    display_foc                              0x0800ac59   Thumb Code   748  display.o(.text.display_foc)
    encoder_init                             0x0800afb5   Thumb Code   100  encoder.o(.text.encoder_init)
    iden_init                                0x0800b019   Thumb Code   270  idpm.o(.text.iden_init)
    low_pf_init                              0x0800b129   Thumb Code    52  util.o(.text.low_pf_init)
    main                                     0x0800b15d   Thumb Code   326  main.o(.text.main)
    nlob_init                                0x0800b2a5   Thumb Code   220  nlob.o(.text.nlob_init)
    pid_clear                                0x0800b381   Thumb Code    20  pid.o(.text.pid_clear)
    pid_limit_init                           0x0800b395   Thumb Code    18  pid.o(.text.pid_limit_init)
    pmsm_init                                0x0800b3a9   Thumb Code  1436  foc_drv.o(.text.pmsm_init)
    sat1_datf                                0x0800b945   Thumb Code    30  util.o(.text.sat1_datf)
    scvm_init                                0x0800b965   Thumb Code   134  scvm.o(.text.scvm_init)
    sin_f32                                  0x0800b9ed   Thumb Code   140  util.o(.text.sin_f32)
    svm                                      0x0800ba79   Thumb Code   500  foc_calc.o(.text.svm)
    Long Thumb to Thumb Veneer to HAL_ADCEx_InjectedConvCpltCallback 0x0800bc6d   Thumb Code    10  anon$$obj.o(Veneer$$Code)
    Long Thumb to Thumb Veneer to foc_pwm_start 0x0800bc77   Thumb Code    10  anon$$obj.o(Veneer$$Code)
    Long Thumb to Thumb Veneer to traj_init  0x0800bc81   Thumb Code    10  anon$$obj.o(Veneer$$Code)
    Long Thumb to Thumb Veneer to eh_observer_init 0x0800bc8b   Thumb Code    10  anon$$obj.o(Veneer$$Code)
    __ARM_fpclassifyf                        0x0800bc95   Thumb Code    38  fpclassifyf.o(i.__ARM_fpclassifyf)
    __hardfp_atan2f                          0x0800bcbd   Thumb Code   594  atan2f.o(i.__hardfp_atan2f)
    __hardfp_cosf                            0x0800bf69   Thumb Code   280  cosf.o(i.__hardfp_cosf)
    __hardfp_fmodf                           0x0800c0b9   Thumb Code   176  fmodf.o(i.__hardfp_fmodf)
    __hardfp_sinf                            0x0800c169   Thumb Code   344  sinf.o(i.__hardfp_sinf)
    __hardfp_sqrtf                           0x0800c2f9   Thumb Code    58  sqrtf.o(i.__hardfp_sqrtf)
    __mathlib_flt_infnan                     0x0800c333   Thumb Code     6  funder.o(i.__mathlib_flt_infnan)
    __mathlib_flt_infnan2                    0x0800c339   Thumb Code     6  funder.o(i.__mathlib_flt_infnan2)
    __mathlib_flt_invalid                    0x0800c341   Thumb Code    10  funder.o(i.__mathlib_flt_invalid)
    __mathlib_flt_underflow                  0x0800c351   Thumb Code    10  funder.o(i.__mathlib_flt_underflow)
    __mathlib_rredf2                         0x0800c361   Thumb Code   316  rredf.o(i.__mathlib_rredf2)
    __aeabi_d2f                              0x0800c4b5   Thumb Code     0  d2f.o(x$fpl$d2f)
    _d2f                                     0x0800c4b5   Thumb Code    98  d2f.o(x$fpl$d2f)
    __fpl_dnaninf                            0x0800c517   Thumb Code   156  dnaninf.o(x$fpl$dnaninf)
    __fpl_dretinf                            0x0800c5b3   Thumb Code    12  dretinf.o(x$fpl$dretinf)
    __aeabi_f2d                              0x0800c5c1   Thumb Code     0  f2d.o(x$fpl$f2d)
    _f2d                                     0x0800c5c1   Thumb Code    86  f2d.o(x$fpl$f2d)
    __fpl_fnaninf                            0x0800c617   Thumb Code   140  fnaninf.o(x$fpl$fnaninf)
    _fp_init                                 0x0800c6a3   Thumb Code    26  fpinit.o(x$fpl$fpinit)
    __fplib_config_fpu_vfp                   0x0800c6bb   Thumb Code     0  fpinit.o(x$fpl$fpinit)
    __fplib_config_pureend_doubles           0x0800c6bb   Thumb Code     0  fpinit.o(x$fpl$fpinit)
    _frem                                    0x0800c6bd   Thumb Code   240  frem_clz.o(x$fpl$frem)
    __fpl_fretinf                            0x0800c7b1   Thumb Code    10  fretinf.o(x$fpl$fretinf)
    __I$use$fp                               0x0800c7ba   Number         0  usenofp.o(x$fpl$usenofp)
    AHBPrescTable                            0x0800c7dc   Data          16  system_stm32g4xx.o(.rodata.AHBPrescTable)
    APBPrescTable                            0x0800c7ec   Data           8  system_stm32g4xx.o(.rodata.APBPrescTable)
    UARTPrescTable                           0x0800c7f4   Data          24  stm32g4xx_hal_uart.o(.rodata.UARTPrescTable)
    ascii_1206                               0x0800c80c   Data        1140  lcd.o(.rodata.ascii_1206)
    ascii_1608                               0x0800cc80   Data        1520  lcd.o(.rodata.ascii_1608)
    ascii_2412                               0x0800d270   Data        4560  lcd.o(.rodata.ascii_2412)
    ascii_3216                               0x0800e440   Data        6080  lcd.o(.rodata.ascii_3216)
    Region$$Table$$Base                      0x0801042c   Number         0  anon$$obj.o(Region$$Table)
    Region$$Table$$Limit                     0x0801045c   Number         0  anon$$obj.o(Region$$Table)
    alob_flux                                0x20000001   Thumb Code   496  alob.o(.RamFunc)
    cali_mag_encoder                         0x200001f1   Thumb Code  2536  calibration.o(.RamFunc)
    cali_reset_state                         0x20000bd9   Thumb Code    56  calibration.o(.RamFunc)
    eh_observer_init                         0x20000c11   Thumb Code   168  eh_observer.o(.RamFunc)
    eh_speed_observer                        0x20000cb9   Thumb Code     2  eh_observer.o(.RamFunc)
    eh_torque_observer                       0x20000cbd   Thumb Code   178  eh_observer.o(.RamFunc)
    encoder_parity                           0x20000d71   Thumb Code    96  encoder.o(.RamFunc)
    read_mt6825_raw                          0x20000dd1   Thumb Code     4  encoder.o(.RamFunc)
    read_ma732_raw                           0x20000dd5   Thumb Code   208  encoder.o(.RamFunc)
    read_mt6816_raw                          0x20000ea5   Thumb Code   386  encoder.o(.RamFunc)
    read_dm485enc_raw                        0x20001029   Thumb Code     2  encoder.o(.RamFunc)
    send_mod_dm485enc                        0x2000102d   Thumb Code     2  encoder.o(.RamFunc)
    pos_encoder_calc                         0x20001031   Thumb Code    76  encoder.o(.RamFunc)
    bsp_uart8_rxidle_isr                     0x2000107d   Thumb Code     2  encoder.o(.RamFunc)
    HAL_ADCEx_InjectedConvCpltCallback       0x20001081   Thumb Code    44  foc_ctrl_1.o(.RamFunc)
    pmsm_state_ctrl                          0x200010ad   Thumb Code   190  foc_ctrl_1.o(.RamFunc)
    pmsm_reset                               0x2000116d   Thumb Code    54  foc_ctrl_1.o(.RamFunc)
    pmsm_mode_ctrl                           0x200011a5   Thumb Code  1208  foc_ctrl_1.o(.RamFunc)
    pm_mit_mode                              0x2000165d   Thumb Code    92  foc_ctrl_1.o(.RamFunc)
    pt_tor_mode                              0x200016b9   Thumb Code   138  foc_ctrl_1.o(.RamFunc)
    pv_vel_mode                              0x20001745   Thumb Code   172  foc_ctrl_1.o(.RamFunc)
    pp_pos_mode                              0x200017f1   Thumb Code   500  foc_ctrl_1.o(.RamFunc)
    cst_tor_mode                             0x200019e5   Thumb Code   138  foc_ctrl_1.o(.RamFunc)
    csv_vel_mode                             0x20001a71   Thumb Code    56  foc_ctrl_1.o(.RamFunc)
    csp_pos_mode                             0x20001aa9   Thumb Code    68  foc_ctrl_1.o(.RamFunc)
    pmsm_quick_stop_mode                     0x20001aed   Thumb Code   184  foc_ctrl_1.o(.RamFunc)
    pmsm_fault_stop_mode                     0x20001ba5   Thumb Code   196  foc_ctrl_1.o(.RamFunc)
    force_volt_mode                          0x20001c69   Thumb Code   104  foc_ctrl_1.o(.RamFunc)
    force_curr_mode                          0x20001cd1   Thumb Code   104  foc_ctrl_1.o(.RamFunc)
    pmsm_slow_down                           0x20001d39   Thumb Code   156  foc_ctrl_1.o(.RamFunc)
    pmsm_ctrl_set                            0x20001dd5   Thumb Code   282  foc_ctrl_1.o(.RamFunc)
    pmsm_ctrl_display                        0x20001ef1   Thumb Code   276  foc_ctrl_1.o(.RamFunc)
    pmsm_fault_check                         0x20002005   Thumb Code   486  foc_ctrl_1.o(.RamFunc)
    pmsm_anticog_comp                        0x200021ed   Thumb Code   124  foc_ctrl_1.o(.RamFunc)
    foc_calc                                 0x20002269   Thumb Code   176  foc_calc.o(.RamFunc)
    sin_cos_val                              0x20002319   Thumb Code    34  foc_calc.o(.RamFunc)
    clarke_transform                         0x2000233d   Thumb Code    40  foc_calc.o(.RamFunc)
    inverse_clarke                           0x20002365   Thumb Code    64  foc_calc.o(.RamFunc)
    park_transform                           0x200023a5   Thumb Code    50  foc_calc.o(.RamFunc)
    inverse_park                             0x200023d9   Thumb Code    50  foc_calc.o(.RamFunc)
    svpwm_midpoint                           0x2000240d   Thumb Code   196  foc_calc.o(.RamFunc)
    svpwm_sector                             0x200024d1   Thumb Code   404  foc_calc.o(.RamFunc)
    foc_cur_pi_calc                          0x20002665   Thumb Code    56  foc_drv.o(.RamFunc)
    foc_spd_pi_calc                          0x2000269d   Thumb Code   134  foc_drv.o(.RamFunc)
    foc_volt                                 0x20002725   Thumb Code   180  foc_drv.o(.RamFunc)
    foc_pwm_run                              0x200027d9   Thumb Code   178  foc_drv.o(.RamFunc)
    foc_curr                                 0x2000288d   Thumb Code   244  foc_drv.o(.RamFunc)
    foc_vel                                  0x20002981   Thumb Code   320  foc_drv.o(.RamFunc)
    foc_pos                                  0x20002ac1   Thumb Code   400  foc_drv.o(.RamFunc)
    spd_measure_M                            0x20002c51   Thumb Code   100  foc_drv.o(.RamFunc)
    foc_para_calc                            0x20002cb5   Thumb Code   372  foc_drv.o(.RamFunc)
    foc_clear                                0x20002e29   Thumb Code    28  foc_drv.o(.RamFunc)
    foc_pwm_start                            0x20002e45   Thumb Code    62  foc_drv.o(.RamFunc)
    foc_pwm_stop                             0x20002e85   Thumb Code    62  foc_drv.o(.RamFunc)
    foc_adc_sample                           0x20002ec5   Thumb Code   228  foc_drv.o(.RamFunc)
    foc_pwm_duty_set                         0x20002fa9   Thumb Code    82  foc_drv.o(.RamFunc)
    iden_pmsm_first                          0x20002ffd   Thumb Code   412  idpm.o(.RamFunc)
    iden_Rs                                  0x20003199   Thumb Code  1556  idpm.o(.RamFunc)
    iden_Ls                                  0x200037ad   Thumb Code   548  idpm.o(.RamFunc)
    iden_Fs                                  0x200039d1   Thumb Code  1042  idpm.o(.RamFunc)
    iden_Js                                  0x20003de5   Thumb Code   404  idpm.o(.RamFunc)
    nlob_vesc                                0x20003f79   Thumb Code   412  nlob.o(.RamFunc)
    parallel_pid_ctrl                        0x20004115   Thumb Code   316  pid.o(.RamFunc)
    serial_pid_ctrl                          0x20004251   Thumb Code   196  pid.o(.RamFunc)
    pdff_ctrl                                0x20004315   Thumb Code   348  pid.o(.RamFunc)
    pll_calc                                 0x20004471   Thumb Code   256  pll.o(.RamFunc)
    ort_pll_calc                             0x20004571   Thumb Code   260  pll.o(.RamFunc)
    send_encoder_read_command                0x20004675   Thumb Code   158  pos_calc.o(.RamFunc)
    pos_calc                                 0x20004715   Thumb Code   696  pos_calc.o(.RamFunc)
    sensory1_pos_calc                        0x200049cd   Thumb Code   336  pos_calc.o(.RamFunc)
    sensory2_pos_calc                        0x20004b1d   Thumb Code   416  pos_calc.o(.RamFunc)
    senless_pos_calc                         0x20004cbd   Thumb Code   268  pos_calc.o(.RamFunc)
    scvm_obe                                 0x20004dc9   Thumb Code   476  scvm.o(.RamFunc)
    traj_init                                0x20004fa5   Thumb Code    34  trap_traj.o(.RamFunc)
    sign_hard                                0x20004fc9   Thumb Code    18  trap_traj.o(.RamFunc)
    spd_traj_plan                            0x20004fdd   Thumb Code   812  trap_traj.o(.RamFunc)
    spd_traj_eval                            0x20005309   Thumb Code   440  trap_traj.o(.RamFunc)
    pos_traj_plan                            0x200054c1   Thumb Code   592  trap_traj.o(.RamFunc)
    pos_traj_eval                            0x20005711   Thumb Code   782  trap_traj.o(.RamFunc)
    low_pf                                   0x20005a21   Thumb Code    34  util.o(.RamFunc)
    anticogging_calibration                  0x20005a45   Thumb Code   304  anticogging.o(.RamFunc)
    Long Thumb to Thumb Veneer to sin_f32    0x20005b75   Thumb Code    10  anon$$obj.o(Veneer$$Code)
    Long Thumb to Thumb Veneer to cos_f32    0x20005b7f   Thumb Code    10  anon$$obj.o(Veneer$$Code)
    Long Thumb to Thumb Veneer to __hardfp_atan2f 0x20005b89   Thumb Code    10  anon$$obj.o(Veneer$$Code)
    Long Thumb to Thumb Veneer to __aeabi_memclr4 0x20005b93   Thumb Code    10  anon$$obj.o(Veneer$$Code)
    Long Thumb to Thumb Veneer to __hardfp_fmodf 0x20005b9d   Thumb Code    10  anon$$obj.o(Veneer$$Code)
    Long Thumb to Thumb Veneer to HAL_GPIO_WritePin 0x20005ba7   Thumb Code    10  anon$$obj.o(Veneer$$Code)
    Long Thumb to Thumb Veneer to pid_clear  0x20005bb1   Thumb Code    10  anon$$obj.o(Veneer$$Code)
    Long Thumb to Thumb Veneer to sat1_datf  0x20005bbb   Thumb Code    10  anon$$obj.o(Veneer$$Code)
    Long Thumb to Thumb Veneer to svm        0x20005bc5   Thumb Code    10  anon$$obj.o(Veneer$$Code)
    Long Thumb to Thumb Veneer to __hardfp_sinf 0x20005bcf   Thumb Code    10  anon$$obj.o(Veneer$$Code)
    Long Thumb to Thumb Veneer to __hardfp_cosf 0x20005bd9   Thumb Code    10  anon$$obj.o(Veneer$$Code)
    Long Thumb to Thumb Veneer to HAL_TIM_PWM_Start 0x20005be3   Thumb Code    10  anon$$obj.o(Veneer$$Code)
    Long Thumb to Thumb Veneer to HAL_TIMEx_PWMN_Start 0x20005bed   Thumb Code    10  anon$$obj.o(Veneer$$Code)
    Long Thumb to Thumb Veneer to HAL_TIM_PWM_Stop 0x20005bf7   Thumb Code    10  anon$$obj.o(Veneer$$Code)
    Long Thumb to Thumb Veneer to HAL_TIMEx_PWMN_Stop 0x20005c01   Thumb Code    10  anon$$obj.o(Veneer$$Code)
    Long Thumb to Thumb Veneer to __hardfp_sqrtf 0x20005c0b   Thumb Code    10  anon$$obj.o(Veneer$$Code)
    Long Thumb to Thumb Veneer to __aeabi_f2d 0x20005c15   Thumb Code    10  anon$$obj.o(Veneer$$Code)
    Long Thumb to Thumb Veneer to __aeabi_d2f 0x20005c1f   Thumb Code    10  anon$$obj.o(Veneer$$Code)
    pm                                       0x20005c28   Data       50232  foc_drv.o(.data)
    uwTickPrio                               0x20012060   Data           4  stm32g4xx_hal.o(.data..L_MergedGlobals)
    uwTickFreq                               0x20012064   Data           4  stm32g4xx_hal.o(.data..L_MergedGlobals)
    CDC_Desc                                 0x20012068   Data          32  usbd_desc.o(.data.CDC_Desc)
    SystemCoreClock                          0x20012088   Data           4  system_stm32g4xx.o(.data.SystemCoreClock)
    USBD_CDC                                 0x2001208c   Data          56  usbd_cdc.o(.data.USBD_CDC)
    USBD_CDC_DeviceDesc                      0x2001214c   Data          18  usbd_desc.o(.data.USBD_CDC_DeviceDesc)
    USBD_Interface_fops_FS                   0x200121b0   Data          20  usbd_cdc_if.o(.data.USBD_Interface_fops_FS)
    USBD_LangIDDesc                          0x200121c4   Data           4  usbd_desc.o(.data.USBD_LangIDDesc)
    USBD_StringSerial                        0x200121c8   Data          26  usbd_desc.o(.data.USBD_StringSerial)
    eh_vobs                                  0x200121e4   Data          48  eh_observer.o(.fast_ram)
    eh_tobs                                  0x20012214   Data          80  eh_observer.o(.fast_ram)
    __libspace_start                         0x20012268   Data          96  libspace.o(.bss)
    __temporary_stack_top$libspace           0x200122c8   Data           0  libspace.o(.bss)
    adc1_buff                                0x200122c8   Data           4  main.o(.bss..L_MergedGlobals)
    adc2_buff                                0x200122cc   Data           8  main.o(.bss..L_MergedGlobals)
    hdma_adc1                                0x200122d8   Data          96  adc.o(.bss..L_MergedGlobals)
    ids                                      0x20012390   Data           8  idpm.o(.bss..L_MergedGlobals)
    iqs                                      0x20012398   Data           8  idpm.o(.bss..L_MergedGlobals)
    A1                                       0x200123a0   Data           4  trap_traj.o(.bss..L_MergedGlobals)
    B1                                       0x200123a4   Data           4  trap_traj.o(.bss..L_MergedGlobals)
    C1                                       0x200123a8   Data           4  trap_traj.o(.bss..L_MergedGlobals)
    F1                                       0x200123ac   Data           4  trap_traj.o(.bss..L_MergedGlobals)
    A2                                       0x200123b0   Data           4  trap_traj.o(.bss..L_MergedGlobals)
    B2                                       0x200123b4   Data           4  trap_traj.o(.bss..L_MergedGlobals)
    C2                                       0x200123b8   Data           4  trap_traj.o(.bss..L_MergedGlobals)
    F2                                       0x200123bc   Data           4  trap_traj.o(.bss..L_MergedGlobals)
    USBD_StrDesc                             0x2001243c   Data         512  usbd_desc.o(.bss.USBD_StrDesc)
    UserRxBufferFS                           0x2001285c   Data        2048  usbd_cdc_if.o(.bss.UserRxBufferFS)
    UserTxBufferFS                           0x2001305c   Data        2048  usbd_cdc_if.o(.bss.UserTxBufferFS)
    alob                                     0x2001385c   Data         200  alob.o(.bss.alob)
    hUsbDeviceFS                             0x20013924   Data         720  usb_device.o(.bss.hUsbDeviceFS)
    hadc1                                    0x20013bf4   Data         108  adc.o(.bss.hadc1)
    hadc2                                    0x20013c60   Data         108  adc.o(.bss.hadc2)
    hdma_adc2                                0x20013ccc   Data          96  adc.o(.bss.hdma_adc2)
    hdma_usart3_rx                           0x20013d2c   Data          96  usart.o(.bss.hdma_usart3_rx)
    hdma_usart3_tx                           0x20013d8c   Data          96  usart.o(.bss.hdma_usart3_tx)
    hfdcan1                                  0x20013dec   Data         100  fdcan.o(.bss.hfdcan1)
    hpcd_USB_FS                              0x20013e50   Data         732  usbd_conf.o(.bss.hpcd_USB_FS)
    hspi1                                    0x2001412c   Data         100  spi.o(.bss.hspi1)
    hspi3                                    0x20014190   Data         100  spi.o(.bss.hspi3)
    htim1                                    0x200141f4   Data          76  tim.o(.bss.htim1)
    htim3                                    0x20014240   Data          76  tim.o(.bss.htim3)
    huart3                                   0x2001428c   Data         148  usart.o(.bss.huart3)
    uwTick                                   0x20014328   Data           4  stm32g4xx_hal.o(.bss.uwTick)



==============================================================================

Memory Map of the image

  Image Entry point : 0x080001d9

  Load Region LR_IROM1 (Base: 0x08000000, Size: 0x000226c8, Max: 0x00080000, ABSOLUTE, COMPRESSED[0x000162d8])

    Execution Region ER_IROM1 (Exec base: 0x08000000, Load base: 0x08000000, Size: 0x0001045c, Max: 0x00080000, ABSOLUTE)

    Exec Addr    Load Addr    Size         Type   Attr      Idx    E Section Name        Object

    0x08000000   0x08000000   0x000001d8   Data   RO            3    RESET               startup_stm32g474xx.o
    0x080001d8   0x080001d8   0x00000008   Code   RO         2434  * !!!main             c_w.l(__main.o)
    0x080001e0   0x080001e0   0x00000034   Code   RO         2754    !!!scatter          c_w.l(__scatter.o)
    0x08000214   0x08000214   0x0000005a   Code   RO         2752    !!dczerorl2         c_w.l(__dczerorl2.o)
    0x0800026e   0x0800026e   0x00000002   PAD
    0x08000270   0x08000270   0x0000001a   Code   RO         2756    !!handler_copy      c_w.l(__scatter_copy.o)
    0x0800028a   0x0800028a   0x00000002   PAD
    0x0800028c   0x0800028c   0x0000001c   Code   RO         2758    !!handler_zi        c_w.l(__scatter_zi.o)
    0x080002a8   0x080002a8   0x00000002   Code   RO         2617    .ARM.Collect$$libinit$$00000000  c_w.l(libinit.o)
    0x080002aa   0x080002aa   0x00000004   Code   RO         2626    .ARM.Collect$$libinit$$00000001  c_w.l(libinit2.o)
    0x080002ae   0x080002ae   0x00000000   Code   RO         2629    .ARM.Collect$$libinit$$00000004  c_w.l(libinit2.o)
    0x080002ae   0x080002ae   0x00000000   Code   RO         2631    .ARM.Collect$$libinit$$00000006  c_w.l(libinit2.o)
    0x080002ae   0x080002ae   0x00000000   Code   RO         2634    .ARM.Collect$$libinit$$0000000C  c_w.l(libinit2.o)
    0x080002ae   0x080002ae   0x00000000   Code   RO         2636    .ARM.Collect$$libinit$$0000000E  c_w.l(libinit2.o)
    0x080002ae   0x080002ae   0x00000000   Code   RO         2638    .ARM.Collect$$libinit$$00000010  c_w.l(libinit2.o)
    0x080002ae   0x080002ae   0x00000000   Code   RO         2641    .ARM.Collect$$libinit$$00000013  c_w.l(libinit2.o)
    0x080002ae   0x080002ae   0x00000000   Code   RO         2643    .ARM.Collect$$libinit$$00000015  c_w.l(libinit2.o)
    0x080002ae   0x080002ae   0x00000000   Code   RO         2645    .ARM.Collect$$libinit$$00000017  c_w.l(libinit2.o)
    0x080002ae   0x080002ae   0x00000000   Code   RO         2647    .ARM.Collect$$libinit$$00000019  c_w.l(libinit2.o)
    0x080002ae   0x080002ae   0x00000000   Code   RO         2649    .ARM.Collect$$libinit$$0000001B  c_w.l(libinit2.o)
    0x080002ae   0x080002ae   0x00000000   Code   RO         2651    .ARM.Collect$$libinit$$0000001D  c_w.l(libinit2.o)
    0x080002ae   0x080002ae   0x00000000   Code   RO         2653    .ARM.Collect$$libinit$$0000001F  c_w.l(libinit2.o)
    0x080002ae   0x080002ae   0x00000000   Code   RO         2655    .ARM.Collect$$libinit$$00000021  c_w.l(libinit2.o)
    0x080002ae   0x080002ae   0x00000000   Code   RO         2657    .ARM.Collect$$libinit$$00000023  c_w.l(libinit2.o)
    0x080002ae   0x080002ae   0x00000000   Code   RO         2659    .ARM.Collect$$libinit$$00000025  c_w.l(libinit2.o)
    0x080002ae   0x080002ae   0x00000000   Code   RO         2661    .ARM.Collect$$libinit$$00000027  c_w.l(libinit2.o)
    0x080002ae   0x080002ae   0x00000000   Code   RO         2665    .ARM.Collect$$libinit$$0000002E  c_w.l(libinit2.o)
    0x080002ae   0x080002ae   0x00000000   Code   RO         2667    .ARM.Collect$$libinit$$00000030  c_w.l(libinit2.o)
    0x080002ae   0x080002ae   0x00000000   Code   RO         2669    .ARM.Collect$$libinit$$00000032  c_w.l(libinit2.o)
    0x080002ae   0x080002ae   0x00000000   Code   RO         2671    .ARM.Collect$$libinit$$00000034  c_w.l(libinit2.o)
    0x080002ae   0x080002ae   0x00000002   Code   RO         2672    .ARM.Collect$$libinit$$00000035  c_w.l(libinit2.o)
    0x080002b0   0x080002b0   0x00000002   Code   RO         2707    .ARM.Collect$$libshutdown$$00000000  c_w.l(libshutdown.o)
    0x080002b2   0x080002b2   0x00000000   Code   RO         2735    .ARM.Collect$$libshutdown$$00000002  c_w.l(libshutdown2.o)
    0x080002b2   0x080002b2   0x00000000   Code   RO         2737    .ARM.Collect$$libshutdown$$00000004  c_w.l(libshutdown2.o)
    0x080002b2   0x080002b2   0x00000000   Code   RO         2740    .ARM.Collect$$libshutdown$$00000007  c_w.l(libshutdown2.o)
    0x080002b2   0x080002b2   0x00000000   Code   RO         2743    .ARM.Collect$$libshutdown$$0000000A  c_w.l(libshutdown2.o)
    0x080002b2   0x080002b2   0x00000000   Code   RO         2745    .ARM.Collect$$libshutdown$$0000000C  c_w.l(libshutdown2.o)
    0x080002b2   0x080002b2   0x00000000   Code   RO         2748    .ARM.Collect$$libshutdown$$0000000F  c_w.l(libshutdown2.o)
    0x080002b2   0x080002b2   0x00000002   Code   RO         2749    .ARM.Collect$$libshutdown$$00000010  c_w.l(libshutdown2.o)
    0x080002b4   0x080002b4   0x00000000   Code   RO         2495    .ARM.Collect$$rtentry$$00000000  c_w.l(__rtentry.o)
    0x080002b4   0x080002b4   0x00000000   Code   RO         2560    .ARM.Collect$$rtentry$$00000002  c_w.l(__rtentry2.o)
    0x080002b4   0x080002b4   0x00000006   Code   RO         2572    .ARM.Collect$$rtentry$$00000004  c_w.l(__rtentry4.o)
    0x080002ba   0x080002ba   0x00000000   Code   RO         2562    .ARM.Collect$$rtentry$$00000009  c_w.l(__rtentry2.o)
    0x080002ba   0x080002ba   0x00000004   Code   RO         2563    .ARM.Collect$$rtentry$$0000000A  c_w.l(__rtentry2.o)
    0x080002be   0x080002be   0x00000000   Code   RO         2565    .ARM.Collect$$rtentry$$0000000C  c_w.l(__rtentry2.o)
    0x080002be   0x080002be   0x00000008   Code   RO         2566    .ARM.Collect$$rtentry$$0000000D  c_w.l(__rtentry2.o)
    0x080002c6   0x080002c6   0x00000002   Code   RO         2618    .ARM.Collect$$rtexit$$00000000  c_w.l(rtexit.o)
    0x080002c8   0x080002c8   0x00000000   Code   RO         2678    .ARM.Collect$$rtexit$$00000002  c_w.l(rtexit2.o)
    0x080002c8   0x080002c8   0x00000004   Code   RO         2679    .ARM.Collect$$rtexit$$00000003  c_w.l(rtexit2.o)
    0x080002cc   0x080002cc   0x00000006   Code   RO         2680    .ARM.Collect$$rtexit$$00000004  c_w.l(rtexit2.o)
    0x080002d2   0x080002d2   0x00000002   PAD
    0x080002d4   0x080002d4   0x00000040   Code   RO            4    .text               startup_stm32g474xx.o
    0x08000314   0x08000314   0x000000f0   Code   RO         2428    .text               c_w.l(lludivv7m.o)
    0x08000404   0x08000404   0x0000004e   Code   RO         2430    .text               c_w.l(rt_memclr_w.o)
    0x08000452   0x08000452   0x00000006   Code   RO         2432    .text               c_w.l(heapauxi.o)
    0x08000458   0x08000458   0x00000016   Code   RO         2500    .text               c_w.l(_rserrno.o)
    0x0800046e   0x0800046e   0x00000002   PAD
    0x08000470   0x08000470   0x00000008   Code   RO         2579    .text               c_w.l(rt_errno_addr_intlibspace.o)
    0x08000478   0x08000478   0x00000008   Code   RO         2601    .text               c_w.l(libspace.o)
    0x08000480   0x08000480   0x0000004a   Code   RO         2604    .text               c_w.l(sys_stackheap_outer.o)
    0x080004ca   0x080004ca   0x00000012   Code   RO         2606    .text               c_w.l(exit.o)
    0x080004dc   0x080004dc   0x0000000c   Code   RO         2673    .text               c_w.l(sys_exit.o)
    0x080004e8   0x080004e8   0x00000002   Code   RO         2696    .text               c_w.l(use_no_semi.o)
    0x080004ea   0x080004ea   0x00000000   Code   RO         2698    .text               c_w.l(indicate_semi.o)
    0x080004ea   0x080004ea   0x00000002   PAD
    0x080004ec   0x080004ec   0x0000001e   Code   RO          161    .text.ADC1_2_IRQHandler  stm32g4xx_it.o
    0x0800050a   0x0800050a   0x00000002   PAD
    0x0800050c   0x0800050c   0x00000062   Code   RO         1012    .text.ADC_DMAConvCplt  stm32g4xx_hal_adc.o
    0x0800056e   0x0800056e   0x00000002   PAD
    0x08000570   0x08000570   0x00000016   Code   RO         1016    .text.ADC_DMAError  stm32g4xx_hal_adc.o
    0x08000586   0x08000586   0x00000002   PAD
    0x08000588   0x08000588   0x00000006   Code   RO         1014    .text.ADC_DMAHalfConvCplt  stm32g4xx_hal_adc.o
    0x0800058e   0x0800058e   0x00000002   PAD
    0x08000590   0x08000590   0x0000007c   Code   RO          992    .text.ADC_Disable   stm32g4xx_hal_adc.o
    0x0800060c   0x0800060c   0x0000010e   Code   RO          998    .text.ADC_Enable    stm32g4xx_hal_adc.o
    0x0800071a   0x0800071a   0x00000002   PAD
    0x0800071c   0x0800071c   0x00000002   Code   RO          141    .text.BusFault_Handler  stm32g4xx_it.o
    0x0800071e   0x0800071e   0x00000002   PAD
    0x08000720   0x08000720   0x00000004   Code   RO          300    .text.CDC_Control_FS  usbd_cdc_if.o
    0x08000724   0x08000724   0x00000004   Code   RO          298    .text.CDC_DeInit_FS  usbd_cdc_if.o
    0x08000728   0x08000728   0x0000002c   Code   RO          296    .text.CDC_Init_FS   usbd_cdc_if.o
    0x08000754   0x08000754   0x0000001c   Code   RO          302    .text.CDC_Receive_FS  usbd_cdc_if.o
    0x08000770   0x08000770   0x00000004   Code   RO          304    .text.CDC_TransmitCplt_FS  usbd_cdc_if.o
    0x08000774   0x08000774   0x0000000c   Code   RO          153    .text.DMA1_Channel1_IRQHandler  stm32g4xx_it.o
    0x08000780   0x08000780   0x0000000c   Code   RO          155    .text.DMA1_Channel2_IRQHandler  stm32g4xx_it.o
    0x0800078c   0x0800078c   0x0000000c   Code   RO          157    .text.DMA1_Channel3_IRQHandler  stm32g4xx_it.o
    0x08000798   0x08000798   0x0000000c   Code   RO          159    .text.DMA1_Channel4_IRQHandler  stm32g4xx_it.o
    0x080007a4   0x080007a4   0x00000002   Code   RO          147    .text.DebugMon_Handler  stm32g4xx_it.o
    0x080007a6   0x080007a6   0x00000002   PAD
    0x080007a8   0x080007a8   0x0000000a   Code   RO           15    .text.Error_Handler  main.o
    0x080007b2   0x080007b2   0x00000002   PAD
    0x080007b4   0x080007b4   0x0000000c   Code   RO          165    .text.FDCAN1_IT0_IRQHandler  stm32g4xx_it.o
    0x080007c0   0x080007c0   0x0000000c   Code   RO          167    .text.FDCAN1_IT1_IRQHandler  stm32g4xx_it.o
    0x080007cc   0x080007cc   0x000000d4   Code   RO         1052    .text.HAL_ADCEx_Calibration_Start  stm32g4xx_hal_adc_ex.o
    0x080008a0   0x080008a0   0x00000002   Code   RO         1084    .text.HAL_ADCEx_EndOfSamplingCallback  stm32g4xx_hal_adc_ex.o
    0x080008a2   0x080008a2   0x00000002   PAD
    0x080008a4   0x080008a4   0x000004ee   Code   RO         1094    .text.HAL_ADCEx_InjectedConfigChannel  stm32g4xx_hal_adc_ex.o
    0x08000d92   0x08000d92   0x00000002   PAD
    0x08000d94   0x08000d94   0x00000002   Code   RO         1078    .text.HAL_ADCEx_InjectedQueueOverflowCallback  stm32g4xx_hal_adc_ex.o
    0x08000d96   0x08000d96   0x00000002   PAD
    0x08000d98   0x08000d98   0x0000012c   Code   RO         1058    .text.HAL_ADCEx_InjectedStart  stm32g4xx_hal_adc_ex.o
    0x08000ec4   0x08000ec4   0x00000160   Code   RO         1064    .text.HAL_ADCEx_InjectedStart_IT  stm32g4xx_hal_adc_ex.o
    0x08001024   0x08001024   0x00000002   Code   RO         1080    .text.HAL_ADCEx_LevelOutOfWindow2Callback  stm32g4xx_hal_adc_ex.o
    0x08001026   0x08001026   0x00000002   PAD
    0x08001028   0x08001028   0x00000002   Code   RO         1082    .text.HAL_ADCEx_LevelOutOfWindow3Callback  stm32g4xx_hal_adc_ex.o
    0x0800102a   0x0800102a   0x00000002   PAD
    0x0800102c   0x0800102c   0x00000134   Code   RO         1096    .text.HAL_ADCEx_MultiModeConfigChannel  stm32g4xx_hal_adc_ex.o
    0x08001160   0x08001160   0x000003e8   Code   RO         1036    .text.HAL_ADC_ConfigChannel  stm32g4xx_hal_adc.o
    0x08001548   0x08001548   0x00000002   Code   RO         1028    .text.HAL_ADC_ConvCpltCallback  stm32g4xx_hal_adc.o
    0x0800154a   0x0800154a   0x00000002   PAD
    0x0800154c   0x0800154c   0x00000002   Code   RO         1034    .text.HAL_ADC_ConvHalfCpltCallback  stm32g4xx_hal_adc.o
    0x0800154e   0x0800154e   0x00000002   PAD
    0x08001550   0x08001550   0x00000002   Code   RO         1032    .text.HAL_ADC_ErrorCallback  stm32g4xx_hal_adc.o
    0x08001552   0x08001552   0x00000002   PAD
    0x08001554   0x08001554   0x00000316   Code   RO         1026    .text.HAL_ADC_IRQHandler  stm32g4xx_hal_adc.o
    0x0800186a   0x0800186a   0x00000002   PAD
    0x0800186c   0x0800186c   0x0000027c   Code   RO          984    .text.HAL_ADC_Init  stm32g4xx_hal_adc.o
    0x08001ae8   0x08001ae8   0x00000002   Code   RO         1030    .text.HAL_ADC_LevelOutOfWindowCallback  stm32g4xx_hal_adc.o
    0x08001aea   0x08001aea   0x00000002   PAD
    0x08001aec   0x08001aec   0x000001e6   Code   RO           40    .text.HAL_ADC_MspInit  adc.o
    0x08001cd2   0x08001cd2   0x00000002   PAD
    0x08001cd4   0x08001cd4   0x00000124   Code   RO         1010    .text.HAL_ADC_Start_DMA  stm32g4xx_hal_adc.o
    0x08001df8   0x08001df8   0x00000070   Code   RO          770    .text.HAL_DMA_Abort  stm32g4xx_hal_dma.o
    0x08001e68   0x08001e68   0x0000007c   Code   RO          772    .text.HAL_DMA_Abort_IT  stm32g4xx_hal_dma.o
    0x08001ee4   0x08001ee4   0x000000aa   Code   RO          776    .text.HAL_DMA_IRQHandler  stm32g4xx_hal_dma.o
    0x08001f8e   0x08001f8e   0x00000002   PAD
    0x08001f90   0x08001f90   0x0000012a   Code   RO          762    .text.HAL_DMA_Init  stm32g4xx_hal_dma.o
    0x080020ba   0x080020ba   0x00000002   PAD
    0x080020bc   0x080020bc   0x000000e4   Code   RO          768    .text.HAL_DMA_Start_IT  stm32g4xx_hal_dma.o
    0x080021a0   0x080021a0   0x00000028   Code   RO          489    .text.HAL_Delay     stm32g4xx_hal.o
    0x080021c8   0x080021c8   0x00000002   Code   RO         1229    .text.HAL_FDCAN_ErrorCallback  stm32g4xx_hal_fdcan.o
    0x080021ca   0x080021ca   0x00000002   PAD
    0x080021cc   0x080021cc   0x00000002   Code   RO         1227    .text.HAL_FDCAN_ErrorStatusCallback  stm32g4xx_hal_fdcan.o
    0x080021ce   0x080021ce   0x00000002   PAD
    0x080021d0   0x080021d0   0x00000002   Code   RO         1209    .text.HAL_FDCAN_HighPriorityMessageCallback  stm32g4xx_hal_fdcan.o
    0x080021d2   0x080021d2   0x00000002   PAD
    0x080021d4   0x080021d4   0x0000017a   Code   RO         1207    .text.HAL_FDCAN_IRQHandler  stm32g4xx_hal_fdcan.o
    0x0800234e   0x0800234e   0x00000002   PAD
    0x08002350   0x08002350   0x00000254   Code   RO         1115    .text.HAL_FDCAN_Init  stm32g4xx_hal_fdcan.o
    0x080025a4   0x080025a4   0x000000b0   Code   RO           67    .text.HAL_FDCAN_MspInit  fdcan.o
    0x08002654   0x08002654   0x00000002   Code   RO         1215    .text.HAL_FDCAN_RxFifo0Callback  stm32g4xx_hal_fdcan.o
    0x08002656   0x08002656   0x00000002   PAD
    0x08002658   0x08002658   0x00000002   Code   RO         1217    .text.HAL_FDCAN_RxFifo1Callback  stm32g4xx_hal_fdcan.o
    0x0800265a   0x0800265a   0x00000002   PAD
    0x0800265c   0x0800265c   0x00000002   Code   RO         1225    .text.HAL_FDCAN_TimeoutOccurredCallback  stm32g4xx_hal_fdcan.o
    0x0800265e   0x0800265e   0x00000002   PAD
    0x08002660   0x08002660   0x00000002   Code   RO         1223    .text.HAL_FDCAN_TimestampWraparoundCallback  stm32g4xx_hal_fdcan.o
    0x08002662   0x08002662   0x00000002   PAD
    0x08002664   0x08002664   0x00000002   Code   RO         1211    .text.HAL_FDCAN_TxBufferAbortCallback  stm32g4xx_hal_fdcan.o
    0x08002666   0x08002666   0x00000002   PAD
    0x08002668   0x08002668   0x00000002   Code   RO         1221    .text.HAL_FDCAN_TxBufferCompleteCallback  stm32g4xx_hal_fdcan.o
    0x0800266a   0x0800266a   0x00000002   PAD
    0x0800266c   0x0800266c   0x00000002   Code   RO         1213    .text.HAL_FDCAN_TxEventFifoCallback  stm32g4xx_hal_fdcan.o
    0x0800266e   0x0800266e   0x00000002   PAD
    0x08002670   0x08002670   0x00000002   Code   RO         1219    .text.HAL_FDCAN_TxFifoEmptyCallback  stm32g4xx_hal_fdcan.o
    0x08002672   0x08002672   0x00000002   PAD
    0x08002674   0x08002674   0x000001da   Code   RO          712    .text.HAL_GPIO_Init  stm32g4xx_hal_gpio.o
    0x0800284e   0x0800284e   0x00000002   PAD
    0x08002850   0x08002850   0x0000000c   Code   RO          718    .text.HAL_GPIO_WritePin  stm32g4xx_hal_gpio.o
    0x0800285c   0x0800285c   0x0000000c   Code   RO          481    .text.HAL_GetTick   stm32g4xx_hal.o
    0x08002868   0x08002868   0x0000001a   Code   RO          479    .text.HAL_IncTick   stm32g4xx_hal.o
    0x08002882   0x08002882   0x00000002   PAD
    0x08002884   0x08002884   0x0000001e   Code   RO          469    .text.HAL_Init      stm32g4xx_hal.o
    0x080028a2   0x080028a2   0x00000002   PAD
    0x080028a4   0x080028a4   0x0000004c   Code   RO          471    .text.HAL_InitTick  stm32g4xx_hal.o
    0x080028f0   0x080028f0   0x00000034   Code   RO          180    .text.HAL_MspInit   stm32g4xx_hal_msp.o
    0x08002924   0x08002924   0x00000020   Code   RO          938    .text.HAL_NVIC_EnableIRQ  stm32g4xx_hal_cortex.o
    0x08002944   0x08002944   0x00000056   Code   RO          936    .text.HAL_NVIC_SetPriority  stm32g4xx_hal_cortex.o
    0x0800299a   0x0800299a   0x00000002   PAD
    0x0800299c   0x0800299c   0x00000020   Code   RO          934    .text.HAL_NVIC_SetPriorityGrouping  stm32g4xx_hal_cortex.o
    0x080029bc   0x080029bc   0x0000002a   Code   RO          403    .text.HAL_PCDEx_ActivateLPM  stm32g4xx_hal_pcd_ex.o
    0x080029e6   0x080029e6   0x00000002   PAD
    0x080029e8   0x080029e8   0x00000052   Code   RO          242    .text.HAL_PCDEx_LPM_Callback  usbd_conf.o
    0x08002a3a   0x08002a3a   0x00000002   PAD
    0x08002a3c   0x08002a3c   0x0000003a   Code   RO          393    .text.HAL_PCDEx_PMAConfig  stm32g4xx_hal_pcd_ex.o
    0x08002a76   0x08002a76   0x00000002   PAD
    0x08002a78   0x08002a78   0x00000014   Code   RO          196    .text.HAL_PCD_DataInStageCallback  usbd_conf.o
    0x08002a8c   0x08002a8c   0x00000016   Code   RO          194    .text.HAL_PCD_DataOutStageCallback  usbd_conf.o
    0x08002aa2   0x08002aa2   0x00000002   PAD
    0x08002aa4   0x08002aa4   0x0000004a   Code   RO          363    .text.HAL_PCD_EP_Close  stm32g4xx_hal_pcd.o
    0x08002aee   0x08002aee   0x00000002   PAD
    0x08002af0   0x08002af0   0x0000005e   Code   RO          373    .text.HAL_PCD_EP_ClrStall  stm32g4xx_hal_pcd.o
    0x08002b4e   0x08002b4e   0x00000002   PAD
    0x08002b50   0x08002b50   0x00000012   Code   RO          367    .text.HAL_PCD_EP_GetRxCount  stm32g4xx_hal_pcd.o
    0x08002b62   0x08002b62   0x00000002   PAD
    0x08002b64   0x08002b64   0x0000005c   Code   RO          361    .text.HAL_PCD_EP_Open  stm32g4xx_hal_pcd.o
    0x08002bc0   0x08002bc0   0x00000032   Code   RO          365    .text.HAL_PCD_EP_Receive  stm32g4xx_hal_pcd.o
    0x08002bf2   0x08002bf2   0x00000002   PAD
    0x08002bf4   0x08002bf4   0x00000060   Code   RO          371    .text.HAL_PCD_EP_SetStall  stm32g4xx_hal_pcd.o
    0x08002c54   0x08002c54   0x00000036   Code   RO          369    .text.HAL_PCD_EP_Transmit  stm32g4xx_hal_pcd.o
    0x08002c8a   0x08002c8a   0x00000002   PAD
    0x08002c8c   0x08002c8c   0x0000091e   Code   RO          331    .text.HAL_PCD_IRQHandler  stm32g4xx_hal_pcd.o
    0x080035aa   0x080035aa   0x00000002   PAD
    0x080035ac   0x080035ac   0x00000216   Code   RO          319    .text.HAL_PCD_Init  stm32g4xx_hal_pcd.o
    0x080037c2   0x080037c2   0x00000002   PAD
    0x080037c4   0x080037c4   0x00000066   Code   RO          188    .text.HAL_PCD_MspInit  usbd_conf.o
    0x0800382a   0x0800382a   0x00000002   PAD
    0x0800382c   0x0800382c   0x00000024   Code   RO          200    .text.HAL_PCD_ResetCallback  usbd_conf.o
    0x08003850   0x08003850   0x00000028   Code   RO          204    .text.HAL_PCD_ResumeCallback  usbd_conf.o
    0x08003878   0x08003878   0x00000008   Code   RO          198    .text.HAL_PCD_SOFCallback  usbd_conf.o
    0x08003880   0x08003880   0x00000026   Code   RO          335    .text.HAL_PCD_SetAddress  stm32g4xx_hal_pcd.o
    0x080038a6   0x080038a6   0x00000002   PAD
    0x080038a8   0x080038a8   0x0000000e   Code   RO          192    .text.HAL_PCD_SetupStageCallback  usbd_conf.o
    0x080038b6   0x080038b6   0x00000002   PAD
    0x080038b8   0x080038b8   0x0000002a   Code   RO          327    .text.HAL_PCD_Start  stm32g4xx_hal_pcd.o
    0x080038e2   0x080038e2   0x00000002   PAD
    0x080038e4   0x080038e4   0x00000026   Code   RO          202    .text.HAL_PCD_SuspendCallback  usbd_conf.o
    0x0800390a   0x0800390a   0x00000002   PAD
    0x0800390c   0x0800390c   0x00000126   Code   RO          854    .text.HAL_PWREx_ControlVoltageScaling  stm32g4xx_hal_pwr_ex.o
    0x08003a32   0x08003a32   0x00000002   PAD
    0x08003a34   0x08003a34   0x00000012   Code   RO          924    .text.HAL_PWREx_DisableUCPDDeadBattery  stm32g4xx_hal_pwr_ex.o
    0x08003a46   0x08003a46   0x00000002   PAD
    0x08003a48   0x08003a48   0x000002d6   Code   RO          593    .text.HAL_RCCEx_PeriphCLKConfig  stm32g4xx_hal_rcc_ex.o
    0x08003d1e   0x08003d1e   0x00000002   PAD
    0x08003d20   0x08003d20   0x00000314   Code   RO          559    .text.HAL_RCC_ClockConfig  stm32g4xx_hal_rcc.o
    0x08004034   0x08004034   0x0000002a   Code   RO          567    .text.HAL_RCC_GetPCLK1Freq  stm32g4xx_hal_rcc.o
    0x0800405e   0x0800405e   0x00000002   PAD
    0x08004060   0x08004060   0x0000002a   Code   RO          569    .text.HAL_RCC_GetPCLK2Freq  stm32g4xx_hal_rcc.o
    0x0800408a   0x0800408a   0x00000002   PAD
    0x0800408c   0x0800408c   0x0000007a   Code   RO          561    .text.HAL_RCC_GetSysClockFreq  stm32g4xx_hal_rcc.o
    0x08004106   0x08004106   0x00000002   PAD
    0x08004108   0x08004108   0x000004aa   Code   RO          557    .text.HAL_RCC_OscConfig  stm32g4xx_hal_rcc.o
    0x080045b2   0x080045b2   0x00000002   PAD
    0x080045b4   0x080045b4   0x000000e4   Code   RO         1244    .text.HAL_SPI_Init  stm32g4xx_hal_spi.o
    0x08004698   0x08004698   0x000000be   Code   RO           84    .text.HAL_SPI_MspInit  spi.o
    0x08004756   0x08004756   0x00000002   PAD
    0x08004758   0x08004758   0x0000025c   Code   RO         1252    .text.HAL_SPI_Transmit  stm32g4xx_hal_spi.o
    0x080049b4   0x080049b4   0x0000002c   Code   RO          946    .text.HAL_SYSTICK_Config  stm32g4xx_hal_cortex.o
    0x080049e0   0x080049e0   0x00000002   Code   RO         1720    .text.HAL_TIMEx_Break2Callback  stm32g4xx_hal_tim_ex.o
    0x080049e2   0x080049e2   0x00000002   PAD
    0x080049e4   0x080049e4   0x00000002   Code   RO         1718    .text.HAL_TIMEx_BreakCallback  stm32g4xx_hal_tim_ex.o
    0x080049e6   0x080049e6   0x00000002   PAD
    0x080049e8   0x080049e8   0x00000002   Code   RO         1714    .text.HAL_TIMEx_CommutCallback  stm32g4xx_hal_tim_ex.o
    0x080049ea   0x080049ea   0x00000002   PAD
    0x080049ec   0x080049ec   0x000000d4   Code   RO         1666    .text.HAL_TIMEx_ConfigBreakDeadTime  stm32g4xx_hal_tim_ex.o
    0x08004ac0   0x08004ac0   0x00000002   Code   RO         1724    .text.HAL_TIMEx_DirectionChangeCallback  stm32g4xx_hal_tim_ex.o
    0x08004ac2   0x08004ac2   0x00000002   PAD
    0x08004ac4   0x08004ac4   0x00000002   Code   RO         1722    .text.HAL_TIMEx_EncoderIndexCallback  stm32g4xx_hal_tim_ex.o
    0x08004ac6   0x08004ac6   0x00000002   PAD
    0x08004ac8   0x08004ac8   0x00000002   Code   RO         1726    .text.HAL_TIMEx_IndexErrorCallback  stm32g4xx_hal_tim_ex.o
    0x08004aca   0x08004aca   0x00000002   PAD
    0x08004acc   0x08004acc   0x000000de   Code   RO         1664    .text.HAL_TIMEx_MasterConfigSynchronization  stm32g4xx_hal_tim_ex.o
    0x08004baa   0x08004baa   0x00000002   PAD
    0x08004bac   0x08004bac   0x00000112   Code   RO         1634    .text.HAL_TIMEx_PWMN_Start  stm32g4xx_hal_tim_ex.o
    0x08004cbe   0x08004cbe   0x00000002   PAD
    0x08004cc0   0x08004cc0   0x00000092   Code   RO         1636    .text.HAL_TIMEx_PWMN_Stop  stm32g4xx_hal_tim_ex.o
    0x08004d52   0x08004d52   0x00000002   PAD
    0x08004d54   0x08004d54   0x00000002   Code   RO         1728    .text.HAL_TIMEx_TransitionErrorCallback  stm32g4xx_hal_tim_ex.o
    0x08004d56   0x08004d56   0x00000002   PAD
    0x08004d58   0x08004d58   0x00000062   Code   RO         1369    .text.HAL_TIM_Base_Init  stm32g4xx_hal_tim.o
    0x08004dba   0x08004dba   0x00000002   PAD
    0x08004dbc   0x08004dbc   0x0000006e   Code   RO          104    .text.HAL_TIM_Base_MspInit  tim.o
    0x08004e2a   0x08004e2a   0x00000002   PAD
    0x08004e2c   0x08004e2c   0x000000b2   Code   RO         1379    .text.HAL_TIM_Base_Start  stm32g4xx_hal_tim.o
    0x08004ede   0x08004ede   0x00000002   PAD
    0x08004ee0   0x08004ee0   0x00000220   Code   RO         1549    .text.HAL_TIM_ConfigClockSource  stm32g4xx_hal_tim.o
    0x08005100   0x08005100   0x00000002   Code   RO         1505    .text.HAL_TIM_IC_CaptureCallback  stm32g4xx_hal_tim.o
    0x08005102   0x08005102   0x00000002   PAD
    0x08005104   0x08005104   0x000001cc   Code   RO         1503    .text.HAL_TIM_IRQHandler  stm32g4xx_hal_tim.o
    0x080052d0   0x080052d0   0x000000a4   Code   RO          100    .text.HAL_TIM_MspPostInit  tim.o
    0x08005374   0x08005374   0x00000002   Code   RO         1507    .text.HAL_TIM_OC_DelayElapsedCallback  stm32g4xx_hal_tim.o
    0x08005376   0x08005376   0x00000002   PAD
    0x08005378   0x08005378   0x00000400   Code   RO         1523    .text.HAL_TIM_PWM_ConfigChannel  stm32g4xx_hal_tim.o
    0x08005778   0x08005778   0x00000062   Code   RO         1423    .text.HAL_TIM_PWM_Init  stm32g4xx_hal_tim.o
    0x080057da   0x080057da   0x00000002   PAD
    0x080057dc   0x080057dc   0x00000002   Code   RO         1425    .text.HAL_TIM_PWM_MspInit  stm32g4xx_hal_tim.o
    0x080057de   0x080057de   0x00000002   PAD
    0x080057e0   0x080057e0   0x00000002   Code   RO         1509    .text.HAL_TIM_PWM_PulseFinishedCallback  stm32g4xx_hal_tim.o
    0x080057e2   0x080057e2   0x00000002   PAD
    0x080057e4   0x080057e4   0x0000019e   Code   RO         1431    .text.HAL_TIM_PWM_Start  stm32g4xx_hal_tim.o
    0x08005982   0x08005982   0x00000002   PAD
    0x08005984   0x08005984   0x000000d6   Code   RO         1433    .text.HAL_TIM_PWM_Stop  stm32g4xx_hal_tim.o
    0x08005a5a   0x08005a5a   0x00000002   PAD
    0x08005a5c   0x08005a5c   0x00000002   Code   RO         1511    .text.HAL_TIM_PeriodElapsedCallback  stm32g4xx_hal_tim.o
    0x08005a5e   0x08005a5e   0x00000002   PAD
    0x08005a60   0x08005a60   0x00000002   Code   RO         1513    .text.HAL_TIM_TriggerCallback  stm32g4xx_hal_tim.o
    0x08005a62   0x08005a62   0x00000002   PAD
    0x08005a64   0x08005a64   0x00000036   Code   RO         1905    .text.HAL_UARTEx_DisableFifoMode  stm32g4xx_hal_uart_ex.o
    0x08005a9a   0x08005a9a   0x00000002   PAD
    0x08005a9c   0x08005a9c   0x00000002   Code   RO         1833    .text.HAL_UARTEx_RxEventCallback  stm32g4xx_hal_uart.o
    0x08005a9e   0x08005a9e   0x00000002   PAD
    0x08005aa0   0x08005aa0   0x00000002   Code   RO         1891    .text.HAL_UARTEx_RxFifoFullCallback  stm32g4xx_hal_uart_ex.o
    0x08005aa2   0x08005aa2   0x00000002   PAD
    0x08005aa4   0x08005aa4   0x0000008c   Code   RO         1909    .text.HAL_UARTEx_SetRxFifoThreshold  stm32g4xx_hal_uart_ex.o
    0x08005b30   0x08005b30   0x0000008c   Code   RO         1907    .text.HAL_UARTEx_SetTxFifoThreshold  stm32g4xx_hal_uart_ex.o
    0x08005bbc   0x08005bbc   0x00000002   Code   RO         1893    .text.HAL_UARTEx_TxFifoEmptyCallback  stm32g4xx_hal_uart_ex.o
    0x08005bbe   0x08005bbe   0x00000002   PAD
    0x08005bc0   0x08005bc0   0x00000002   Code   RO         1889    .text.HAL_UARTEx_WakeupCallback  stm32g4xx_hal_uart_ex.o
    0x08005bc2   0x08005bc2   0x00000002   PAD
    0x08005bc4   0x08005bc4   0x00000002   Code   RO         1831    .text.HAL_UART_ErrorCallback  stm32g4xx_hal_uart.o
    0x08005bc6   0x08005bc6   0x00000002   PAD
    0x08005bc8   0x08005bc8   0x00000698   Code   RO         1827    .text.HAL_UART_IRQHandler  stm32g4xx_hal_uart.o
    0x08006260   0x08006260   0x00000064   Code   RO         1743    .text.HAL_UART_Init  stm32g4xx_hal_uart.o
    0x080062c4   0x080062c4   0x00000106   Code   RO          120    .text.HAL_UART_MspInit  usart.o
    0x080063ca   0x080063ca   0x00000002   PAD
    0x080063cc   0x080063cc   0x00000002   Code   RO         1835    .text.HAL_UART_TxCpltCallback  stm32g4xx_hal_uart.o
    0x080063ce   0x080063ce   0x00000002   PAD
    0x080063d0   0x080063d0   0x00000002   Code   RO          137    .text.HardFault_Handler  stm32g4xx_it.o
    0x080063d2   0x080063d2   0x00000002   PAD
    0x080063d4   0x080063d4   0x00000240   Code   RO         2354    .text.LCD_Address_Set  lcd.o
    0x08006614   0x08006614   0x0000010a   Code   RO         2360    .text.LCD_DrawLine  lcd.o
    0x0800671e   0x0800671e   0x00000002   PAD
    0x08006720   0x08006720   0x000000c0   Code   RO         2356    .text.LCD_Fill      lcd.o
    0x080067e0   0x080067e0   0x00000bae   Code   RO         2390    .text.LCD_Init      lcd.o
    0x0800738e   0x0800738e   0x00000002   PAD
    0x08007390   0x08007390   0x000002f6   Code   RO         2376    .text.LCD_ShowChar  lcd.o
    0x08007686   0x08007686   0x00000002   PAD
    0x08007688   0x08007688   0x000001c6   Code   RO         2386    .text.LCD_ShowFloatNum1  lcd.o
    0x0800784e   0x0800784e   0x00000002   PAD
    0x08007850   0x08007850   0x00000046   Code   RO         2378    .text.LCD_ShowString  lcd.o
    0x08007896   0x08007896   0x00000002   PAD
    0x08007898   0x08007898   0x00000172   Code   RO           36    .text.MX_ADC1_Init  adc.o
    0x08007a0a   0x08007a0a   0x00000002   PAD
    0x08007a0c   0x08007a0c   0x0000014a   Code   RO           38    .text.MX_ADC2_Init  adc.o
    0x08007b56   0x08007b56   0x00000002   PAD
    0x08007b58   0x08007b58   0x00000076   Code   RO           56    .text.MX_DMA_Init   dma.o
    0x08007bce   0x08007bce   0x00000002   PAD
    0x08007bd0   0x08007bd0   0x00000060   Code   RO           65    .text.MX_FDCAN1_Init  fdcan.o
    0x08007c30   0x08007c30   0x00000150   Code   RO           27    .text.MX_GPIO_Init  gpio.o
    0x08007d80   0x08007d80   0x00000052   Code   RO           80    .text.MX_SPI1_Init  spi.o
    0x08007dd2   0x08007dd2   0x00000002   PAD
    0x08007dd4   0x08007dd4   0x00000050   Code   RO           82    .text.MX_SPI3_Init  spi.o
    0x08007e24   0x08007e24   0x00000160   Code   RO           98    .text.MX_TIM1_Init  tim.o
    0x08007f84   0x08007f84   0x00000076   Code   RO          102    .text.MX_TIM3_Init  tim.o
    0x08007ffa   0x08007ffa   0x00000002   PAD
    0x08007ffc   0x08007ffc   0x00000082   Code   RO          118    .text.MX_USART3_UART_Init  usart.o
    0x0800807e   0x0800807e   0x00000002   PAD
    0x08008080   0x08008080   0x00000072   Code   RO          260    .text.MX_USB_Device_Init  usb_device.o
    0x080080f2   0x080080f2   0x00000002   PAD
    0x080080f4   0x080080f4   0x00000002   Code   RO          139    .text.MemManage_Handler  stm32g4xx_it.o
    0x080080f6   0x080080f6   0x00000002   PAD
    0x080080f8   0x080080f8   0x00000002   Code   RO          135    .text.NMI_Handler   stm32g4xx_it.o
    0x080080fa   0x080080fa   0x00000002   PAD
    0x080080fc   0x080080fc   0x00000002   Code   RO          149    .text.PendSV_Handler  stm32g4xx_it.o
    0x080080fe   0x080080fe   0x00000002   PAD
    0x08008100   0x08008100   0x00000186   Code   RO         1306    .text.SPI_WaitFifoStateUntilTimeout  stm32g4xx_hal_spi.o
    0x08008286   0x08008286   0x00000002   PAD
    0x08008288   0x08008288   0x000000ce   Code   RO         1308    .text.SPI_WaitFlagStateUntilTimeout  stm32g4xx_hal_spi.o
    0x08008356   0x08008356   0x00000002   PAD
    0x08008358   0x08008358   0x00000002   Code   RO          145    .text.SVC_Handler   stm32g4xx_it.o
    0x0800835a   0x0800835a   0x00000002   PAD
    0x0800835c   0x0800835c   0x00000004   Code   RO          151    .text.SysTick_Handler  stm32g4xx_it.o
    0x08008360   0x08008360   0x00000070   Code   RO           13    .text.SystemClock_Config  main.o
    0x080083d0   0x080083d0   0x00000012   Code   RO         1928    .text.SystemInit    system_stm32g4xx.o
    0x080083e2   0x080083e2   0x00000002   PAD
    0x080083e4   0x080083e4   0x0000000c   Code   RO          169    .text.TIM1_UP_TIM16_IRQHandler  stm32g4xx_it.o
    0x080083f0   0x080083f0   0x0000014c   Code   RO         1373    .text.TIM_Base_SetConfig  stm32g4xx_hal_tim.o
    0x0800853c   0x0800853c   0x000000e8   Code   RO         1747    .text.UART_AdvFeatureConfig  stm32g4xx_hal_uart.o
    0x08008624   0x08008624   0x0000016e   Code   RO         1751    .text.UART_CheckIdleState  stm32g4xx_hal_uart.o
    0x08008792   0x08008792   0x00000002   PAD
    0x08008794   0x08008794   0x0000000c   Code   RO         1829    .text.UART_DMAAbortOnError  stm32g4xx_hal_uart.o
    0x080087a0   0x080087a0   0x000002c0   Code   RO         1749    .text.UART_SetConfig  stm32g4xx_hal_uart.o
    0x08008a60   0x08008a60   0x00000348   Code   RO         1765    .text.UART_WaitOnFlagUntilTimeout  stm32g4xx_hal_uart.o
    0x08008da8   0x08008da8   0x0000000c   Code   RO          171    .text.USART3_IRQHandler  stm32g4xx_it.o
    0x08008db4   0x08008db4   0x00000024   Code   RO          279    .text.USBD_CDC_ConfigStrDescriptor  usbd_desc.o
    0x08008dd8   0x08008dd8   0x0000006e   Code   RO         2042    .text.USBD_CDC_DataIn  usbd_cdc.o
    0x08008e46   0x08008e46   0x00000002   PAD
    0x08008e48   0x08008e48   0x0000002c   Code   RO         2044    .text.USBD_CDC_DataOut  usbd_cdc.o
    0x08008e74   0x08008e74   0x00000042   Code   RO         2036    .text.USBD_CDC_DeInit  usbd_cdc.o
    0x08008eb6   0x08008eb6   0x00000002   PAD
    0x08008eb8   0x08008eb8   0x0000000e   Code   RO          269    .text.USBD_CDC_DeviceDescriptor  usbd_desc.o
    0x08008ec6   0x08008ec6   0x00000002   PAD
    0x08008ec8   0x08008ec8   0x00000034   Code   RO         2040    .text.USBD_CDC_EP0_RxReady  usbd_cdc.o
    0x08008efc   0x08008efc   0x00000010   Code   RO         2052    .text.USBD_CDC_GetDeviceQualifierDescriptor  usbd_cdc.o
    0x08008f0c   0x08008f0c   0x00000010   Code   RO         2048    .text.USBD_CDC_GetFSCfgDesc  usbd_cdc.o
    0x08008f1c   0x08008f1c   0x00000010   Code   RO         2046    .text.USBD_CDC_GetHSCfgDesc  usbd_cdc.o
    0x08008f2c   0x08008f2c   0x00000010   Code   RO         2050    .text.USBD_CDC_GetOtherSpeedCfgDesc  usbd_cdc.o
    0x08008f3c   0x08008f3c   0x00000098   Code   RO         2034    .text.USBD_CDC_Init  usbd_cdc.o
    0x08008fd4   0x08008fd4   0x00000028   Code   RO          281    .text.USBD_CDC_InterfaceStrDescriptor  usbd_desc.o
    0x08008ffc   0x08008ffc   0x0000000e   Code   RO          271    .text.USBD_CDC_LangIDStrDescriptor  usbd_desc.o
    0x0800900a   0x0800900a   0x00000002   PAD
    0x0800900c   0x0800900c   0x0000002c   Code   RO          273    .text.USBD_CDC_ManufacturerStrDescriptor  usbd_desc.o
    0x08009038   0x08009038   0x00000030   Code   RO          275    .text.USBD_CDC_ProductStrDescriptor  usbd_desc.o
    0x08009068   0x08009068   0x0000002c   Code   RO         2062    .text.USBD_CDC_ReceivePacket  usbd_cdc.o
    0x08009094   0x08009094   0x0000000e   Code   RO         2054    .text.USBD_CDC_RegisterInterface  usbd_cdc.o
    0x080090a2   0x080090a2   0x00000002   PAD
    0x080090a4   0x080090a4   0x0000016c   Code   RO          277    .text.USBD_CDC_SerialStrDescriptor  usbd_desc.o
    0x08009210   0x08009210   0x00000012   Code   RO         2058    .text.USBD_CDC_SetRxBuffer  usbd_cdc.o
    0x08009222   0x08009222   0x00000002   PAD
    0x08009224   0x08009224   0x00000016   Code   RO         2056    .text.USBD_CDC_SetTxBuffer  usbd_cdc.o
    0x0800923a   0x0800923a   0x00000002   PAD
    0x0800923c   0x0800923c   0x000000ec   Code   RO         2038    .text.USBD_CDC_Setup  usbd_cdc.o
    0x08009328   0x08009328   0x00000010   Code   RO         1957    .text.USBD_ClrClassConfig  usbd_core.o
    0x08009338   0x08009338   0x00000010   Code   RO         2018    .text.USBD_CtlContinueRx  usbd_ioreq.o
    0x08009348   0x08009348   0x00000010   Code   RO         2014    .text.USBD_CtlContinueSendData  usbd_ioreq.o
    0x08009358   0x08009358   0x00000016   Code   RO         1993    .text.USBD_CtlError  usbd_ctlreq.o
    0x0800936e   0x0800936e   0x00000002   PAD
    0x08009370   0x08009370   0x0000001a   Code   RO         2016    .text.USBD_CtlPrepareRx  usbd_ioreq.o
    0x0800938a   0x0800938a   0x00000002   PAD
    0x0800938c   0x0800938c   0x00000016   Code   RO         2022    .text.USBD_CtlReceiveStatus  usbd_ioreq.o
    0x080093a2   0x080093a2   0x00000002   PAD
    0x080093a4   0x080093a4   0x0000001a   Code   RO         2012    .text.USBD_CtlSendData  usbd_ioreq.o
    0x080093be   0x080093be   0x00000002   PAD
    0x080093c0   0x080093c0   0x00000016   Code   RO         2020    .text.USBD_CtlSendStatus  usbd_ioreq.o
    0x080093d6   0x080093d6   0x00000002   PAD
    0x080093d8   0x080093d8   0x000000da   Code   RO         2001    .text.USBD_GetString  usbd_ctlreq.o
    0x080094b2   0x080094b2   0x00000002   PAD
    0x080094b4   0x080094b4   0x0000002a   Code   RO         1943    .text.USBD_Init     usbd_core.o
    0x080094de   0x080094de   0x00000002   PAD
    0x080094e0   0x080094e0   0x00000022   Code   RO          230    .text.USBD_LL_ClearStallEP  usbd_conf.o
    0x08009502   0x08009502   0x00000002   PAD
    0x08009504   0x08009504   0x00000022   Code   RO          224    .text.USBD_LL_CloseEP  usbd_conf.o
    0x08009526   0x08009526   0x00000002   PAD
    0x08009528   0x08009528   0x000000a8   Code   RO         1963    .text.USBD_LL_DataInStage  usbd_core.o
    0x080095d0   0x080095d0   0x0000006e   Code   RO         1961    .text.USBD_LL_DataOutStage  usbd_core.o
    0x0800963e   0x0800963e   0x00000002   PAD
    0x08009640   0x08009640   0x00000008   Code   RO          240    .text.USBD_LL_GetRxDataSize  usbd_conf.o
    0x08009648   0x08009648   0x00000086   Code   RO          214    .text.USBD_LL_Init  usbd_conf.o
    0x080096ce   0x080096ce   0x00000002   PAD
    0x080096d0   0x080096d0   0x00000020   Code   RO          232    .text.USBD_LL_IsStallEP  usbd_conf.o
    0x080096f0   0x080096f0   0x00000028   Code   RO          222    .text.USBD_LL_OpenEP  usbd_conf.o
    0x08009718   0x08009718   0x00000022   Code   RO          238    .text.USBD_LL_PrepareReceive  usbd_conf.o
    0x0800973a   0x0800973a   0x00000002   PAD
    0x0800973c   0x0800973c   0x00000068   Code   RO         1965    .text.USBD_LL_Reset  usbd_core.o
    0x080097a4   0x080097a4   0x00000014   Code   RO         1971    .text.USBD_LL_Resume  usbd_core.o
    0x080097b8   0x080097b8   0x00000020   Code   RO         1973    .text.USBD_LL_SOF   usbd_core.o
    0x080097d8   0x080097d8   0x00000008   Code   RO         1967    .text.USBD_LL_SetSpeed  usbd_core.o
    0x080097e0   0x080097e0   0x00000022   Code   RO          234    .text.USBD_LL_SetUSBAddress  usbd_conf.o
    0x08009802   0x08009802   0x00000002   PAD
    0x08009804   0x08009804   0x00000062   Code   RO         1959    .text.USBD_LL_SetupStage  usbd_core.o
    0x08009866   0x08009866   0x00000002   PAD
    0x08009868   0x08009868   0x00000022   Code   RO          228    .text.USBD_LL_StallEP  usbd_conf.o
    0x0800988a   0x0800988a   0x00000002   PAD
    0x0800988c   0x0800988c   0x00000022   Code   RO          218    .text.USBD_LL_Start  usbd_conf.o
    0x080098ae   0x080098ae   0x00000002   PAD
    0x080098b0   0x080098b0   0x00000014   Code   RO         1969    .text.USBD_LL_Suspend  usbd_core.o
    0x080098c4   0x080098c4   0x00000022   Code   RO          236    .text.USBD_LL_Transmit  usbd_conf.o
    0x080098e6   0x080098e6   0x00000002   PAD
    0x080098e8   0x080098e8   0x00000016   Code   RO         1999    .text.USBD_ParseSetupRequest  usbd_ctlreq.o
    0x080098fe   0x080098fe   0x00000002   PAD
    0x08009900   0x08009900   0x0000002e   Code   RO         1947    .text.USBD_RegisterClass  usbd_core.o
    0x0800992e   0x0800992e   0x00000002   PAD
    0x08009930   0x08009930   0x00000010   Code   RO         1955    .text.USBD_SetClassConfig  usbd_core.o
    0x08009940   0x08009940   0x00000004   Code   RO         1949    .text.USBD_Start    usbd_core.o
    0x08009944   0x08009944   0x00000374   Code   RO         1991    .text.USBD_StdDevReq  usbd_ctlreq.o
    0x08009cb8   0x08009cb8   0x0000014a   Code   RO         1997    .text.USBD_StdEPReq  usbd_ctlreq.o
    0x08009e02   0x08009e02   0x00000002   PAD
    0x08009e04   0x08009e04   0x0000007a   Code   RO         1995    .text.USBD_StdItfReq  usbd_ctlreq.o
    0x08009e7e   0x08009e7e   0x00000002   PAD
    0x08009e80   0x08009e80   0x00000002   Code   RO          248    .text.USBD_static_free  usbd_conf.o
    0x08009e82   0x08009e82   0x00000002   PAD
    0x08009e84   0x08009e84   0x0000000a   Code   RO          246    .text.USBD_static_malloc  usbd_conf.o
    0x08009e8e   0x08009e8e   0x00000002   PAD
    0x08009e90   0x08009e90   0x000002e2   Code   RO          431    .text.USB_ActivateEndpoint  stm32g4xx_ll_usb.o
    0x0800a172   0x0800a172   0x00000002   PAD
    0x0800a174   0x0800a174   0x000000e2   Code   RO          433    .text.USB_DeactivateEndpoint  stm32g4xx_ll_usb.o
    0x0800a256   0x0800a256   0x00000002   PAD
    0x0800a258   0x0800a258   0x00000012   Code   RO          449    .text.USB_DevConnect  stm32g4xx_ll_usb.o
    0x0800a26a   0x0800a26a   0x00000002   PAD
    0x0800a26c   0x0800a26c   0x0000001a   Code   RO          425    .text.USB_DevInit   stm32g4xx_ll_usb.o
    0x0800a286   0x0800a286   0x00000002   PAD
    0x0800a288   0x0800a288   0x00000014   Code   RO          421    .text.USB_DisableGlobalInt  stm32g4xx_ll_usb.o
    0x0800a29c   0x0800a29c   0x0000007c   Code   RO          441    .text.USB_EPClearStall  stm32g4xx_ll_usb.o
    0x0800a318   0x0800a318   0x00000032   Code   RO          439    .text.USB_EPSetStall  stm32g4xx_ll_usb.o
    0x0800a34a   0x0800a34a   0x00000002   PAD
    0x0800a34c   0x0800a34c   0x0000064a   Code   RO          435    .text.USB_EPStartXfer  stm32g4xx_ll_usb.o
    0x0800a996   0x0800a996   0x00000002   PAD
    0x0800a998   0x0800a998   0x00000014   Code   RO          419    .text.USB_EnableGlobalInt  stm32g4xx_ll_usb.o
    0x0800a9ac   0x0800a9ac   0x0000000c   Code   RO          163    .text.USB_LP_IRQHandler  stm32g4xx_it.o
    0x0800a9b8   0x0800a9b8   0x00000006   Code   RO          453    .text.USB_ReadInterrupts  stm32g4xx_ll_usb.o
    0x0800a9be   0x0800a9be   0x00000002   PAD
    0x0800a9c0   0x0800a9c0   0x0000009c   Code   RO          459    .text.USB_ReadPMA   stm32g4xx_ll_usb.o
    0x0800aa5c   0x0800aa5c   0x0000000e   Code   RO          447    .text.USB_SetDevAddress  stm32g4xx_ll_usb.o
    0x0800aa6a   0x0800aa6a   0x00000002   PAD
    0x0800aa6c   0x0800aa6c   0x00000082   Code   RO          437    .text.USB_WritePMA  stm32g4xx_ll_usb.o
    0x0800aaee   0x0800aaee   0x00000002   PAD
    0x0800aaf0   0x0800aaf0   0x00000002   Code   RO          143    .text.UsageFault_Handler  stm32g4xx_it.o
    0x0800aaf2   0x0800aaf2   0x00000002   PAD
    0x0800aaf4   0x0800aaf4   0x000000b4   Code   RO         2077    .text.alob_init     alob.o
    0x0800aba8   0x0800aba8   0x0000001c   Code   RO         2092    .text.cali_init     calibration.o
    0x0800abc4   0x0800abc4   0x00000094   Code   RO         2290    .text.cos_f32       util.o
    0x0800ac58   0x0800ac58   0x0000035c   Code   RO         2337    .text.display_foc   display.o
    0x0800afb4   0x0800afb4   0x00000064   Code   RO         2114    .text.encoder_init  encoder.o
    0x0800b018   0x0800b018   0x0000010e   Code   RO         2200    .text.iden_init     idpm.o
    0x0800b126   0x0800b126   0x00000002   PAD
    0x0800b128   0x0800b128   0x00000034   Code   RO         2292    .text.low_pf_init   util.o
    0x0800b15c   0x0800b15c   0x00000146   Code   RO           11    .text.main          main.o
    0x0800b2a2   0x0800b2a2   0x00000002   PAD
    0x0800b2a4   0x0800b2a4   0x000000dc   Code   RO         2216    .text.nlob_init     nlob.o
    0x0800b380   0x0800b380   0x00000014   Code   RO         2232    .text.pid_clear     pid.o
    0x0800b394   0x0800b394   0x00000012   Code   RO         2230    .text.pid_limit_init  pid.o
    0x0800b3a6   0x0800b3a6   0x00000002   PAD
    0x0800b3a8   0x0800b3a8   0x0000059c   Code   RO         2160    .text.pmsm_init     foc_drv.o
    0x0800b944   0x0800b944   0x0000001e   Code   RO         2286    .text.sat1_datf     util.o
    0x0800b962   0x0800b962   0x00000002   PAD
    0x0800b964   0x0800b964   0x00000086   Code   RO         2264    .text.scvm_init     scvm.o
    0x0800b9ea   0x0800b9ea   0x00000002   PAD
    0x0800b9ec   0x0800b9ec   0x0000008c   Code   RO         2288    .text.sin_f32       util.o
    0x0800ba78   0x0800ba78   0x000001f4   Code   RO         2138    .text.svm           foc_calc.o
    0x0800bc6c   0x0800bc6c   0x0000000a   Ven    RO         2760    Veneer$$Code        anon$$obj.o
    0x0800bc76   0x0800bc76   0x0000000a   Ven    RO         2761    Veneer$$Code        anon$$obj.o
    0x0800bc80   0x0800bc80   0x0000000a   Ven    RO         2762    Veneer$$Code        anon$$obj.o
    0x0800bc8a   0x0800bc8a   0x0000000a   Ven    RO         2763    Veneer$$Code        anon$$obj.o
    0x0800bc94   0x0800bc94   0x00000026   Code   RO         2532    i.__ARM_fpclassifyf  m_wm.l(fpclassifyf.o)
    0x0800bcba   0x0800bcba   0x00000002   PAD
    0x0800bcbc   0x0800bcbc   0x000002ac   Code   RO         2452    i.__hardfp_atan2f   m_wm.l(atan2f.o)
    0x0800bf68   0x0800bf68   0x00000150   Code   RO         2458    i.__hardfp_cosf     m_wm.l(cosf.o)
    0x0800c0b8   0x0800c0b8   0x000000b0   Code   RO         2464    i.__hardfp_fmodf    m_wm.l(fmodf.o)
    0x0800c168   0x0800c168   0x00000190   Code   RO         2483    i.__hardfp_sinf     m_wm.l(sinf.o)
    0x0800c2f8   0x0800c2f8   0x0000003a   Code   RO         2489    i.__hardfp_sqrtf    m_wm.l(sqrtf.o)
    0x0800c332   0x0800c332   0x00000006   Code   RO         2535    i.__mathlib_flt_infnan  m_wm.l(funder.o)
    0x0800c338   0x0800c338   0x00000006   Code   RO         2536    i.__mathlib_flt_infnan2  m_wm.l(funder.o)
    0x0800c33e   0x0800c33e   0x00000002   PAD
    0x0800c340   0x0800c340   0x00000010   Code   RO         2537    i.__mathlib_flt_invalid  m_wm.l(funder.o)
    0x0800c350   0x0800c350   0x00000010   Code   RO         2540    i.__mathlib_flt_underflow  m_wm.l(funder.o)
    0x0800c360   0x0800c360   0x00000154   Code   RO         2553    i.__mathlib_rredf2  m_wm.l(rredf.o)
    0x0800c4b4   0x0800c4b4   0x00000062   Code   RO         2436    x$fpl$d2f           fz_wm.l(d2f.o)
    0x0800c516   0x0800c516   0x0000009c   Code   RO         2504    x$fpl$dnaninf       fz_wm.l(dnaninf.o)
    0x0800c5b2   0x0800c5b2   0x0000000c   Code   RO         2506    x$fpl$dretinf       fz_wm.l(dretinf.o)
    0x0800c5be   0x0800c5be   0x00000002   PAD
    0x0800c5c0   0x0800c5c0   0x00000056   Code   RO         2450    x$fpl$f2d           fz_wm.l(f2d.o)
    0x0800c616   0x0800c616   0x0000008c   Code   RO         2508    x$fpl$fnaninf       fz_wm.l(fnaninf.o)
    0x0800c6a2   0x0800c6a2   0x0000001a   Code   RO         2690    x$fpl$fpinit        fz_wm.l(fpinit.o)
    0x0800c6bc   0x0800c6bc   0x000000f4   Code   RO         2510    x$fpl$frem          fz_wm.l(frem_clz.o)
    0x0800c7b0   0x0800c7b0   0x0000000a   Code   RO         2512    x$fpl$fretinf       fz_wm.l(fretinf.o)
    0x0800c7ba   0x0800c7ba   0x00000000   Code   RO         2514    x$fpl$usenofp       fz_wm.l(usenofp.o)
    0x0800c7ba   0x0800c7ba   0x00000002   PAD
    0x0800c7bc   0x0800c7bc   0x00000020   Data   RO         2554    .constdata          m_wm.l(rredf.o)
    0x0800c7dc   0x0800c7dc   0x00000010   Data   RO         1933    .rodata.AHBPrescTable  system_stm32g4xx.o
    0x0800c7ec   0x0800c7ec   0x00000008   Data   RO         1934    .rodata.APBPrescTable  system_stm32g4xx.o
    0x0800c7f4   0x0800c7f4   0x00000018   Data   RO         1877    .rodata.UARTPrescTable  stm32g4xx_hal_uart.o
    0x0800c80c   0x0800c80c   0x00000474   Data   RO         2392    .rodata.ascii_1206  lcd.o
    0x0800cc80   0x0800cc80   0x000005f0   Data   RO         2393    .rodata.ascii_1608  lcd.o
    0x0800d270   0x0800d270   0x000011d0   Data   RO         2394    .rodata.ascii_2412  lcd.o
    0x0800e440   0x0800e440   0x000017c0   Data   RO         2395    .rodata.ascii_3216  lcd.o
    0x0800fc00   0x0800fc00   0x00000010   Data   RO         1878    .rodata.cst16       stm32g4xx_hal_uart.o
    0x0800fc10   0x0800fc10   0x00000010   Data   RO         1919    .rodata.cst8        stm32g4xx_hal_uart_ex.o
    0x0800fc20   0x0800fc20   0x00000804   Data   RO         2316    .rodata.sinTable_f32  util.o
    0x08010424   0x08010424   0x00000005   Data   RO         2339    .rodata.str1.1      display.o
    0x08010429   0x08010429   0x00000003   PAD
    0x0801042c   0x0801042c   0x00000030   Data   RO         2751    Region$$Table       anon$$obj.o


    Execution Region RW_IRAM1 (Exec base: 0x20000000, Load base: 0x08010460, Size: 0x00014930, Max: 0x00020000, ABSOLUTE, COMPRESSED[0x00000250])

    Exec Addr    Load Addr    Size         Type   Attr      Idx    E Section Name        Object

    0x20000000   0x08010460   0x000001f0   Code   RO         2079    .RamFunc            alob.o
    0x200001f0   0x08010650   0x00000a20   Code   RO         2094    .RamFunc            calibration.o
    0x20000c10   0x08011070   0x0000015e   Code   RO         2104    .RamFunc            eh_observer.o
    0x20000d6e   COMPRESSED   0x00000002   PAD
    0x20000d70   0x080111d0   0x0000030e   Code   RO         2116    .RamFunc            encoder.o
    0x2000107e   COMPRESSED   0x00000002   PAD
    0x20001080   0x080114e0   0x000011e8   Code   RO         2126    .RamFunc            foc_ctrl_1.o
    0x20002268   0x080126c8   0x000003fc   Code   RO         2136    .RamFunc            foc_calc.o
    0x20002664   0x08012ac4   0x00000996   Code   RO         2162    .RamFunc            foc_drv.o
    0x20002ffa   COMPRESSED   0x00000002   PAD
    0x20002ffc   0x0801345c   0x00000f7c   Code   RO         2202    .RamFunc            idpm.o
    0x20003f78   0x080143d8   0x0000019c   Code   RO         2218    .RamFunc            nlob.o
    0x20004114   0x08014574   0x0000035c   Code   RO         2236    .RamFunc            pid.o
    0x20004470   0x080148d0   0x00000204   Code   RO         2246    .RamFunc            pll.o
    0x20004674   0x08014ad4   0x00000754   Code   RO         2255    .RamFunc            pos_calc.o
    0x20004dc8   0x08015228   0x000001dc   Code   RO         2266    .RamFunc            scvm.o
    0x20004fa4   0x08015404   0x00000a7a   Code   RO         2276    .RamFunc            trap_traj.o
    0x20005a1e   COMPRESSED   0x00000002   PAD
    0x20005a20   0x08015e80   0x00000022   Code   RO         2294    .RamFunc            util.o
    0x20005a42   COMPRESSED   0x00000002   PAD
    0x20005a44   0x08015ea4   0x00000130   Code   RO         2327    .RamFunc            anticogging.o
    0x20005b74   0x08015fd4   0x0000000a   Ven    RO         2764    Veneer$$Code        anon$$obj.o
    0x20005b7e   0x08015fde   0x0000000a   Ven    RO         2765    Veneer$$Code        anon$$obj.o
    0x20005b88   0x08015fe8   0x0000000a   Ven    RO         2766    Veneer$$Code        anon$$obj.o
    0x20005b92   0x08015ff2   0x0000000a   Ven    RO         2767    Veneer$$Code        anon$$obj.o
    0x20005b9c   0x08015ffc   0x0000000a   Ven    RO         2768    Veneer$$Code        anon$$obj.o
    0x20005ba6   0x08016006   0x0000000a   Ven    RO         2769    Veneer$$Code        anon$$obj.o
    0x20005bb0   0x08016010   0x0000000a   Ven    RO         2770    Veneer$$Code        anon$$obj.o
    0x20005bba   0x0801601a   0x0000000a   Ven    RO         2771    Veneer$$Code        anon$$obj.o
    0x20005bc4   0x08016024   0x0000000a   Ven    RO         2772    Veneer$$Code        anon$$obj.o
    0x20005bce   0x0801602e   0x0000000a   Ven    RO         2773    Veneer$$Code        anon$$obj.o
    0x20005bd8   0x08016038   0x0000000a   Ven    RO         2774    Veneer$$Code        anon$$obj.o
    0x20005be2   0x08016042   0x0000000a   Ven    RO         2775    Veneer$$Code        anon$$obj.o
    0x20005bec   0x0801604c   0x0000000a   Ven    RO         2776    Veneer$$Code        anon$$obj.o
    0x20005bf6   0x08016056   0x0000000a   Ven    RO         2777    Veneer$$Code        anon$$obj.o
    0x20005c00   0x08016060   0x0000000a   Ven    RO         2778    Veneer$$Code        anon$$obj.o
    0x20005c0a   0x0801606a   0x0000000a   Ven    RO         2779    Veneer$$Code        anon$$obj.o
    0x20005c14   0x08016074   0x0000000a   Ven    RO         2780    Veneer$$Code        anon$$obj.o
    0x20005c1e   0x0801607e   0x0000000a   Ven    RO         2781    Veneer$$Code        anon$$obj.o
    0x20005c28   COMPRESSED   0x0000c438   Data   RW         2168    .data               foc_drv.o
    0x20012060   COMPRESSED   0x00000008   Data   RW          546    .data..L_MergedGlobals  stm32g4xx_hal.o
    0x20012068   COMPRESSED   0x00000020   Data   RW          283    .data.CDC_Desc      usbd_desc.o
    0x20012088   COMPRESSED   0x00000004   Data   RW         1932    .data.SystemCoreClock  system_stm32g4xx.o
    0x2001208c   COMPRESSED   0x00000038   Data   RW         2064    .data.USBD_CDC      usbd_cdc.o
    0x200120c4   COMPRESSED   0x00000043   Data   RW         2066    .data.USBD_CDC_CfgFSDesc  usbd_cdc.o
    0x20012107   COMPRESSED   0x00000001   PAD
    0x20012108   COMPRESSED   0x00000043   Data   RW         2067    .data.USBD_CDC_CfgHSDesc  usbd_cdc.o
    0x2001214b   COMPRESSED   0x00000001   PAD
    0x2001214c   COMPRESSED   0x00000012   Data   RW          284    .data.USBD_CDC_DeviceDesc  usbd_desc.o
    0x2001215e   COMPRESSED   0x00000002   PAD
    0x20012160   COMPRESSED   0x0000000a   Data   RW         2065    .data.USBD_CDC_DeviceQualifierDesc  usbd_cdc.o
    0x2001216a   COMPRESSED   0x00000002   PAD
    0x2001216c   COMPRESSED   0x00000043   Data   RW         2068    .data.USBD_CDC_OtherSpeedCfgDesc  usbd_cdc.o
    0x200121af   COMPRESSED   0x00000001   PAD
    0x200121b0   COMPRESSED   0x00000014   Data   RW          308    .data.USBD_Interface_fops_FS  usbd_cdc_if.o
    0x200121c4   COMPRESSED   0x00000004   Data   RW          285    .data.USBD_LangIDDesc  usbd_desc.o
    0x200121c8   COMPRESSED   0x0000001a   Data   RW          286    .data.USBD_StringSerial  usbd_desc.o
    0x200121e2   COMPRESSED   0x00000002   PAD
    0x200121e4   COMPRESSED   0x00000080   Data   RW         2106    .fast_ram           eh_observer.o
    0x20012264   COMPRESSED   0x00000004   PAD
    0x20012268        -       0x00000060   Zero   RW         2602    .bss                c_w.l(libspace.o)
    0x200122c8        -       0x0000000c   Zero   RW           18    .bss..L_MergedGlobals  main.o
    0x200122d4        -       0x00000064   Zero   RW           47    .bss..L_MergedGlobals  adc.o
    0x20012338        -       0x00000068   Zero   RW         2205    .bss..L_MergedGlobals  idpm.o
    0x200123a0        -       0x00000020   Zero   RW         2278    .bss..L_MergedGlobals  trap_traj.o
    0x200123c0        -       0x00000078   Zero   RW         2206    .bss..L_MergedGlobals.1  idpm.o
    0x20012438        -       0x00000001   Zero   RW         2003    .bss.USBD_SetConfig.cfgidx  usbd_ctlreq.o
    0x20012439   COMPRESSED   0x00000003   PAD
    0x2001243c        -       0x00000200   Zero   RW          287    .bss.USBD_StrDesc   usbd_desc.o
    0x2001263c        -       0x00000220   Zero   RW          251    .bss.USBD_static_malloc.mem  usbd_conf.o
    0x2001285c        -       0x00000800   Zero   RW          309    .bss.UserRxBufferFS  usbd_cdc_if.o
    0x2001305c        -       0x00000800   Zero   RW          310    .bss.UserTxBufferFS  usbd_cdc_if.o
    0x2001385c        -       0x000000c8   Zero   RW         2083    .bss.alob           alob.o
    0x20013924        -       0x000002d0   Zero   RW          262    .bss.hUsbDeviceFS   usb_device.o
    0x20013bf4        -       0x0000006c   Zero   RW           44    .bss.hadc1          adc.o
    0x20013c60        -       0x0000006c   Zero   RW           45    .bss.hadc2          adc.o
    0x20013ccc        -       0x00000060   Zero   RW           46    .bss.hdma_adc2      adc.o
    0x20013d2c        -       0x00000060   Zero   RW          125    .bss.hdma_usart3_rx  usart.o
    0x20013d8c        -       0x00000060   Zero   RW          126    .bss.hdma_usart3_tx  usart.o
    0x20013dec        -       0x00000064   Zero   RW           71    .bss.hfdcan1        fdcan.o
    0x20013e50        -       0x000002dc   Zero   RW          250    .bss.hpcd_USB_FS    usbd_conf.o
    0x2001412c        -       0x00000064   Zero   RW           88    .bss.hspi1          spi.o
    0x20014190        -       0x00000064   Zero   RW           89    .bss.hspi3          spi.o
    0x200141f4        -       0x0000004c   Zero   RW          108    .bss.htim1          tim.o
    0x20014240        -       0x0000004c   Zero   RW          109    .bss.htim3          tim.o
    0x2001428c        -       0x00000094   Zero   RW          124    .bss.huart3         usart.o
    0x20014320        -       0x00000002   Zero   RW         2204    .bss.iden_pmsm_first.wait_cnt  idpm.o
    0x20014322   COMPRESSED   0x00000002   PAD
    0x20014324        -       0x00000004   Zero   RW         2169    .bss.spd_measure_M.pos_last  foc_drv.o
    0x20014328        -       0x00000004   Zero   RW          545    .bss.uwTick         stm32g4xx_hal.o
    0x2001432c   COMPRESSED   0x00000004   PAD
    0x20014330        -       0x00000200   Zero   RW            2    HEAP                startup_stm32g474xx.o
    0x20014530        -       0x00000400   Zero   RW            1    STACK               startup_stm32g474xx.o


==============================================================================

Image component sizes


      Code (inc. data)   RO Data    RW Data    ZI Data      Debug   Object Name

      1186          0          0          0        412      11423   adc.o
       676         20          0          0        200       3725   alob.o
       304         12          0          0          0      19038   anticogging.o
      2620         66          0          0          0      21691   calibration.o
       860        112          5          0          0        662   display.o
       118          0          0          0          0       4142   dma.o
       350          0          0        128          0       1777   eh_observer.o
       882          8          0          0          0      26647   encoder.o
       272          0          0          0        100       8150   fdcan.o
      1520         56          0          0          0       7532   foc_calc.o
      4584         96          0          0          0      29498   foc_ctrl_1.o
      3890         88          0      50232          4      31677   foc_drv.o
       336          0          0          0          0       2530   gpio.o
      4234         70          0          0        226      11553   idpm.o
      5306          0      13300          0          0      28017   lcd.o
       448          0          0          0         12       3191   main.o
       632         20          0          0          0       2511   nlob.o
       898          8          0          0          0       2586   pid.o
       516         24          0          0          0       1408   pll.o
      1876        104          0          0          0      20901   pos_calc.o
       610         20          0          0          0       1829   scvm.o
       352          0          0          0        200       5938   spi.o
        64         26        472          0       1536        856   startup_stm32g474xx.o
       184          0          0          8          4       9575   stm32g4xx_hal.o
      3246          0          0          0          0      28801   stm32g4xx_hal_adc.o
      2442          0          0          0          0      22809   stm32g4xx_hal_adc_ex.o
       194          0          0          0          0      11179   stm32g4xx_hal_cortex.o
       932          0          0          0          0       9411   stm32g4xx_hal_dma.o
       996          0          0          0          0      23410   stm32g4xx_hal_fdcan.o
       486          0          0          0          0       5486   stm32g4xx_hal_gpio.o
        52          0          0          0          0       1772   stm32g4xx_hal_msp.o
      3426          0          0          0          0      15855   stm32g4xx_hal_pcd.o
       100          0          0          0          0       5630   stm32g4xx_hal_pcd_ex.o
       312          0          0          0          0       9565   stm32g4xx_hal_pwr_ex.o
      2188          0          0          0          0      10005   stm32g4xx_hal_rcc.o
       726          0          0          0          0      11201   stm32g4xx_hal_rcc_ex.o
      1428          0          0          0          0      25145   stm32g4xx_hal_spi.o
      3374         30          0          0          0      61230   stm32g4xx_hal_tim.o
       868          0          0          0          0      30378   stm32g4xx_hal_tim_ex.o
      3948         48         40          0          0      41946   stm32g4xx_hal_uart.o
       340          0         16          0          0      11432   stm32g4xx_hal_uart_ex.o
       158          0          0          0          0      13242   stm32g4xx_it.o
      3138          4          0          0          0      20169   stm32g4xx_ll_usb.o
        18          0         24          4          0       2812   system_stm32g4xx.o
       744          0          0          0        152      10367   tim.o
      2682         14          0          0         32       6298   trap_traj.o
       392          0          0          0        340       9311   usart.o
       114          0          0          0        720       3119   usb_device.o
       822         12          0        267          0      10745   usbd_cdc.o
        84          0          0         20       4096       5005   usbd_cdc_if.o
       826          0          0          0       1276      19427   usbd_conf.o
       684          0          0          0          0       8478   usbd_core.o
      1598         44          0          0          1      10045   usbd_ctlreq.o
       560         72          0         80        512       4227   usbd_desc.o
       128          0          0          0          0       4655   usbd_ioreq.o
       404         28       2052          0          0       4171   util.o

    ----------------------------------------------------------------------
     70672        982      15960      50748       9836     714183   Object Totals
       220          0         48          0          0          0   (incl. Generated)
       324          0          3          9         13          0   (incl. Padding)

    ----------------------------------------------------------------------

      Code (inc. data)   RO Data    RW Data    ZI Data      Debug   Library Member Name

        90          0          0          0          0          0   __dczerorl2.o
         8          0          0          0          0         68   __main.o
         0          0          0          0          0          0   __rtentry.o
        12          0          0          0          0          0   __rtentry2.o
         6          0          0          0          0          0   __rtentry4.o
        52          8          0          0          0          0   __scatter.o
        26          0          0          0          0          0   __scatter_copy.o
        28          0          0          0          0          0   __scatter_zi.o
        22          0          0          0          0        100   _rserrno.o
        18          0          0          0          0         80   exit.o
         6          0          0          0          0        152   heapauxi.o
         0          0          0          0          0          0   indicate_semi.o
         2          0          0          0          0          0   libinit.o
         6          0          0          0          0          0   libinit2.o
         2          0          0          0          0          0   libshutdown.o
         2          0          0          0          0          0   libshutdown2.o
         8          4          0          0         96         68   libspace.o
       240          0          0          0          0        100   lludivv7m.o
         8          4          0          0          0         68   rt_errno_addr_intlibspace.o
        78          0          0          0          0         80   rt_memclr_w.o
         2          0          0          0          0          0   rtexit.o
        10          0          0          0          0          0   rtexit2.o
        12          4          0          0          0         68   sys_exit.o
        74          0          0          0          0         80   sys_stackheap_outer.o
         2          0          0          0          0         68   use_no_semi.o
        98          4          0          0          0        140   d2f.o
       156          4          0          0          0        140   dnaninf.o
        12          0          0          0          0        116   dretinf.o
        86          4          0          0          0        132   f2d.o
       140          4          0          0          0        132   fnaninf.o
        26          0          0          0          0        116   fpinit.o
       244          8          0          0          0        132   frem_clz.o
        10          0          0          0          0        116   fretinf.o
         0          0          0          0          0          0   usenofp.o
       684         90          0          0          0        208   atan2f.o
       336         56          0          0          0        136   cosf.o
       176          0          0          0          0        168   fmodf.o
        38          0          0          0          0        116   fpclassifyf.o
        44         12          0          0          0        464   funder.o
       340         24         32          0          0        160   rredf.o
       400         56          0          0          0        212   sinf.o
        58          0          0          0          0        136   sqrtf.o

    ----------------------------------------------------------------------
      3580        282         32          0         96       3556   Library Totals
        18          0          0          0          0          0   (incl. Padding)

    ----------------------------------------------------------------------

      Code (inc. data)   RO Data    RW Data    ZI Data      Debug   Library Name

       714         20          0          0         96        932   c_w.l
       772         24          0          0          0       1024   fz_wm.l
      2076        238         32          0          0       1600   m_wm.l

    ----------------------------------------------------------------------
      3580        282         32          0         96       3556   Library Totals

    ----------------------------------------------------------------------

==============================================================================


      Code (inc. data)   RO Data    RW Data    ZI Data      Debug   

     74252       1264      15992      50748       9932     714663   Grand Totals
     74252       1264      15992        592       9932     714663   ELF Image Totals (compressed)
     74252       1264      15992        592          0          0   ROM Totals

==============================================================================

    Total RO  Size (Code + RO Data)                90244 (  88.13kB)
    Total RW  Size (RW Data + ZI Data)             60680 (  59.26kB)
    Total ROM Size (Code + RO Data + RW Data)      90836 (  88.71kB)

==============================================================================

