Component: Arm Compiler for Embedded 6.18 Tool: armlink [5e4cc100]

==============================================================================

Section Cross References

    startup_stm32g474xx.o(STACK) refers (Special) to heapauxi.o(.text) for __use_two_region_memory
    startup_stm32g474xx.o(HEAP) refers (Special) to heapauxi.o(.text) for __use_two_region_memory
    startup_stm32g474xx.o(RESET) refers (Special) to heapauxi.o(.text) for __use_two_region_memory
    startup_stm32g474xx.o(RESET) refers to startup_stm32g474xx.o(STACK) for __initial_sp
    startup_stm32g474xx.o(RESET) refers to startup_stm32g474xx.o(.text) for Reset_Handler
    startup_stm32g474xx.o(RESET) refers to stm32g4xx_it.o(.text.NMI_Handler) for NMI_Handler
    startup_stm32g474xx.o(RESET) refers to stm32g4xx_it.o(.text.HardFault_Handler) for HardFault_Handler
    startup_stm32g474xx.o(RESET) refers to stm32g4xx_it.o(.text.MemManage_Handler) for MemManage_Handler
    startup_stm32g474xx.o(RESET) refers to stm32g4xx_it.o(.text.BusFault_Handler) for BusFault_Handler
    startup_stm32g474xx.o(RESET) refers to stm32g4xx_it.o(.text.UsageFault_Handler) for UsageFault_Handler
    startup_stm32g474xx.o(RESET) refers to stm32g4xx_it.o(.text.SVC_Handler) for SVC_Handler
    startup_stm32g474xx.o(RESET) refers to stm32g4xx_it.o(.text.DebugMon_Handler) for DebugMon_Handler
    startup_stm32g474xx.o(RESET) refers to stm32g4xx_it.o(.text.PendSV_Handler) for PendSV_Handler
    startup_stm32g474xx.o(RESET) refers to stm32g4xx_it.o(.text.SysTick_Handler) for SysTick_Handler
    startup_stm32g474xx.o(RESET) refers to stm32g4xx_it.o(.text.DMA1_Channel1_IRQHandler) for DMA1_Channel1_IRQHandler
    startup_stm32g474xx.o(RESET) refers to stm32g4xx_it.o(.text.DMA1_Channel2_IRQHandler) for DMA1_Channel2_IRQHandler
    startup_stm32g474xx.o(RESET) refers to stm32g4xx_it.o(.text.DMA1_Channel3_IRQHandler) for DMA1_Channel3_IRQHandler
    startup_stm32g474xx.o(RESET) refers to stm32g4xx_it.o(.text.DMA1_Channel4_IRQHandler) for DMA1_Channel4_IRQHandler
    startup_stm32g474xx.o(RESET) refers to stm32g4xx_it.o(.text.ADC1_2_IRQHandler) for ADC1_2_IRQHandler
    startup_stm32g474xx.o(RESET) refers to stm32g4xx_it.o(.text.USB_LP_IRQHandler) for USB_LP_IRQHandler
    startup_stm32g474xx.o(RESET) refers to stm32g4xx_it.o(.text.FDCAN1_IT0_IRQHandler) for FDCAN1_IT0_IRQHandler
    startup_stm32g474xx.o(RESET) refers to stm32g4xx_it.o(.text.FDCAN1_IT1_IRQHandler) for FDCAN1_IT1_IRQHandler
    startup_stm32g474xx.o(RESET) refers to stm32g4xx_it.o(.text.TIM1_UP_TIM16_IRQHandler) for TIM1_UP_TIM16_IRQHandler
    startup_stm32g474xx.o(RESET) refers to stm32g4xx_it.o(.text.USART3_IRQHandler) for USART3_IRQHandler
    startup_stm32g474xx.o(.text) refers (Special) to heapauxi.o(.text) for __use_two_region_memory
    startup_stm32g474xx.o(.text) refers to system_stm32g4xx.o(.text.SystemInit) for SystemInit
    startup_stm32g474xx.o(.text) refers to __main.o(!!!main) for __main
    startup_stm32g474xx.o(.text) refers to startup_stm32g474xx.o(HEAP) for Heap_Mem
    startup_stm32g474xx.o(.text) refers to startup_stm32g474xx.o(STACK) for Stack_Mem
    main.o(.text.main) refers to stm32g4xx_hal.o(.text.HAL_Init) for HAL_Init
    main.o(.text.main) refers to stm32g4xx_hal_pwr_ex.o(.text.HAL_PWREx_ControlVoltageScaling) for HAL_PWREx_ControlVoltageScaling
    main.o(.text.main) refers to stm32g4xx_hal_rcc.o(.text.HAL_RCC_OscConfig) for HAL_RCC_OscConfig
    main.o(.text.main) refers to stm32g4xx_hal_rcc.o(.text.HAL_RCC_ClockConfig) for HAL_RCC_ClockConfig
    main.o(.text.main) refers to gpio.o(.text.MX_GPIO_Init) for MX_GPIO_Init
    main.o(.text.main) refers to dma.o(.text.MX_DMA_Init) for MX_DMA_Init
    main.o(.text.main) refers to spi.o(.text.MX_SPI1_Init) for MX_SPI1_Init
    main.o(.text.main) refers to tim.o(.text.MX_TIM1_Init) for MX_TIM1_Init
    main.o(.text.main) refers to tim.o(.text.MX_TIM3_Init) for MX_TIM3_Init
    main.o(.text.main) refers to usb_device.o(.text.MX_USB_Device_Init) for MX_USB_Device_Init
    main.o(.text.main) refers to adc.o(.text.MX_ADC1_Init) for MX_ADC1_Init
    main.o(.text.main) refers to adc.o(.text.MX_ADC2_Init) for MX_ADC2_Init
    main.o(.text.main) refers to usart.o(.text.MX_USART3_UART_Init) for MX_USART3_UART_Init
    main.o(.text.main) refers to fdcan.o(.text.MX_FDCAN1_Init) for MX_FDCAN1_Init
    main.o(.text.main) refers to spi.o(.text.MX_SPI3_Init) for MX_SPI3_Init
    main.o(.text.main) refers to stm32g4xx_hal.o(.text.HAL_Delay) for HAL_Delay
    main.o(.text.main) refers to tim.o(.bss.htim3) for htim3
    main.o(.text.main) refers to stm32g4xx_hal_tim.o(.text.HAL_TIM_Base_Start) for HAL_TIM_Base_Start
    main.o(.text.main) refers to adc.o(.bss.hadc1) for hadc1
    main.o(.text.main) refers to stm32g4xx_hal_adc_ex.o(.text.HAL_ADCEx_Calibration_Start) for HAL_ADCEx_Calibration_Start
    main.o(.text.main) refers to adc.o(.bss.hadc2) for hadc2
[...]
    TIM4_IRQHandler                          0x08000d57   Thumb Code     0  startup_stm32g474xx.o(.text)
    TIM5_IRQHandler                          0x08000d57   Thumb Code     0  startup_stm32g474xx.o(.text)
    TIM6_DAC_IRQHandler                      0x08000d57   Thumb Code     0  startup_stm32g474xx.o(.text)
    TIM7_DAC_IRQHandler                      0x08000d57   Thumb Code     0  startup_stm32g474xx.o(.text)
    TIM8_BRK_IRQHandler                      0x08000d57   Thumb Code     0  startup_stm32g474xx.o(.text)
    TIM8_CC_IRQHandler                       0x08000d57   Thumb Code     0  startup_stm32g474xx.o(.text)
    TIM8_TRG_COM_IRQHandler                  0x08000d57   Thumb Code     0  startup_stm32g474xx.o(.text)
    TIM8_UP_IRQHandler                       0x08000d57   Thumb Code     0  startup_stm32g474xx.o(.text)
    UART4_IRQHandler                         0x08000d57   Thumb Code     0  startup_stm32g474xx.o(.text)
    UART5_IRQHandler                         0x08000d57   Thumb Code     0  startup_stm32g474xx.o(.text)
    UCPD1_IRQHandler                         0x08000d57   Thumb Code     0  startup_stm32g474xx.o(.text)
    USART1_IRQHandler                        0x08000d57   Thumb Code     0  startup_stm32g474xx.o(.text)
    USART2_IRQHandler                        0x08000d57   Thumb Code     0  startup_stm32g474xx.o(.text)
    USBWakeUp_IRQHandler                     0x08000d57   Thumb Code     0  startup_stm32g474xx.o(.text)
    USB_HP_IRQHandler                        0x08000d57   Thumb Code     0  startup_stm32g474xx.o(.text)
    WWDG_IRQHandler                          0x08000d57   Thumb Code     0  startup_stm32g474xx.o(.text)
    __user_initial_stackheap                 0x08000d59   Thumb Code     0  startup_stm32g474xx.o(.text)
    __aeabi_uldivmod                         0x08000d7d   Thumb Code     0  lludivv7m.o(.text)
    _ll_udiv                                 0x08000d7d   Thumb Code   240  lludivv7m.o(.text)
    __aeabi_memclr4                          0x08000e6d   Thumb Code     0  rt_memclr_w.o(.text)
    __aeabi_memclr8                          0x08000e6d   Thumb Code     0  rt_memclr_w.o(.text)
    __rt_memclr_w                            0x08000e6d   Thumb Code     0  rt_memclr_w.o(.text)
    _memset_w                                0x08000e71   Thumb Code    74  rt_memclr_w.o(.text)
    __use_two_region_memory                  0x08000ebb   Thumb Code     2  heapauxi.o(.text)
    __rt_heap_escrow$2region                 0x08000ebd   Thumb Code     2  heapauxi.o(.text)
    __rt_heap_expand$2region                 0x08000ebf   Thumb Code     2  heapauxi.o(.text)
    __read_errno                             0x08000ec1   Thumb Code    10  _rserrno.o(.text)
    __set_errno                              0x08000ecb   Thumb Code    12  _rserrno.o(.text)
    __aeabi_errno_addr                       0x08000ed9   Thumb Code     8  rt_errno_addr_intlibspace.o(.text)
    __errno$intlibspace                      0x08000ed9   Thumb Code     0  rt_errno_addr_intlibspace.o(.text)
    __rt_errno_addr$intlibspace              0x08000ed9   Thumb Code     0  rt_errno_addr_intlibspace.o(.text)
    __user_libspace                          0x08000ee1   Thumb Code     8  libspace.o(.text)
    __user_perproc_libspace                  0x08000ee1   Thumb Code     0  libspace.o(.text)
    __user_perthread_libspace                0x08000ee1   Thumb Code     0  libspace.o(.text)
    __user_setup_stackheap                   0x08000ee9   Thumb Code    74  sys_stackheap_outer.o(.text)
    exit                                     0x08000f33   Thumb Code    18  exit.o(.text)
    _sys_exit                                0x08000f45   Thumb Code     8  sys_exit.o(.text)
    __I$use$semihosting                      0x08000f51   Thumb Code     0  use_no_semi.o(.text)
    __use_no_semihosting_swi                 0x08000f51   Thumb Code     2  use_no_semi.o(.text)
    __semihosting_library_function           0x08000f53   Thumb Code     0  indicate_semi.o(.text)
    ADC1_2_IRQHandler                        0x08000f55   Thumb Code    30  stm32g4xx_it.o(.text.ADC1_2_IRQHandler)
    ADC_DMAConvCplt                          0x08000f75   Thumb Code    98  stm32g4xx_hal_adc.o(.text.ADC_DMAConvCplt)
    ADC_DMAError                             0x08000fd9   Thumb Code    22  stm32g4xx_hal_adc.o(.text.ADC_DMAError)
    ADC_DMAHalfConvCplt                      0x08000ff1   Thumb Code     6  stm32g4xx_hal_adc.o(.text.ADC_DMAHalfConvCplt)
    ADC_Disable                              0x08000ff9   Thumb Code   124  stm32g4xx_hal_adc.o(.text.ADC_Disable)
    ADC_Enable                               0x08001075   Thumb Code   270  stm32g4xx_hal_adc.o(.text.ADC_Enable)
    BusFault_Handler                         0x08001185   Thumb Code     2  stm32g4xx_it.o(.text.BusFault_Handler)
    CDC_Transmit_FS                          0x080011dd   Thumb Code    54  usbd_cdc_if.o(.text.CDC_Transmit_FS)
    DMA1_Channel1_IRQHandler                 0x08001215   Thumb Code    12  stm32g4xx_it.o(.text.DMA1_Channel1_IRQHandler)
    DMA1_Channel2_IRQHandler                 0x08001221   Thumb Code    12  stm32g4xx_it.o(.text.DMA1_Channel2_IRQHandler)
    DMA1_Channel3_IRQHandler                 0x0800122d   Thumb Code    12  stm32g4xx_it.o(.text.DMA1_Channel3_IRQHandler)
    DMA1_Channel4_IRQHandler                 0x08001239   Thumb Code    12  stm32g4xx_it.o(.text.DMA1_Channel4_IRQHandler)
    DebugMon_Handler                         0x08001245   Thumb Code     2  stm32g4xx_it.o(.text.DebugMon_Handler)
    Error_Handler                            0x08001249   Thumb Code    10  main.o(.text.Error_Handler)
    FDCAN1_IT0_IRQHandler                    0x08001255   Thumb Code    12  stm32g4xx_it.o(.text.FDCAN1_IT0_IRQHandler)
    FDCAN1_IT1_IRQHandler                    0x08001261   Thumb Code    12  stm32g4xx_it.o(.text.FDCAN1_IT1_IRQHandler)
    HAL_ADCEx_Calibration_Start              0x0800126d   Thumb Code   212  stm32g4xx_hal_adc_ex.o(.text.HAL_ADCEx_Calibration_Start)
    HAL_ADCEx_EndOfSamplingCallback          0x08001341   Thumb Code     2  stm32g4xx_hal_adc_ex.o(.text.HAL_ADCEx_EndOfSamplingCallback)
    HAL_ADCEx_InjectedConfigChannel          0x08001345   Thumb Code  1262  stm32g4xx_hal_adc_ex.o(.text.HAL_ADCEx_InjectedConfigChannel)
    HAL_ADCEx_InjectedQueueOverflowCallback  0x08001835   Thumb Code     2  stm32g4xx_hal_adc_ex.o(.text.HAL_ADCEx_InjectedQueueOverflowCallback)
    HAL_ADCEx_InjectedStart                  0x08001839   Thumb Code   300  stm32g4xx_hal_adc_ex.o(.text.HAL_ADCEx_InjectedStart)
    HAL_ADCEx_InjectedStart_IT               0x08001965   Thumb Code   352  stm32g4xx_hal_adc_ex.o(.text.HAL_ADCEx_InjectedStart_IT)
    HAL_ADCEx_LevelOutOfWindow2Callback      0x08001ac5   Thumb Code     2  stm32g4xx_hal_adc_ex.o(.text.HAL_ADCEx_LevelOutOfWindow2Callback)
    HAL_ADCEx_LevelOutOfWindow3Callback      0x08001ac9   Thumb Code     2  stm32g4xx_hal_adc_ex.o(.text.HAL_ADCEx_LevelOutOfWindow3Callback)
    HAL_ADCEx_MultiModeConfigChannel         0x08001acd   Thumb Code   308  stm32g4xx_hal_adc_ex.o(.text.HAL_ADCEx_MultiModeConfigChannel)
    HAL_ADC_ConfigChannel                    0x08001c01   Thumb Code  1000  stm32g4xx_hal_adc.o(.text.HAL_ADC_ConfigChannel)
    HAL_ADC_ConvCpltCallback                 0x08001fe9   Thumb Code     2  stm32g4xx_hal_adc.o(.text.HAL_ADC_ConvCpltCallback)
    HAL_ADC_ConvHalfCpltCallback             0x08001fed   Thumb Code     2  stm32g4xx_hal_adc.o(.text.HAL_ADC_ConvHalfCpltCallback)
    HAL_ADC_ErrorCallback                    0x08001ff1   Thumb Code     2  stm32g4xx_hal_adc.o(.text.HAL_ADC_ErrorCallback)
    HAL_ADC_IRQHandler                       0x08001ff5   Thumb Code   790  stm32g4xx_hal_adc.o(.text.HAL_ADC_IRQHandler)
    HAL_ADC_Init                             0x0800230d   Thumb Code   636  stm32g4xx_hal_adc.o(.text.HAL_ADC_Init)
    HAL_ADC_LevelOutOfWindowCallback         0x08002589   Thumb Code     2  stm32g4xx_hal_adc.o(.text.HAL_ADC_LevelOutOfWindowCallback)
    HAL_ADC_MspInit                          0x0800258d   Thumb Code   486  adc.o(.text.HAL_ADC_MspInit)
    HAL_ADC_Start_DMA                        0x08002775   Thumb Code   292  stm32g4xx_hal_adc.o(.text.HAL_ADC_Start_DMA)
    HAL_DMA_Abort                            0x08002899   Thumb Code   112  stm32g4xx_hal_dma.o(.text.HAL_DMA_Abort)
    HAL_DMA_Abort_IT                         0x08002909   Thumb Code   124  stm32g4xx_hal_dma.o(.text.HAL_DMA_Abort_IT)
    HAL_DMA_IRQHandler                       0x08002985   Thumb Code   170  stm32g4xx_hal_dma.o(.text.HAL_DMA_IRQHandler)
    HAL_DMA_Init                             0x08002a31   Thumb Code   298  stm32g4xx_hal_dma.o(.text.HAL_DMA_Init)
    HAL_DMA_Start_IT                         0x08002b5d   Thumb Code   228  stm32g4xx_hal_dma.o(.text.HAL_DMA_Start_IT)
    HAL_Delay                                0x08002c41   Thumb Code    40  stm32g4xx_hal.o(.text.HAL_Delay)
    HAL_FDCAN_ErrorCallback                  0x08002c69   Thumb Code     2  stm32g4xx_hal_fdcan.o(.text.HAL_FDCAN_ErrorCallback)
    HAL_FDCAN_ErrorStatusCallback            0x08002c6d   Thumb Code     2  stm32g4xx_hal_fdcan.o(.text.HAL_FDCAN_ErrorStatusCallback)
    HAL_FDCAN_HighPriorityMessageCallback    0x08002c71   Thumb Code     2  stm32g4xx_hal_fdcan.o(.text.HAL_FDCAN_HighPriorityMessageCallback)
    HAL_FDCAN_IRQHandler                     0x08002c75   Thumb Code   378  stm32g4xx_hal_fdcan.o(.text.HAL_FDCAN_IRQHandler)
    HAL_FDCAN_Init                           0x08002df1   Thumb Code   596  stm32g4xx_hal_fdcan.o(.text.HAL_FDCAN_Init)
    HAL_FDCAN_MspInit                        0x08003045   Thumb Code   176  fdcan.o(.text.HAL_FDCAN_MspInit)
    HAL_FDCAN_RxFifo0Callback                0x080030f5   Thumb Code     2  stm32g4xx_hal_fdcan.o(.text.HAL_FDCAN_RxFifo0Callback)
    HAL_FDCAN_RxFifo1Callback                0x080030f9   Thumb Code     2  stm32g4xx_hal_fdcan.o(.text.HAL_FDCAN_RxFifo1Callback)
    HAL_FDCAN_TimeoutOccurredCallback        0x080030fd   Thumb Code     2  stm32g4xx_hal_fdcan.o(.text.HAL_FDCAN_TimeoutOccurredCallback)
    HAL_FDCAN_TimestampWraparoundCallback    0x08003101   Thumb Code     2  stm32g4xx_hal_fdcan.o(.text.HAL_FDCAN_TimestampWraparoundCallback)
    HAL_FDCAN_TxBufferAbortCallback          0x08003105   Thumb Code     2  stm32g4xx_hal_fdcan.o(.text.HAL_FDCAN_TxBufferAbortCallback)
    HAL_FDCAN_TxBufferCompleteCallback       0x08003109   Thumb Code     2  stm32g4xx_hal_fdcan.o(.text.HAL_FDCAN_TxBufferCompleteCallback)
    HAL_FDCAN_TxEventFifoCallback            0x0800310d   Thumb Code     2  stm32g4xx_hal_fdcan.o(.text.HAL_FDCAN_TxEventFifoCallback)
    HAL_FDCAN_TxFifoEmptyCallback            0x08003111   Thumb Code     2  stm32g4xx_hal_fdcan.o(.text.HAL_FDCAN_TxFifoEmptyCallback)
    HAL_GPIO_Init                            0x08003115   Thumb Code   474  stm32g4xx_hal_gpio.o(.text.HAL_GPIO_Init)
    HAL_GPIO_WritePin                        0x080032f1   Thumb Code    12  stm32g4xx_hal_gpio.o(.text.HAL_GPIO_WritePin)
    HAL_GetTick                              0x080032fd   Thumb Code    12  stm32g4xx_hal.o(.text.HAL_GetTick)
    HAL_IncTick                              0x08003309   Thumb Code    26  stm32g4xx_hal.o(.text.HAL_IncTick)
    HAL_Init                                 0x08003325   Thumb Code    30  stm32g4xx_hal.o(.text.HAL_Init)
    HAL_InitTick                             0x08003345   Thumb Code    76  stm32g4xx_hal.o(.text.HAL_InitTick)
    HAL_MspInit                              0x08003391   Thumb Code    52  stm32g4xx_hal_msp.o(.text.HAL_MspInit)
    HAL_NVIC_EnableIRQ                       0x080033c5   Thumb Code    32  stm32g4xx_hal_cortex.o(.text.HAL_NVIC_EnableIRQ)
    HAL_NVIC_SetPriority                     0x080033e5   Thumb Code    86  stm32g4xx_hal_cortex.o(.text.HAL_NVIC_SetPriority)
    HAL_NVIC_SetPriorityGrouping             0x0800343d   Thumb Code    32  stm32g4xx_hal_cortex.o(.text.HAL_NVIC_SetPriorityGrouping)
    HAL_PCDEx_ActivateLPM                    0x0800345d   Thumb Code    42  stm32g4xx_hal_pcd_ex.o(.text.HAL_PCDEx_ActivateLPM)
    HAL_PCDEx_LPM_Callback                   0x08003489   Thumb Code    82  usbd_conf.o(.text.HAL_PCDEx_LPM_Callback)
    HAL_PCDEx_PMAConfig                      0x080034dd   Thumb Code    58  stm32g4xx_hal_pcd_ex.o(.text.HAL_PCDEx_PMAConfig)
    HAL_PCD_DataInStageCallback              0x08003519   Thumb Code    20  usbd_conf.o(.text.HAL_PCD_DataInStageCallback)
    HAL_PCD_DataOutStageCallback             0x0800352d   Thumb Code    22  usbd_conf.o(.text.HAL_PCD_DataOutStageCallback)
    HAL_PCD_EP_Close                         0x08003545   Thumb Code    74  stm32g4xx_hal_pcd.o(.text.HAL_PCD_EP_Close)
    HAL_PCD_EP_ClrStall                      0x08003591   Thumb Code    94  stm32g4xx_hal_pcd.o(.text.HAL_PCD_EP_ClrStall)
    HAL_PCD_EP_GetRxCount                    0x080035f1   Thumb Code    18  stm32g4xx_hal_pcd.o(.text.HAL_PCD_EP_GetRxCount)
    HAL_PCD_EP_Open                          0x08003605   Thumb Code    92  stm32g4xx_hal_pcd.o(.text.HAL_PCD_EP_Open)
    HAL_PCD_EP_Receive                       0x08003661   Thumb Code    50  stm32g4xx_hal_pcd.o(.text.HAL_PCD_EP_Receive)
    HAL_PCD_EP_SetStall                      0x08003695   Thumb Code    96  stm32g4xx_hal_pcd.o(.text.HAL_PCD_EP_SetStall)
    HAL_PCD_EP_Transmit                      0x080036f5   Thumb Code    54  stm32g4xx_hal_pcd.o(.text.HAL_PCD_EP_Transmit)
    HAL_PCD_IRQHandler                       0x0800372d   Thumb Code  2334  stm32g4xx_hal_pcd.o(.text.HAL_PCD_IRQHandler)
    HAL_PCD_Init                             0x0800404d   Thumb Code   534  stm32g4xx_hal_pcd.o(.text.HAL_PCD_Init)
    HAL_PCD_MspInit                          0x08004265   Thumb Code   102  usbd_conf.o(.text.HAL_PCD_MspInit)
    HAL_PCD_ResetCallback                    0x080042cd   Thumb Code    36  usbd_conf.o(.text.HAL_PCD_ResetCallback)
    HAL_PCD_ResumeCallback                   0x080042f1   Thumb Code    40  usbd_conf.o(.text.HAL_PCD_ResumeCallback)
    HAL_PCD_SOFCallback                      0x08004319   Thumb Code     8  usbd_conf.o(.text.HAL_PCD_SOFCallback)
    HAL_PCD_SetAddress                       0x08004321   Thumb Code    38  stm32g4xx_hal_pcd.o(.text.HAL_PCD_SetAddress)
    HAL_PCD_SetupStageCallback               0x08004349   Thumb Code    14  usbd_conf.o(.text.HAL_PCD_SetupStageCallback)
    HAL_PCD_Start                            0x08004359   Thumb Code    42  stm32g4xx_hal_pcd.o(.text.HAL_PCD_Start)
    HAL_PCD_SuspendCallback                  0x08004385   Thumb Code    38  usbd_conf.o(.text.HAL_PCD_SuspendCallback)
    HAL_PWREx_ControlVoltageScaling          0x080043ad   Thumb Code   294  stm32g4xx_hal_pwr_ex.o(.text.HAL_PWREx_ControlVoltageScaling)
    HAL_PWREx_DisableUCPDDeadBattery         0x080044d5   Thumb Code    18  stm32g4xx_hal_pwr_ex.o(.text.HAL_PWREx_DisableUCPDDeadBattery)
    HAL_RCCEx_PeriphCLKConfig                0x080044e9   Thumb Code   726  stm32g4xx_hal_rcc_ex.o(.text.HAL_RCCEx_PeriphCLKConfig)
    HAL_RCC_ClockConfig                      0x080047c1   Thumb Code   788  stm32g4xx_hal_rcc.o(.text.HAL_RCC_ClockConfig)
    HAL_RCC_GetPCLK1Freq                     0x08004ad5   Thumb Code    42  stm32g4xx_hal_rcc.o(.text.HAL_RCC_GetPCLK1Freq)
    HAL_RCC_GetPCLK2Freq                     0x08004b01   Thumb Code    42  stm32g4xx_hal_rcc.o(.text.HAL_RCC_GetPCLK2Freq)
    HAL_RCC_GetSysClockFreq                  0x08004b2d   Thumb Code   122  stm32g4xx_hal_rcc.o(.text.HAL_RCC_GetSysClockFreq)
    HAL_RCC_OscConfig                        0x08004ba9   Thumb Code  1194  stm32g4xx_hal_rcc.o(.text.HAL_RCC_OscConfig)
    HAL_SPI_Init                             0x08005055   Thumb Code   228  stm32g4xx_hal_spi.o(.text.HAL_SPI_Init)
    HAL_SPI_MspInit                          0x08005139   Thumb Code   190  spi.o(.text.HAL_SPI_MspInit)
    HAL_SYSTICK_Config                       0x080051f9   Thumb Code    44  stm32g4xx_hal_cortex.o(.text.HAL_SYSTICK_Config)
    HAL_TIMEx_Break2Callback                 0x08005225   Thumb Code     2  stm32g4xx_hal_tim_ex.o(.text.HAL_TIMEx_Break2Callback)
    HAL_TIMEx_BreakCallback                  0x08005229   Thumb Code     2  stm32g4xx_hal_tim_ex.o(.text.HAL_TIMEx_BreakCallback)
    HAL_TIMEx_CommutCallback                 0x0800522d   Thumb Code     2  stm32g4xx_hal_tim_ex.o(.text.HAL_TIMEx_CommutCallback)
    HAL_TIMEx_ConfigBreakDeadTime            0x08005231   Thumb Code   212  stm32g4xx_hal_tim_ex.o(.text.HAL_TIMEx_ConfigBreakDeadTime)
    HAL_TIMEx_DirectionChangeCallback        0x08005305   Thumb Code     2  stm32g4xx_hal_tim_ex.o(.text.HAL_TIMEx_DirectionChangeCallback)
    HAL_TIMEx_EncoderIndexCallback           0x08005309   Thumb Code     2  stm32g4xx_hal_tim_ex.o(.text.HAL_TIMEx_EncoderIndexCallback)
    HAL_TIMEx_IndexErrorCallback             0x0800530d   Thumb Code     2  stm32g4xx_hal_tim_ex.o(.text.HAL_TIMEx_IndexErrorCallback)
    HAL_TIMEx_MasterConfigSynchronization    0x08005311   Thumb Code   222  stm32g4xx_hal_tim_ex.o(.text.HAL_TIMEx_MasterConfigSynchronization)
    HAL_TIMEx_PWMN_Start                     0x080053f1   Thumb Code   274  stm32g4xx_hal_tim_ex.o(.text.HAL_TIMEx_PWMN_Start)
    HAL_TIMEx_PWMN_Stop                      0x08005505   Thumb Code   146  stm32g4xx_hal_tim_ex.o(.text.HAL_TIMEx_PWMN_Stop)
    HAL_TIMEx_TransitionErrorCallback        0x08005599   Thumb Code     2  stm32g4xx_hal_tim_ex.o(.text.HAL_TIMEx_TransitionErrorCallback)
    HAL_TIM_Base_Init                        0x0800559d   Thumb Code    98  stm32g4xx_hal_tim.o(.text.HAL_TIM_Base_Init)
    HAL_TIM_Base_MspInit                     0x08005601   Thumb Code   110  tim.o(.text.HAL_TIM_Base_MspInit)
    HAL_TIM_Base_Start                       0x08005671   Thumb Code   178  stm32g4xx_hal_tim.o(.text.HAL_TIM_Base_Start)
    HAL_TIM_ConfigClockSource                0x08005725   Thumb Code   544  stm32g4xx_hal_tim.o(.text.HAL_TIM_ConfigClockSource)
    HAL_TIM_IC_CaptureCallback               0x08005945   Thumb Code     2  stm32g4xx_hal_tim.o(.text.HAL_TIM_IC_CaptureCallback)
    HAL_TIM_IRQHandler                       0x08005949   Thumb Code   460  stm32g4xx_hal_tim.o(.text.HAL_TIM_IRQHandler)
    HAL_TIM_MspPostInit                      0x08005b15   Thumb Code   164  tim.o(.text.HAL_TIM_MspPostInit)
    HAL_TIM_OC_DelayElapsedCallback          0x08005bb9   Thumb Code     2  stm32g4xx_hal_tim.o(.text.HAL_TIM_OC_DelayElapsedCallback)
    HAL_TIM_PWM_ConfigChannel                0x08005bbd   Thumb Code  1024  stm32g4xx_hal_tim.o(.text.HAL_TIM_PWM_ConfigChannel)
    HAL_TIM_PWM_Init                         0x08005fbd   Thumb Code    98  stm32g4xx_hal_tim.o(.text.HAL_TIM_PWM_Init)
    HAL_TIM_PWM_MspInit                      0x08006021   Thumb Code     2  stm32g4xx_hal_tim.o(.text.HAL_TIM_PWM_MspInit)
    HAL_TIM_PWM_PulseFinishedCallback        0x08006025   Thumb Code     2  stm32g4xx_hal_tim.o(.text.HAL_TIM_PWM_PulseFinishedCallback)
    HAL_TIM_PWM_Start                        0x08006029   Thumb Code   414  stm32g4xx_hal_tim.o(.text.HAL_TIM_PWM_Start)
    HAL_TIM_PWM_Stop                         0x080061c9   Thumb Code   214  stm32g4xx_hal_tim.o(.text.HAL_TIM_PWM_Stop)
    HAL_TIM_PeriodElapsedCallback            0x080062a1   Thumb Code     2  stm32g4xx_hal_tim.o(.text.HAL_TIM_PeriodElapsedCallback)
    HAL_TIM_TriggerCallback                  0x080062a5   Thumb Code     2  stm32g4xx_hal_tim.o(.text.HAL_TIM_TriggerCallback)
    HAL_UARTEx_DisableFifoMode               0x080062a9   Thumb Code    54  stm32g4xx_hal_uart_ex.o(.text.HAL_UARTEx_DisableFifoMode)
    HAL_UARTEx_RxEventCallback               0x080062e1   Thumb Code     2  stm32g4xx_hal_uart.o(.text.HAL_UARTEx_RxEventCallback)
    HAL_UARTEx_RxFifoFullCallback            0x080062e5   Thumb Code     2  stm32g4xx_hal_uart_ex.o(.text.HAL_UARTEx_RxFifoFullCallback)
    HAL_UARTEx_SetRxFifoThreshold            0x080062e9   Thumb Code   140  stm32g4xx_hal_uart_ex.o(.text.HAL_UARTEx_SetRxFifoThreshold)
    HAL_UARTEx_SetTxFifoThreshold            0x08006375   Thumb Code   140  stm32g4xx_hal_uart_ex.o(.text.HAL_UARTEx_SetTxFifoThreshold)
    HAL_UARTEx_TxFifoEmptyCallback           0x08006401   Thumb Code     2  stm32g4xx_hal_uart_ex.o(.text.HAL_UARTEx_TxFifoEmptyCallback)
    HAL_UARTEx_WakeupCallback                0x08006405   Thumb Code     2  stm32g4xx_hal_uart_ex.o(.text.HAL_UARTEx_WakeupCallback)
    HAL_UART_ErrorCallback                   0x08006409   Thumb Code     2  stm32g4xx_hal_uart.o(.text.HAL_UART_ErrorCallback)
    HAL_UART_IRQHandler                      0x0800640d   Thumb Code  1688  stm32g4xx_hal_uart.o(.text.HAL_UART_IRQHandler)
    HAL_UART_Init                            0x08006aa5   Thumb Code   100  stm32g4xx_hal_uart.o(.text.HAL_UART_Init)
    HAL_UART_MspInit                         0x08006b09   Thumb Code   262  usart.o(.text.HAL_UART_MspInit)
    HAL_UART_TxCpltCallback                  0x08006c11   Thumb Code     2  stm32g4xx_hal_uart.o(.text.HAL_UART_TxCpltCallback)
    HardFault_Handler                        0x08006c15   Thumb Code     2  stm32g4xx_it.o(.text.HardFault_Handler)
    MX_ADC1_Init                             0x08006c19   Thumb Code   370  adc.o(.text.MX_ADC1_Init)
    MX_ADC2_Init                             0x08006d8d   Thumb Code   330  adc.o(.text.MX_ADC2_Init)
    MX_DMA_Init                              0x08006ed9   Thumb Code   118  dma.o(.text.MX_DMA_Init)
    MX_FDCAN1_Init                           0x08006f51   Thumb Code    96  fdcan.o(.text.MX_FDCAN1_Init)
    MX_GPIO_Init                             0x08006fb1   Thumb Code   336  gpio.o(.text.MX_GPIO_Init)
    MX_SPI1_Init                             0x08007101   Thumb Code    82  spi.o(.text.MX_SPI1_Init)
    MX_SPI3_Init                             0x08007155   Thumb Code    80  spi.o(.text.MX_SPI3_Init)
    MX_TIM1_Init                             0x080071a5   Thumb Code   352  tim.o(.text.MX_TIM1_Init)
    MX_TIM3_Init                             0x08007305   Thumb Code   118  tim.o(.text.MX_TIM3_Init)
    MX_USART3_UART_Init                      0x0800737d   Thumb Code   130  usart.o(.text.MX_USART3_UART_Init)
    MX_USB_Device_Init                       0x08007401   Thumb Code   114  usb_device.o(.text.MX_USB_Device_Init)
    MemManage_Handler                        0x08007475   Thumb Code     2  stm32g4xx_it.o(.text.MemManage_Handler)
    NMI_Handler                              0x08007479   Thumb Code     2  stm32g4xx_it.o(.text.NMI_Handler)
    PendSV_Handler                           0x0800747d   Thumb Code     2  stm32g4xx_it.o(.text.PendSV_Handler)
    SVC_Handler                              0x08007481   Thumb Code     2  stm32g4xx_it.o(.text.SVC_Handler)
    SysTick_Handler                          0x08007485   Thumb Code     4  stm32g4xx_it.o(.text.SysTick_Handler)
    SystemClock_Config                       0x08007489   Thumb Code   112  main.o(.text.SystemClock_Config)
    SystemInit                               0x080074f9   Thumb Code    18  system_stm32g4xx.o(.text.SystemInit)
    TIM1_UP_TIM16_IRQHandler                 0x0800750d   Thumb Code    12  stm32g4xx_it.o(.text.TIM1_UP_TIM16_IRQHandler)
    TIM_Base_SetConfig                       0x08007519   Thumb Code   332  stm32g4xx_hal_tim.o(.text.TIM_Base_SetConfig)
    UART_AdvFeatureConfig                    0x08007665   Thumb Code   232  stm32g4xx_hal_uart.o(.text.UART_AdvFeatureConfig)
    UART_CheckIdleState                      0x0800774d   Thumb Code   366  stm32g4xx_hal_uart.o(.text.UART_CheckIdleState)
    UART_SetConfig                           0x080078c9   Thumb Code   688  stm32g4xx_hal_uart.o(.text.UART_SetConfig)
    UART_WaitOnFlagUntilTimeout              0x08007b89   Thumb Code   840  stm32g4xx_hal_uart.o(.text.UART_WaitOnFlagUntilTimeout)
    USART3_IRQHandler                        0x08007ed1   Thumb Code    12  stm32g4xx_it.o(.text.USART3_IRQHandler)
    USBD_CDC_ConfigStrDescriptor             0x08007edd   Thumb Code    24  usbd_desc.o(.text.USBD_CDC_ConfigStrDescriptor)
    USBD_CDC_DeviceDescriptor                0x08007fe1   Thumb Code    14  usbd_desc.o(.text.USBD_CDC_DeviceDescriptor)
    USBD_CDC_GetDeviceQualifierDescriptor    0x08008025   Thumb Code    16  usbd_cdc.o(.text.USBD_CDC_GetDeviceQualifierDescriptor)
    USBD_CDC_InterfaceStrDescriptor          0x080080fd   Thumb Code    24  usbd_desc.o(.text.USBD_CDC_InterfaceStrDescriptor)
    USBD_CDC_LangIDStrDescriptor             0x08008125   Thumb Code    14  usbd_desc.o(.text.USBD_CDC_LangIDStrDescriptor)
    USBD_CDC_ManufacturerStrDescriptor       0x08008135   Thumb Code    24  usbd_desc.o(.text.USBD_CDC_ManufacturerStrDescriptor)
    USBD_CDC_ProductStrDescriptor            0x08008161   Thumb Code    24  usbd_desc.o(.text.USBD_CDC_ProductStrDescriptor)
    USBD_CDC_ReceivePacket                   0x08008191   Thumb Code    44  usbd_cdc.o(.text.USBD_CDC_ReceivePacket)
    USBD_CDC_RegisterInterface               0x080081bd   Thumb Code    14  usbd_cdc.o(.text.USBD_CDC_RegisterInterface)
    USBD_CDC_SerialStrDescriptor             0x080081cd   Thumb Code   364  usbd_desc.o(.text.USBD_CDC_SerialStrDescriptor)
    USBD_CDC_SetRxBuffer                     0x08008339   Thumb Code    18  usbd_cdc.o(.text.USBD_CDC_SetRxBuffer)
    USBD_CDC_SetTxBuffer                     0x0800834d   Thumb Code    22  usbd_cdc.o(.text.USBD_CDC_SetTxBuffer)
    USBD_CDC_TransmitPacket                  0x08008451   Thumb Code    54  usbd_cdc.o(.text.USBD_CDC_TransmitPacket)
    USBD_ClrClassConfig                      0x08008489   Thumb Code    16  usbd_core.o(.text.USBD_ClrClassConfig)
    USBD_CtlContinueRx                       0x08008499   Thumb Code    16  usbd_ioreq.o(.text.USBD_CtlContinueRx)
    USBD_CtlContinueSendData                 0x080084a9   Thumb Code    16  usbd_ioreq.o(.text.USBD_CtlContinueSendData)
    USBD_CtlError                            0x080084b9   Thumb Code    22  usbd_ctlreq.o(.text.USBD_CtlError)
    USBD_CtlPrepareRx                        0x080084d1   Thumb Code    26  usbd_ioreq.o(.text.USBD_CtlPrepareRx)
    USBD_CtlReceiveStatus                    0x080084ed   Thumb Code    22  usbd_ioreq.o(.text.USBD_CtlReceiveStatus)
    USBD_CtlSendData                         0x08008505   Thumb Code    26  usbd_ioreq.o(.text.USBD_CtlSendData)
    USBD_CtlSendStatus                       0x08008521   Thumb Code    22  usbd_ioreq.o(.text.USBD_CtlSendStatus)
    USBD_GetString                           0x08008539   Thumb Code   218  usbd_ctlreq.o(.text.USBD_GetString)
    USBD_Init                                0x08008615   Thumb Code    42  usbd_core.o(.text.USBD_Init)
    USBD_LL_ClearStallEP                     0x08008641   Thumb Code    34  usbd_conf.o(.text.USBD_LL_ClearStallEP)
    USBD_LL_CloseEP                          0x08008665   Thumb Code    34  usbd_conf.o(.text.USBD_LL_CloseEP)
    USBD_LL_DataInStage                      0x08008689   Thumb Code   168  usbd_core.o(.text.USBD_LL_DataInStage)
    USBD_LL_DataOutStage                     0x08008731   Thumb Code   110  usbd_core.o(.text.USBD_LL_DataOutStage)
    USBD_LL_GetRxDataSize                    0x080087a1   Thumb Code     8  usbd_conf.o(.text.USBD_LL_GetRxDataSize)
    USBD_LL_Init                             0x080087a9   Thumb Code   134  usbd_conf.o(.text.USBD_LL_Init)
    USBD_LL_IsStallEP                        0x08008831   Thumb Code    32  usbd_conf.o(.text.USBD_LL_IsStallEP)
    USBD_LL_OpenEP                           0x08008851   Thumb Code    40  usbd_conf.o(.text.USBD_LL_OpenEP)
    USBD_LL_PrepareReceive                   0x08008879   Thumb Code    34  usbd_conf.o(.text.USBD_LL_PrepareReceive)
    USBD_LL_Reset                            0x0800889d   Thumb Code   104  usbd_core.o(.text.USBD_LL_Reset)
    USBD_LL_Resume                           0x08008905   Thumb Code    20  usbd_core.o(.text.USBD_LL_Resume)
    USBD_LL_SOF                              0x08008919   Thumb Code    32  usbd_core.o(.text.USBD_LL_SOF)
    USBD_LL_SetSpeed                         0x08008939   Thumb Code     8  usbd_core.o(.text.USBD_LL_SetSpeed)
    USBD_LL_SetUSBAddress                    0x08008941   Thumb Code    34  usbd_conf.o(.text.USBD_LL_SetUSBAddress)
    USBD_LL_SetupStage                       0x08008965   Thumb Code    98  usbd_core.o(.text.USBD_LL_SetupStage)
    USBD_LL_StallEP                          0x080089c9   Thumb Code    34  usbd_conf.o(.text.USBD_LL_StallEP)
    USBD_LL_Start                            0x080089ed   Thumb Code    34  usbd_conf.o(.text.USBD_LL_Start)
    USBD_LL_Suspend                          0x08008a11   Thumb Code    20  usbd_core.o(.text.USBD_LL_Suspend)
    USBD_LL_Transmit                         0x08008a25   Thumb Code    34  usbd_conf.o(.text.USBD_LL_Transmit)
    USBD_ParseSetupRequest                   0x08008a49   Thumb Code    22  usbd_ctlreq.o(.text.USBD_ParseSetupRequest)
    USBD_RegisterClass                       0x08008a61   Thumb Code    46  usbd_core.o(.text.USBD_RegisterClass)
    USBD_SetClassConfig                      0x08008a91   Thumb Code    16  usbd_core.o(.text.USBD_SetClassConfig)
    USBD_Start                               0x08008aa1   Thumb Code     4  usbd_core.o(.text.USBD_Start)
    USBD_StdDevReq                           0x08008aa5   Thumb Code   884  usbd_ctlreq.o(.text.USBD_StdDevReq)
    USBD_StdEPReq                            0x08008e19   Thumb Code   330  usbd_ctlreq.o(.text.USBD_StdEPReq)
    USBD_StdItfReq                           0x08008f65   Thumb Code   122  usbd_ctlreq.o(.text.USBD_StdItfReq)
    USBD_static_free                         0x08008fe1   Thumb Code     2  usbd_conf.o(.text.USBD_static_free)
    USBD_static_malloc                       0x08008fe5   Thumb Code    10  usbd_conf.o(.text.USBD_static_malloc)
    USB_ActivateEndpoint                     0x08008ff1   Thumb Code   738  stm32g4xx_ll_usb.o(.text.USB_ActivateEndpoint)
    USB_DeactivateEndpoint                   0x080092d5   Thumb Code   226  stm32g4xx_ll_usb.o(.text.USB_DeactivateEndpoint)
    USB_DevConnect                           0x080093b9   Thumb Code    18  stm32g4xx_ll_usb.o(.text.USB_DevConnect)
    USB_DevInit                              0x080093cd   Thumb Code    26  stm32g4xx_ll_usb.o(.text.USB_DevInit)
    USB_DisableGlobalInt                     0x080093e9   Thumb Code    20  stm32g4xx_ll_usb.o(.text.USB_DisableGlobalInt)
    USB_EPClearStall                         0x080093fd   Thumb Code   124  stm32g4xx_ll_usb.o(.text.USB_EPClearStall)
    USB_EPSetStall                           0x08009479   Thumb Code    50  stm32g4xx_ll_usb.o(.text.USB_EPSetStall)
    USB_EPStartXfer                          0x080094ad   Thumb Code  1610  stm32g4xx_ll_usb.o(.text.USB_EPStartXfer)
    USB_EnableGlobalInt                      0x08009af9   Thumb Code    20  stm32g4xx_ll_usb.o(.text.USB_EnableGlobalInt)
    USB_LP_IRQHandler                        0x08009b0d   Thumb Code    12  stm32g4xx_it.o(.text.USB_LP_IRQHandler)
    USB_ReadInterrupts                       0x08009b19   Thumb Code     6  stm32g4xx_ll_usb.o(.text.USB_ReadInterrupts)
    USB_ReadPMA                              0x08009b21   Thumb Code   156  stm32g4xx_ll_usb.o(.text.USB_ReadPMA)
    USB_SetDevAddress                        0x08009bbd   Thumb Code    14  stm32g4xx_ll_usb.o(.text.USB_SetDevAddress)
    USB_WritePMA                             0x08009bcd   Thumb Code   130  stm32g4xx_ll_usb.o(.text.USB_WritePMA)
    UsageFault_Handler                       0x08009c51   Thumb Code     2  stm32g4xx_it.o(.text.UsageFault_Handler)
    main                                     0x08009c55   Thumb Code   278  main.o(.text.main)
    pmsm_init                                0x08009d6d   Thumb Code   540  foc_drv.o(.text.pmsm_init)
    svm                                      0x08009f89   Thumb Code   500  foc_calc.o(.text.svm)
    __ARM_fpclassifyf                        0x0800a17d   Thumb Code    38  fpclassifyf.o(i.__ARM_fpclassifyf)
    __hardfp_cosf                            0x0800a1a5   Thumb Code   280  cosf.o(i.__hardfp_cosf)
    __hardfp_sinf                            0x0800a2f5   Thumb Code   344  sinf.o(i.__hardfp_sinf)
    __mathlib_flt_infnan                     0x0800a485   Thumb Code     6  funder.o(i.__mathlib_flt_infnan)
    __mathlib_flt_invalid                    0x0800a48d   Thumb Code    10  funder.o(i.__mathlib_flt_invalid)
    __mathlib_flt_underflow                  0x0800a49d   Thumb Code    10  funder.o(i.__mathlib_flt_underflow)
    __mathlib_rredf2                         0x0800a4ad   Thumb Code   316  rredf.o(i.__mathlib_rredf2)
    _fp_init                                 0x0800a601   Thumb Code    26  fpinit.o(x$fpl$fpinit)
    __fplib_config_fpu_vfp                   0x0800a619   Thumb Code     0  fpinit.o(x$fpl$fpinit)
    __fplib_config_pureend_doubles           0x0800a619   Thumb Code     0  fpinit.o(x$fpl$fpinit)
    __I$use$fp                               0x0800a61a   Number         0  usenofp.o(x$fpl$usenofp)
    AHBPrescTable                            0x0800a63c   Data          16  system_stm32g4xx.o(.rodata.AHBPrescTable)
    APBPrescTable                            0x0800a64c   Data           8  system_stm32g4xx.o(.rodata.APBPrescTable)
    UARTPrescTable                           0x0800a654   Data          24  stm32g4xx_hal_uart.o(.rodata.UARTPrescTable)
    Region$$Table$$Base                      0x0800a68c   Number         0  anon$$obj.o(Region$$Table)
    Region$$Table$$Limit                     0x0800a6ac   Number         0  anon$$obj.o(Region$$Table)
    pm                                       0x20000000   Data       47796  foc_drv.o(.data)
    uwTickPrio                               0x2000bab4   Data           4  stm32g4xx_hal.o(.data..L_MergedGlobals)
    uwTickFreq                               0x2000bab8   Data           4  stm32g4xx_hal.o(.data..L_MergedGlobals)
    CDC_Desc                                 0x2000babc   Data          32  usbd_desc.o(.data.CDC_Desc)
    SystemCoreClock                          0x2000badc   Data           4  system_stm32g4xx.o(.data.SystemCoreClock)
    USBD_CDC                                 0x2000bae0   Data          56  usbd_cdc.o(.data.USBD_CDC)
    USBD_CDC_DeviceDesc                      0x2000bba0   Data          18  usbd_desc.o(.data.USBD_CDC_DeviceDesc)
    USBD_Interface_fops_FS                   0x2000bc04   Data          20  usbd_cdc_if.o(.data.USBD_Interface_fops_FS)
    USBD_LangIDDesc                          0x2000bc18   Data           4  usbd_desc.o(.data.USBD_LangIDDesc)
    USBD_StringSerial                        0x2000bc1c   Data          26  usbd_desc.o(.data.USBD_StringSerial)
    __libspace_start                         0x2000bc38   Data          96  libspace.o(.bss)
    __temporary_stack_top$libspace           0x2000bc98   Data           0  libspace.o(.bss)
    adc1_buff                                0x2000bc98   Data           4  main.o(.bss..L_MergedGlobals)
    adc2_buff                                0x2000bc9c   Data           8  main.o(.bss..L_MergedGlobals)
    hdma_adc1                                0x2000bca8   Data          96  adc.o(.bss..L_MergedGlobals)
    cnt                                      0x2000bd08   Data           2  vofa.o(.bss..L_MergedGlobals)
    USBD_StrDesc                             0x2000bd14   Data         512  usbd_desc.o(.bss.USBD_StrDesc)
    UserRxBufferFS                           0x2000c134   Data        2048  usbd_cdc_if.o(.bss.UserRxBufferFS)
    UserTxBufferFS                           0x2000c934   Data        2048  usbd_cdc_if.o(.bss.UserTxBufferFS)
    hUsbDeviceFS                             0x2000d138   Data         720  usb_device.o(.bss.hUsbDeviceFS)
    hadc1                                    0x2000d408   Data         108  adc.o(.bss.hadc1)
    hadc2                                    0x2000d474   Data         108  adc.o(.bss.hadc2)
    hdma_adc2                                0x2000d4e0   Data          96  adc.o(.bss.hdma_adc2)
    hdma_usart3_rx                           0x2000d540   Data          96  usart.o(.bss.hdma_usart3_rx)
    hdma_usart3_tx                           0x2000d5a0   Data          96  usart.o(.bss.hdma_usart3_tx)
    hfdcan1                                  0x2000d600   Data         100  fdcan.o(.bss.hfdcan1)
    hpcd_USB_FS                              0x2000d664   Data         732  usbd_conf.o(.bss.hpcd_USB_FS)
    hspi1                                    0x2000d940   Data         100  spi.o(.bss.hspi1)
    hspi3                                    0x2000d9a4   Data         100  spi.o(.bss.hspi3)
    htim1                                    0x2000da08   Data          76  tim.o(.bss.htim1)
    htim3                                    0x2000da54   Data          76  tim.o(.bss.htim3)
    huart3                                   0x2000daa0   Data         148  usart.o(.bss.huart3)
    send_buf                                 0x2000db34   Data        1024  vofa.o(.bss.send_buf)
    uwTick                                   0x2000df34   Data           4  stm32g4xx_hal.o(.bss.uwTick)



==============================================================================

Memory Map of the image

  Image Entry point : 0x080001d9

  Load Region LR_IROM1 (Base: 0x08000000, Size: 0x000162e8, Max: 0x00080000, ABSOLUTE, COMPRESSED[0x0000a8f0])

    Execution Region ER_IROM1 (Exec base: 0x08000000, Load base: 0x08000000, Size: 0x0000a6ac, Max: 0x00080000, ABSOLUTE)

    Exec Addr    Load Addr    Size         Type   Attr      Idx    E Section Name        Object

    0x08000000   0x08000000   0x000001d8   Data   RO            3    RESET               startup_stm32g474xx.o
    0x080001d8   0x080001d8   0x00000008   Code   RO         2146  * !!!main             c_w.l(__main.o)
    0x080001e0   0x080001e0   0x00000034   Code   RO         2439    !!!scatter          c_w.l(__scatter.o)
    0x08000214   0x08000214   0x0000005a   Code   RO         2437    !!dczerorl2         c_w.l(__dczerorl2.o)
    0x0800026e   0x0800026e   0x00000002   PAD
    0x08000270   0x08000270   0x0000001c   Code   RO         2441    !!handler_zi        c_w.l(__scatter_zi.o)
    0x0800028c   0x0800028c   0x00000002   Code   RO         2302    .ARM.Collect$$libinit$$00000000  c_w.l(libinit.o)
    0x0800028e   0x0800028e   0x00000004   Code   RO         2311    .ARM.Collect$$libinit$$00000001  c_w.l(libinit2.o)
    0x08000292   0x08000292   0x00000000   Code   RO         2314    .ARM.Collect$$libinit$$00000004  c_w.l(libinit2.o)
    0x08000292   0x08000292   0x00000000   Code   RO         2316    .ARM.Collect$$libinit$$00000006  c_w.l(libinit2.o)
    0x08000292   0x08000292   0x00000000   Code   RO         2319    .ARM.Collect$$libinit$$0000000C  c_w.l(libinit2.o)
    0x08000292   0x08000292   0x00000000   Code   RO         2321    .ARM.Collect$$libinit$$0000000E  c_w.l(libinit2.o)
    0x08000292   0x08000292   0x00000000   Code   RO         2323    .ARM.Collect$$libinit$$00000010  c_w.l(libinit2.o)
    0x08000292   0x08000292   0x00000000   Code   RO         2326    .ARM.Collect$$libinit$$00000013  c_w.l(libinit2.o)
    0x08000292   0x08000292   0x00000000   Code   RO         2328    .ARM.Collect$$libinit$$00000015  c_w.l(libinit2.o)
    0x08000292   0x08000292   0x00000000   Code   RO         2330    .ARM.Collect$$libinit$$00000017  c_w.l(libinit2.o)
    0x08000292   0x08000292   0x00000000   Code   RO         2332    .ARM.Collect$$libinit$$00000019  c_w.l(libinit2.o)
    0x08000292   0x08000292   0x00000000   Code   RO         2334    .ARM.Collect$$libinit$$0000001B  c_w.l(libinit2.o)
    0x08000292   0x08000292   0x00000000   Code   RO         2336    .ARM.Collect$$libinit$$0000001D  c_w.l(libinit2.o)
    0x08000292   0x08000292   0x00000000   Code   RO         2338    .ARM.Collect$$libinit$$0000001F  c_w.l(libinit2.o)
    0x08000292   0x08000292   0x00000000   Code   RO         2340    .ARM.Collect$$libinit$$00000021  c_w.l(libinit2.o)
    0x08000292   0x08000292   0x00000000   Code   RO         2342    .ARM.Collect$$libinit$$00000023  c_w.l(libinit2.o)
    0x08000292   0x08000292   0x00000000   Code   RO         2344    .ARM.Collect$$libinit$$00000025  c_w.l(libinit2.o)
    0x08000292   0x08000292   0x00000000   Code   RO         2346    .ARM.Collect$$libinit$$00000027  c_w.l(libinit2.o)
    0x08000292   0x08000292   0x00000000   Code   RO         2350    .ARM.Collect$$libinit$$0000002E  c_w.l(libinit2.o)
    0x08000292   0x08000292   0x00000000   Code   RO         2352    .ARM.Collect$$libinit$$00000030  c_w.l(libinit2.o)
    0x08000292   0x08000292   0x00000000   Code   RO         2354    .ARM.Collect$$libinit$$00000032  c_w.l(libinit2.o)
    0x08000292   0x08000292   0x00000000   Code   RO         2356    .ARM.Collect$$libinit$$00000034  c_w.l(libinit2.o)
    0x08000292   0x08000292   0x00000002   Code   RO         2357    .ARM.Collect$$libinit$$00000035  c_w.l(libinit2.o)
    0x08000294   0x08000294   0x00000002   Code   RO         2392    .ARM.Collect$$libshutdown$$00000000  c_w.l(libshutdown.o)
    0x08000296   0x08000296   0x00000000   Code   RO         2420    .ARM.Collect$$libshutdown$$00000002  c_w.l(libshutdown2.o)
    0x08000296   0x08000296   0x00000000   Code   RO         2422    .ARM.Collect$$libshutdown$$00000004  c_w.l(libshutdown2.o)
    0x08000296   0x08000296   0x00000000   Code   RO         2425    .ARM.Collect$$libshutdown$$00000007  c_w.l(libshutdown2.o)
    0x08000296   0x08000296   0x00000000   Code   RO         2428    .ARM.Collect$$libshutdown$$0000000A  c_w.l(libshutdown2.o)
    0x08000296   0x08000296   0x00000000   Code   RO         2430    .ARM.Collect$$libshutdown$$0000000C  c_w.l(libshutdown2.o)
    0x08000296   0x08000296   0x00000000   Code   RO         2433    .ARM.Collect$$libshutdown$$0000000F  c_w.l(libshutdown2.o)
    0x08000296   0x08000296   0x00000002   Code   RO         2434    .ARM.Collect$$libshutdown$$00000010  c_w.l(libshutdown2.o)
    0x08000298   0x08000298   0x00000000   Code   RO         2182    .ARM.Collect$$rtentry$$00000000  c_w.l(__rtentry.o)
    0x08000298   0x08000298   0x00000000   Code   RO         2245    .ARM.Collect$$rtentry$$00000002  c_w.l(__rtentry2.o)
    0x08000298   0x08000298   0x00000006   Code   RO         2257    .ARM.Collect$$rtentry$$00000004  c_w.l(__rtentry4.o)
    0x0800029e   0x0800029e   0x00000000   Code   RO         2247    .ARM.Collect$$rtentry$$00000009  c_w.l(__rtentry2.o)
    0x0800029e   0x0800029e   0x00000004   Code   RO         2248    .ARM.Collect$$rtentry$$0000000A  c_w.l(__rtentry2.o)
    0x080002a2   0x080002a2   0x00000000   Code   RO         2250    .ARM.Collect$$rtentry$$0000000C  c_w.l(__rtentry2.o)
    0x080002a2   0x080002a2   0x00000008   Code   RO         2251    .ARM.Collect$$rtentry$$0000000D  c_w.l(__rtentry2.o)
    0x080002aa   0x080002aa   0x00000002   Code   RO         2303    .ARM.Collect$$rtexit$$00000000  c_w.l(rtexit.o)
    0x080002ac   0x080002ac   0x00000000   Code   RO         2363    .ARM.Collect$$rtexit$$00000002  c_w.l(rtexit2.o)
    0x080002ac   0x080002ac   0x00000004   Code   RO         2364    .ARM.Collect$$rtexit$$00000003  c_w.l(rtexit2.o)
    0x080002b0   0x080002b0   0x00000006   Code   RO         2365    .ARM.Collect$$rtexit$$00000004  c_w.l(rtexit2.o)
    0x080002b6   0x080002b6   0x00000002   PAD
    0x080002b8   0x080002b8   0x00000224   Code   RO         2076    .RamFunc            foc_ctrl.o
    0x080004dc   0x080004dc   0x000003fc   Code   RO         2086    .RamFunc            foc_calc.o
    0x080008d8   0x080008d8   0x000003e4   Code   RO         2108    .RamFunc            foc_drv.o
    0x08000cbc   0x08000cbc   0x00000080   Code   RO         2120    .RamFunc            vofa.o
    0x08000d3c   0x08000d3c   0x00000040   Code   RO            4    .text               startup_stm32g474xx.o
    0x08000d7c   0x08000d7c   0x000000f0   Code   RO         2140    .text               c_w.l(lludivv7m.o)
    0x08000e6c   0x08000e6c   0x0000004e   Code   RO         2142    .text               c_w.l(rt_memclr_w.o)
    0x08000eba   0x08000eba   0x00000006   Code   RO         2144    .text               c_w.l(heapauxi.o)
    0x08000ec0   0x08000ec0   0x00000016   Code   RO         2187    .text               c_w.l(_rserrno.o)
    0x08000ed6   0x08000ed6   0x00000002   PAD
    0x08000ed8   0x08000ed8   0x00000008   Code   RO         2264    .text               c_w.l(rt_errno_addr_intlibspace.o)
    0x08000ee0   0x08000ee0   0x00000008   Code   RO         2286    .text               c_w.l(libspace.o)
    0x08000ee8   0x08000ee8   0x0000004a   Code   RO         2289    .text               c_w.l(sys_stackheap_outer.o)
    0x08000f32   0x08000f32   0x00000012   Code   RO         2291    .text               c_w.l(exit.o)
    0x08000f44   0x08000f44   0x0000000c   Code   RO         2358    .text               c_w.l(sys_exit.o)
    0x08000f50   0x08000f50   0x00000002   Code   RO         2381    .text               c_w.l(use_no_semi.o)
    0x08000f52   0x08000f52   0x00000000   Code   RO         2383    .text               c_w.l(indicate_semi.o)
    0x08000f52   0x08000f52   0x00000002   PAD
    0x08000f54   0x08000f54   0x0000001e   Code   RO          160    .text.ADC1_2_IRQHandler  stm32g4xx_it.o
    0x08000f72   0x08000f72   0x00000002   PAD
    0x08000f74   0x08000f74   0x00000062   Code   RO         1011    .text.ADC_DMAConvCplt  stm32g4xx_hal_adc.o
    0x08000fd6   0x08000fd6   0x00000002   PAD
    0x08000fd8   0x08000fd8   0x00000016   Code   RO         1015    .text.ADC_DMAError  stm32g4xx_hal_adc.o
    0x08000fee   0x08000fee   0x00000002   PAD
    0x08000ff0   0x08000ff0   0x00000006   Code   RO         1013    .text.ADC_DMAHalfConvCplt  stm32g4xx_hal_adc.o
    0x08000ff6   0x08000ff6   0x00000002   PAD
    0x08000ff8   0x08000ff8   0x0000007c   Code   RO          991    .text.ADC_Disable   stm32g4xx_hal_adc.o
    0x08001074   0x08001074   0x0000010e   Code   RO          997    .text.ADC_Enable    stm32g4xx_hal_adc.o
    0x08001182   0x08001182   0x00000002   PAD
    0x08001184   0x08001184   0x00000002   Code   RO          140    .text.BusFault_Handler  stm32g4xx_it.o
    0x08001186   0x08001186   0x00000002   PAD
    0x08001188   0x08001188   0x00000004   Code   RO          299    .text.CDC_Control_FS  usbd_cdc_if.o
    0x0800118c   0x0800118c   0x00000004   Code   RO          297    .text.CDC_DeInit_FS  usbd_cdc_if.o
    0x08001190   0x08001190   0x0000002c   Code   RO          295    .text.CDC_Init_FS   usbd_cdc_if.o
    0x080011bc   0x080011bc   0x0000001c   Code   RO          301    .text.CDC_Receive_FS  usbd_cdc_if.o
    0x080011d8   0x080011d8   0x00000004   Code   RO          303    .text.CDC_TransmitCplt_FS  usbd_cdc_if.o
    0x080011dc   0x080011dc   0x00000036   Code   RO          305    .text.CDC_Transmit_FS  usbd_cdc_if.o
    0x08001212   0x08001212   0x00000002   PAD
    0x08001214   0x08001214   0x0000000c   Code   RO          152    .text.DMA1_Channel1_IRQHandler  stm32g4xx_it.o
    0x08001220   0x08001220   0x0000000c   Code   RO          154    .text.DMA1_Channel2_IRQHandler  stm32g4xx_it.o
    0x0800122c   0x0800122c   0x0000000c   Code   RO          156    .text.DMA1_Channel3_IRQHandler  stm32g4xx_it.o
    0x08001238   0x08001238   0x0000000c   Code   RO          158    .text.DMA1_Channel4_IRQHandler  stm32g4xx_it.o
    0x08001244   0x08001244   0x00000002   Code   RO          146    .text.DebugMon_Handler  stm32g4xx_it.o
    0x08001246   0x08001246   0x00000002   PAD
    0x08001248   0x08001248   0x0000000a   Code   RO           15    .text.Error_Handler  main.o
    0x08001252   0x08001252   0x00000002   PAD
    0x08001254   0x08001254   0x0000000c   Code   RO          164    .text.FDCAN1_IT0_IRQHandler  stm32g4xx_it.o
    0x08001260   0x08001260   0x0000000c   Code   RO          166    .text.FDCAN1_IT1_IRQHandler  stm32g4xx_it.o
    0x0800126c   0x0800126c   0x000000d4   Code   RO         1051    .text.HAL_ADCEx_Calibration_Start  stm32g4xx_hal_adc_ex.o
    0x08001340   0x08001340   0x00000002   Code   RO         1083    .text.HAL_ADCEx_EndOfSamplingCallback  stm32g4xx_hal_adc_ex.o
    0x08001342   0x08001342   0x00000002   PAD
    0x08001344   0x08001344   0x000004ee   Code   RO         1093    .text.HAL_ADCEx_InjectedConfigChannel  stm32g4xx_hal_adc_ex.o
    0x08001832   0x08001832   0x00000002   PAD
    0x08001834   0x08001834   0x00000002   Code   RO         1077    .text.HAL_ADCEx_InjectedQueueOverflowCallback  stm32g4xx_hal_adc_ex.o
    0x08001836   0x08001836   0x00000002   PAD
    0x08001838   0x08001838   0x0000012c   Code   RO         1057    .text.HAL_ADCEx_InjectedStart  stm32g4xx_hal_adc_ex.o
    0x08001964   0x08001964   0x00000160   Code   RO         1063    .text.HAL_ADCEx_InjectedStart_IT  stm32g4xx_hal_adc_ex.o
    0x08001ac4   0x08001ac4   0x00000002   Code   RO         1079    .text.HAL_ADCEx_LevelOutOfWindow2Callback  stm32g4xx_hal_adc_ex.o
    0x08001ac6   0x08001ac6   0x00000002   PAD
    0x08001ac8   0x08001ac8   0x00000002   Code   RO         1081    .text.HAL_ADCEx_LevelOutOfWindow3Callback  stm32g4xx_hal_adc_ex.o
    0x08001aca   0x08001aca   0x00000002   PAD
    0x08001acc   0x08001acc   0x00000134   Code   RO         1095    .text.HAL_ADCEx_MultiModeConfigChannel  stm32g4xx_hal_adc_ex.o
    0x08001c00   0x08001c00   0x000003e8   Code   RO         1035    .text.HAL_ADC_ConfigChannel  stm32g4xx_hal_adc.o
    0x08001fe8   0x08001fe8   0x00000002   Code   RO         1027    .text.HAL_ADC_ConvCpltCallback  stm32g4xx_hal_adc.o
    0x08001fea   0x08001fea   0x00000002   PAD
    0x08001fec   0x08001fec   0x00000002   Code   RO         1033    .text.HAL_ADC_ConvHalfCpltCallback  stm32g4xx_hal_adc.o
    0x08001fee   0x08001fee   0x00000002   PAD
    0x08001ff0   0x08001ff0   0x00000002   Code   RO         1031    .text.HAL_ADC_ErrorCallback  stm32g4xx_hal_adc.o
    0x08001ff2   0x08001ff2   0x00000002   PAD
    0x08001ff4   0x08001ff4   0x00000316   Code   RO         1025    .text.HAL_ADC_IRQHandler  stm32g4xx_hal_adc.o
    0x0800230a   0x0800230a   0x00000002   PAD
    0x0800230c   0x0800230c   0x0000027c   Code   RO          983    .text.HAL_ADC_Init  stm32g4xx_hal_adc.o
    0x08002588   0x08002588   0x00000002   Code   RO         1029    .text.HAL_ADC_LevelOutOfWindowCallback  stm32g4xx_hal_adc.o
    0x0800258a   0x0800258a   0x00000002   PAD
    0x0800258c   0x0800258c   0x000001e6   Code   RO           39    .text.HAL_ADC_MspInit  adc.o
    0x08002772   0x08002772   0x00000002   PAD
    0x08002774   0x08002774   0x00000124   Code   RO         1009    .text.HAL_ADC_Start_DMA  stm32g4xx_hal_adc.o
    0x08002898   0x08002898   0x00000070   Code   RO          769    .text.HAL_DMA_Abort  stm32g4xx_hal_dma.o
    0x08002908   0x08002908   0x0000007c   Code   RO          771    .text.HAL_DMA_Abort_IT  stm32g4xx_hal_dma.o
    0x08002984   0x08002984   0x000000aa   Code   RO          775    .text.HAL_DMA_IRQHandler  stm32g4xx_hal_dma.o
    0x08002a2e   0x08002a2e   0x00000002   PAD
    0x08002a30   0x08002a30   0x0000012a   Code   RO          761    .text.HAL_DMA_Init  stm32g4xx_hal_dma.o
    0x08002b5a   0x08002b5a   0x00000002   PAD
    0x08002b5c   0x08002b5c   0x000000e4   Code   RO          767    .text.HAL_DMA_Start_IT  stm32g4xx_hal_dma.o
    0x08002c40   0x08002c40   0x00000028   Code   RO          488    .text.HAL_Delay     stm32g4xx_hal.o
    0x08002c68   0x08002c68   0x00000002   Code   RO         1228    .text.HAL_FDCAN_ErrorCallback  stm32g4xx_hal_fdcan.o
    0x08002c6a   0x08002c6a   0x00000002   PAD
    0x08002c6c   0x08002c6c   0x00000002   Code   RO         1226    .text.HAL_FDCAN_ErrorStatusCallback  stm32g4xx_hal_fdcan.o
    0x08002c6e   0x08002c6e   0x00000002   PAD
    0x08002c70   0x08002c70   0x00000002   Code   RO         1208    .text.HAL_FDCAN_HighPriorityMessageCallback  stm32g4xx_hal_fdcan.o
    0x08002c72   0x08002c72   0x00000002   PAD
    0x08002c74   0x08002c74   0x0000017a   Code   RO         1206    .text.HAL_FDCAN_IRQHandler  stm32g4xx_hal_fdcan.o
    0x08002dee   0x08002dee   0x00000002   PAD
    0x08002df0   0x08002df0   0x00000254   Code   RO         1114    .text.HAL_FDCAN_Init  stm32g4xx_hal_fdcan.o
    0x08003044   0x08003044   0x000000b0   Code   RO           66    .text.HAL_FDCAN_MspInit  fdcan.o
    0x080030f4   0x080030f4   0x00000002   Code   RO         1214    .text.HAL_FDCAN_RxFifo0Callback  stm32g4xx_hal_fdcan.o
    0x080030f6   0x080030f6   0x00000002   PAD
    0x080030f8   0x080030f8   0x00000002   Code   RO         1216    .text.HAL_FDCAN_RxFifo1Callback  stm32g4xx_hal_fdcan.o
    0x080030fa   0x080030fa   0x00000002   PAD
    0x080030fc   0x080030fc   0x00000002   Code   RO         1224    .text.HAL_FDCAN_TimeoutOccurredCallback  stm32g4xx_hal_fdcan.o
    0x080030fe   0x080030fe   0x00000002   PAD
    0x08003100   0x08003100   0x00000002   Code   RO         1222    .text.HAL_FDCAN_TimestampWraparoundCallback  stm32g4xx_hal_fdcan.o
    0x08003102   0x08003102   0x00000002   PAD
    0x08003104   0x08003104   0x00000002   Code   RO         1210    .text.HAL_FDCAN_TxBufferAbortCallback  stm32g4xx_hal_fdcan.o
    0x08003106   0x08003106   0x00000002   PAD
    0x08003108   0x08003108   0x00000002   Code   RO         1220    .text.HAL_FDCAN_TxBufferCompleteCallback  stm32g4xx_hal_fdcan.o
    0x0800310a   0x0800310a   0x00000002   PAD
    0x0800310c   0x0800310c   0x00000002   Code   RO         1212    .text.HAL_FDCAN_TxEventFifoCallback  stm32g4xx_hal_fdcan.o
    0x0800310e   0x0800310e   0x00000002   PAD
    0x08003110   0x08003110   0x00000002   Code   RO         1218    .text.HAL_FDCAN_TxFifoEmptyCallback  stm32g4xx_hal_fdcan.o
    0x08003112   0x08003112   0x00000002   PAD
    0x08003114   0x08003114   0x000001da   Code   RO          711    .text.HAL_GPIO_Init  stm32g4xx_hal_gpio.o
    0x080032ee   0x080032ee   0x00000002   PAD
    0x080032f0   0x080032f0   0x0000000c   Code   RO          717    .text.HAL_GPIO_WritePin  stm32g4xx_hal_gpio.o
    0x080032fc   0x080032fc   0x0000000c   Code   RO          480    .text.HAL_GetTick   stm32g4xx_hal.o
    0x08003308   0x08003308   0x0000001a   Code   RO          478    .text.HAL_IncTick   stm32g4xx_hal.o
    0x08003322   0x08003322   0x00000002   PAD
    0x08003324   0x08003324   0x0000001e   Code   RO          468    .text.HAL_Init      stm32g4xx_hal.o
    0x08003342   0x08003342   0x00000002   PAD
    0x08003344   0x08003344   0x0000004c   Code   RO          470    .text.HAL_InitTick  stm32g4xx_hal.o
    0x08003390   0x08003390   0x00000034   Code   RO          179    .text.HAL_MspInit   stm32g4xx_hal_msp.o
    0x080033c4   0x080033c4   0x00000020   Code   RO          937    .text.HAL_NVIC_EnableIRQ  stm32g4xx_hal_cortex.o
    0x080033e4   0x080033e4   0x00000056   Code   RO          935    .text.HAL_NVIC_SetPriority  stm32g4xx_hal_cortex.o
    0x0800343a   0x0800343a   0x00000002   PAD
    0x0800343c   0x0800343c   0x00000020   Code   RO          933    .text.HAL_NVIC_SetPriorityGrouping  stm32g4xx_hal_cortex.o
    0x0800345c   0x0800345c   0x0000002a   Code   RO          402    .text.HAL_PCDEx_ActivateLPM  stm32g4xx_hal_pcd_ex.o
    0x08003486   0x08003486   0x00000002   PAD
    0x08003488   0x08003488   0x00000052   Code   RO          241    .text.HAL_PCDEx_LPM_Callback  usbd_conf.o
    0x080034da   0x080034da   0x00000002   PAD
    0x080034dc   0x080034dc   0x0000003a   Code   RO          392    .text.HAL_PCDEx_PMAConfig  stm32g4xx_hal_pcd_ex.o
    0x08003516   0x08003516   0x00000002   PAD
    0x08003518   0x08003518   0x00000014   Code   RO          195    .text.HAL_PCD_DataInStageCallback  usbd_conf.o
    0x0800352c   0x0800352c   0x00000016   Code   RO          193    .text.HAL_PCD_DataOutStageCallback  usbd_conf.o
    0x08003542   0x08003542   0x00000002   PAD
    0x08003544   0x08003544   0x0000004a   Code   RO          362    .text.HAL_PCD_EP_Close  stm32g4xx_hal_pcd.o
    0x0800358e   0x0800358e   0x00000002   PAD
    0x08003590   0x08003590   0x0000005e   Code   RO          372    .text.HAL_PCD_EP_ClrStall  stm32g4xx_hal_pcd.o
    0x080035ee   0x080035ee   0x00000002   PAD
    0x080035f0   0x080035f0   0x00000012   Code   RO          366    .text.HAL_PCD_EP_GetRxCount  stm32g4xx_hal_pcd.o
    0x08003602   0x08003602   0x00000002   PAD
    0x08003604   0x08003604   0x0000005c   Code   RO          360    .text.HAL_PCD_EP_Open  stm32g4xx_hal_pcd.o
    0x08003660   0x08003660   0x00000032   Code   RO          364    .text.HAL_PCD_EP_Receive  stm32g4xx_hal_pcd.o
    0x08003692   0x08003692   0x00000002   PAD
    0x08003694   0x08003694   0x00000060   Code   RO          370    .text.HAL_PCD_EP_SetStall  stm32g4xx_hal_pcd.o
    0x080036f4   0x080036f4   0x00000036   Code   RO          368    .text.HAL_PCD_EP_Transmit  stm32g4xx_hal_pcd.o
    0x0800372a   0x0800372a   0x00000002   PAD
    0x0800372c   0x0800372c   0x0000091e   Code   RO          330    .text.HAL_PCD_IRQHandler  stm32g4xx_hal_pcd.o
    0x0800404a   0x0800404a   0x00000002   PAD
    0x0800404c   0x0800404c   0x00000216   Code   RO          318    .text.HAL_PCD_Init  stm32g4xx_hal_pcd.o
    0x08004262   0x08004262   0x00000002   PAD
    0x08004264   0x08004264   0x00000066   Code   RO          187    .text.HAL_PCD_MspInit  usbd_conf.o
    0x080042ca   0x080042ca   0x00000002   PAD
    0x080042cc   0x080042cc   0x00000024   Code   RO          199    .text.HAL_PCD_ResetCallback  usbd_conf.o
    0x080042f0   0x080042f0   0x00000028   Code   RO          203    .text.HAL_PCD_ResumeCallback  usbd_conf.o
    0x08004318   0x08004318   0x00000008   Code   RO          197    .text.HAL_PCD_SOFCallback  usbd_conf.o
    0x08004320   0x08004320   0x00000026   Code   RO          334    .text.HAL_PCD_SetAddress  stm32g4xx_hal_pcd.o
    0x08004346   0x08004346   0x00000002   PAD
    0x08004348   0x08004348   0x0000000e   Code   RO          191    .text.HAL_PCD_SetupStageCallback  usbd_conf.o
    0x08004356   0x08004356   0x00000002   PAD
    0x08004358   0x08004358   0x0000002a   Code   RO          326    .text.HAL_PCD_Start  stm32g4xx_hal_pcd.o
    0x08004382   0x08004382   0x00000002   PAD
    0x08004384   0x08004384   0x00000026   Code   RO          201    .text.HAL_PCD_SuspendCallback  usbd_conf.o
    0x080043aa   0x080043aa   0x00000002   PAD
    0x080043ac   0x080043ac   0x00000126   Code   RO          853    .text.HAL_PWREx_ControlVoltageScaling  stm32g4xx_hal_pwr_ex.o
    0x080044d2   0x080044d2   0x00000002   PAD
    0x080044d4   0x080044d4   0x00000012   Code   RO          923    .text.HAL_PWREx_DisableUCPDDeadBattery  stm32g4xx_hal_pwr_ex.o
    0x080044e6   0x080044e6   0x00000002   PAD
    0x080044e8   0x080044e8   0x000002d6   Code   RO          592    .text.HAL_RCCEx_PeriphCLKConfig  stm32g4xx_hal_rcc_ex.o
    0x080047be   0x080047be   0x00000002   PAD
    0x080047c0   0x080047c0   0x00000314   Code   RO          558    .text.HAL_RCC_ClockConfig  stm32g4xx_hal_rcc.o
    0x08004ad4   0x08004ad4   0x0000002a   Code   RO          566    .text.HAL_RCC_GetPCLK1Freq  stm32g4xx_hal_rcc.o
    0x08004afe   0x08004afe   0x00000002   PAD
    0x08004b00   0x08004b00   0x0000002a   Code   RO          568    .text.HAL_RCC_GetPCLK2Freq  stm32g4xx_hal_rcc.o
    0x08004b2a   0x08004b2a   0x00000002   PAD
    0x08004b2c   0x08004b2c   0x0000007a   Code   RO          560    .text.HAL_RCC_GetSysClockFreq  stm32g4xx_hal_rcc.o
    0x08004ba6   0x08004ba6   0x00000002   PAD
    0x08004ba8   0x08004ba8   0x000004aa   Code   RO          556    .text.HAL_RCC_OscConfig  stm32g4xx_hal_rcc.o
    0x08005052   0x08005052   0x00000002   PAD
    0x08005054   0x08005054   0x000000e4   Code   RO         1243    .text.HAL_SPI_Init  stm32g4xx_hal_spi.o
    0x08005138   0x08005138   0x000000be   Code   RO           83    .text.HAL_SPI_MspInit  spi.o
    0x080051f6   0x080051f6   0x00000002   PAD
    0x080051f8   0x080051f8   0x0000002c   Code   RO          945    .text.HAL_SYSTICK_Config  stm32g4xx_hal_cortex.o
    0x08005224   0x08005224   0x00000002   Code   RO         1719    .text.HAL_TIMEx_Break2Callback  stm32g4xx_hal_tim_ex.o
    0x08005226   0x08005226   0x00000002   PAD
    0x08005228   0x08005228   0x00000002   Code   RO         1717    .text.HAL_TIMEx_BreakCallback  stm32g4xx_hal_tim_ex.o
    0x0800522a   0x0800522a   0x00000002   PAD
    0x0800522c   0x0800522c   0x00000002   Code   RO         1713    .text.HAL_TIMEx_CommutCallback  stm32g4xx_hal_tim_ex.o
    0x0800522e   0x0800522e   0x00000002   PAD
    0x08005230   0x08005230   0x000000d4   Code   RO         1665    .text.HAL_TIMEx_ConfigBreakDeadTime  stm32g4xx_hal_tim_ex.o
    0x08005304   0x08005304   0x00000002   Code   RO         1723    .text.HAL_TIMEx_DirectionChangeCallback  stm32g4xx_hal_tim_ex.o
    0x08005306   0x08005306   0x00000002   PAD
    0x08005308   0x08005308   0x00000002   Code   RO         1721    .text.HAL_TIMEx_EncoderIndexCallback  stm32g4xx_hal_tim_ex.o
    0x0800530a   0x0800530a   0x00000002   PAD
    0x0800530c   0x0800530c   0x00000002   Code   RO         1725    .text.HAL_TIMEx_IndexErrorCallback  stm32g4xx_hal_tim_ex.o
    0x0800530e   0x0800530e   0x00000002   PAD
    0x08005310   0x08005310   0x000000de   Code   RO         1663    .text.HAL_TIMEx_MasterConfigSynchronization  stm32g4xx_hal_tim_ex.o
    0x080053ee   0x080053ee   0x00000002   PAD
    0x080053f0   0x080053f0   0x00000112   Code   RO         1633    .text.HAL_TIMEx_PWMN_Start  stm32g4xx_hal_tim_ex.o
    0x08005502   0x08005502   0x00000002   PAD
    0x08005504   0x08005504   0x00000092   Code   RO         1635    .text.HAL_TIMEx_PWMN_Stop  stm32g4xx_hal_tim_ex.o
    0x08005596   0x08005596   0x00000002   PAD
    0x08005598   0x08005598   0x00000002   Code   RO         1727    .text.HAL_TIMEx_TransitionErrorCallback  stm32g4xx_hal_tim_ex.o
    0x0800559a   0x0800559a   0x00000002   PAD
    0x0800559c   0x0800559c   0x00000062   Code   RO         1368    .text.HAL_TIM_Base_Init  stm32g4xx_hal_tim.o
    0x080055fe   0x080055fe   0x00000002   PAD
    0x08005600   0x08005600   0x0000006e   Code   RO          103    .text.HAL_TIM_Base_MspInit  tim.o
    0x0800566e   0x0800566e   0x00000002   PAD
    0x08005670   0x08005670   0x000000b2   Code   RO         1378    .text.HAL_TIM_Base_Start  stm32g4xx_hal_tim.o
    0x08005722   0x08005722   0x00000002   PAD
    0x08005724   0x08005724   0x00000220   Code   RO         1548    .text.HAL_TIM_ConfigClockSource  stm32g4xx_hal_tim.o
    0x08005944   0x08005944   0x00000002   Code   RO         1504    .text.HAL_TIM_IC_CaptureCallback  stm32g4xx_hal_tim.o
    0x08005946   0x08005946   0x00000002   PAD
    0x08005948   0x08005948   0x000001cc   Code   RO         1502    .text.HAL_TIM_IRQHandler  stm32g4xx_hal_tim.o
    0x08005b14   0x08005b14   0x000000a4   Code   RO           99    .text.HAL_TIM_MspPostInit  tim.o
    0x08005bb8   0x08005bb8   0x00000002   Code   RO         1506    .text.HAL_TIM_OC_DelayElapsedCallback  stm32g4xx_hal_tim.o
    0x08005bba   0x08005bba   0x00000002   PAD
    0x08005bbc   0x08005bbc   0x00000400   Code   RO         1522    .text.HAL_TIM_PWM_ConfigChannel  stm32g4xx_hal_tim.o
    0x08005fbc   0x08005fbc   0x00000062   Code   RO         1422    .text.HAL_TIM_PWM_Init  stm32g4xx_hal_tim.o
    0x0800601e   0x0800601e   0x00000002   PAD
    0x08006020   0x08006020   0x00000002   Code   RO         1424    .text.HAL_TIM_PWM_MspInit  stm32g4xx_hal_tim.o
    0x08006022   0x08006022   0x00000002   PAD
    0x08006024   0x08006024   0x00000002   Code   RO         1508    .text.HAL_TIM_PWM_PulseFinishedCallback  stm32g4xx_hal_tim.o
    0x08006026   0x08006026   0x00000002   PAD
    0x08006028   0x08006028   0x0000019e   Code   RO         1430    .text.HAL_TIM_PWM_Start  stm32g4xx_hal_tim.o
    0x080061c6   0x080061c6   0x00000002   PAD
    0x080061c8   0x080061c8   0x000000d6   Code   RO         1432    .text.HAL_TIM_PWM_Stop  stm32g4xx_hal_tim.o
    0x0800629e   0x0800629e   0x00000002   PAD
    0x080062a0   0x080062a0   0x00000002   Code   RO         1510    .text.HAL_TIM_PeriodElapsedCallback  stm32g4xx_hal_tim.o
    0x080062a2   0x080062a2   0x00000002   PAD
    0x080062a4   0x080062a4   0x00000002   Code   RO         1512    .text.HAL_TIM_TriggerCallback  stm32g4xx_hal_tim.o
    0x080062a6   0x080062a6   0x00000002   PAD
    0x080062a8   0x080062a8   0x00000036   Code   RO         1904    .text.HAL_UARTEx_DisableFifoMode  stm32g4xx_hal_uart_ex.o
    0x080062de   0x080062de   0x00000002   PAD
    0x080062e0   0x080062e0   0x00000002   Code   RO         1832    .text.HAL_UARTEx_RxEventCallback  stm32g4xx_hal_uart.o
    0x080062e2   0x080062e2   0x00000002   PAD
    0x080062e4   0x080062e4   0x00000002   Code   RO         1890    .text.HAL_UARTEx_RxFifoFullCallback  stm32g4xx_hal_uart_ex.o
    0x080062e6   0x080062e6   0x00000002   PAD
    0x080062e8   0x080062e8   0x0000008c   Code   RO         1908    .text.HAL_UARTEx_SetRxFifoThreshold  stm32g4xx_hal_uart_ex.o
    0x08006374   0x08006374   0x0000008c   Code   RO         1906    .text.HAL_UARTEx_SetTxFifoThreshold  stm32g4xx_hal_uart_ex.o
    0x08006400   0x08006400   0x00000002   Code   RO         1892    .text.HAL_UARTEx_TxFifoEmptyCallback  stm32g4xx_hal_uart_ex.o
    0x08006402   0x08006402   0x00000002   PAD
    0x08006404   0x08006404   0x00000002   Code   RO         1888    .text.HAL_UARTEx_WakeupCallback  stm32g4xx_hal_uart_ex.o
    0x08006406   0x08006406   0x00000002   PAD
    0x08006408   0x08006408   0x00000002   Code   RO         1830    .text.HAL_UART_ErrorCallback  stm32g4xx_hal_uart.o
    0x0800640a   0x0800640a   0x00000002   PAD
    0x0800640c   0x0800640c   0x00000698   Code   RO         1826    .text.HAL_UART_IRQHandler  stm32g4xx_hal_uart.o
    0x08006aa4   0x08006aa4   0x00000064   Code   RO         1742    .text.HAL_UART_Init  stm32g4xx_hal_uart.o
    0x08006b08   0x08006b08   0x00000106   Code   RO          119    .text.HAL_UART_MspInit  usart.o
    0x08006c0e   0x08006c0e   0x00000002   PAD
    0x08006c10   0x08006c10   0x00000002   Code   RO         1834    .text.HAL_UART_TxCpltCallback  stm32g4xx_hal_uart.o
    0x08006c12   0x08006c12   0x00000002   PAD
    0x08006c14   0x08006c14   0x00000002   Code   RO          136    .text.HardFault_Handler  stm32g4xx_it.o
    0x08006c16   0x08006c16   0x00000002   PAD
    0x08006c18   0x08006c18   0x00000172   Code   RO           35    .text.MX_ADC1_Init  adc.o
    0x08006d8a   0x08006d8a   0x00000002   PAD
    0x08006d8c   0x08006d8c   0x0000014a   Code   RO           37    .text.MX_ADC2_Init  adc.o
    0x08006ed6   0x08006ed6   0x00000002   PAD
    0x08006ed8   0x08006ed8   0x00000076   Code   RO           55    .text.MX_DMA_Init   dma.o
    0x08006f4e   0x08006f4e   0x00000002   PAD
    0x08006f50   0x08006f50   0x00000060   Code   RO           64    .text.MX_FDCAN1_Init  fdcan.o
    0x08006fb0   0x08006fb0   0x00000150   Code   RO           26    .text.MX_GPIO_Init  gpio.o
    0x08007100   0x08007100   0x00000052   Code   RO           79    .text.MX_SPI1_Init  spi.o
    0x08007152   0x08007152   0x00000002   PAD
    0x08007154   0x08007154   0x00000050   Code   RO           81    .text.MX_SPI3_Init  spi.o
    0x080071a4   0x080071a4   0x00000160   Code   RO           97    .text.MX_TIM1_Init  tim.o
    0x08007304   0x08007304   0x00000076   Code   RO          101    .text.MX_TIM3_Init  tim.o
    0x0800737a   0x0800737a   0x00000002   PAD
    0x0800737c   0x0800737c   0x00000082   Code   RO          117    .text.MX_USART3_UART_Init  usart.o
    0x080073fe   0x080073fe   0x00000002   PAD
    0x08007400   0x08007400   0x00000072   Code   RO          259    .text.MX_USB_Device_Init  usb_device.o
    0x08007472   0x08007472   0x00000002   PAD
    0x08007474   0x08007474   0x00000002   Code   RO          138    .text.MemManage_Handler  stm32g4xx_it.o
    0x08007476   0x08007476   0x00000002   PAD
    0x08007478   0x08007478   0x00000002   Code   RO          134    .text.NMI_Handler   stm32g4xx_it.o
    0x0800747a   0x0800747a   0x00000002   PAD
    0x0800747c   0x0800747c   0x00000002   Code   RO          148    .text.PendSV_Handler  stm32g4xx_it.o
    0x0800747e   0x0800747e   0x00000002   PAD
    0x08007480   0x08007480   0x00000002   Code   RO          144    .text.SVC_Handler   stm32g4xx_it.o
    0x08007482   0x08007482   0x00000002   PAD
    0x08007484   0x08007484   0x00000004   Code   RO          150    .text.SysTick_Handler  stm32g4xx_it.o
    0x08007488   0x08007488   0x00000070   Code   RO           13    .text.SystemClock_Config  main.o
    0x080074f8   0x080074f8   0x00000012   Code   RO         1927    .text.SystemInit    system_stm32g4xx.o
    0x0800750a   0x0800750a   0x00000002   PAD
    0x0800750c   0x0800750c   0x0000000c   Code   RO          168    .text.TIM1_UP_TIM16_IRQHandler  stm32g4xx_it.o
    0x08007518   0x08007518   0x0000014c   Code   RO         1372    .text.TIM_Base_SetConfig  stm32g4xx_hal_tim.o
    0x08007664   0x08007664   0x000000e8   Code   RO         1746    .text.UART_AdvFeatureConfig  stm32g4xx_hal_uart.o
    0x0800774c   0x0800774c   0x0000016e   Code   RO         1750    .text.UART_CheckIdleState  stm32g4xx_hal_uart.o
    0x080078ba   0x080078ba   0x00000002   PAD
    0x080078bc   0x080078bc   0x0000000c   Code   RO         1828    .text.UART_DMAAbortOnError  stm32g4xx_hal_uart.o
    0x080078c8   0x080078c8   0x000002c0   Code   RO         1748    .text.UART_SetConfig  stm32g4xx_hal_uart.o
    0x08007b88   0x08007b88   0x00000348   Code   RO         1764    .text.UART_WaitOnFlagUntilTimeout  stm32g4xx_hal_uart.o
    0x08007ed0   0x08007ed0   0x0000000c   Code   RO          170    .text.USART3_IRQHandler  stm32g4xx_it.o
    0x08007edc   0x08007edc   0x00000024   Code   RO          278    .text.USBD_CDC_ConfigStrDescriptor  usbd_desc.o
    0x08007f00   0x08007f00   0x0000006e   Code   RO         2041    .text.USBD_CDC_DataIn  usbd_cdc.o
    0x08007f6e   0x08007f6e   0x00000002   PAD
    0x08007f70   0x08007f70   0x0000002c   Code   RO         2043    .text.USBD_CDC_DataOut  usbd_cdc.o
    0x08007f9c   0x08007f9c   0x00000042   Code   RO         2035    .text.USBD_CDC_DeInit  usbd_cdc.o
    0x08007fde   0x08007fde   0x00000002   PAD
    0x08007fe0   0x08007fe0   0x0000000e   Code   RO          268    .text.USBD_CDC_DeviceDescriptor  usbd_desc.o
    0x08007fee   0x08007fee   0x00000002   PAD
    0x08007ff0   0x08007ff0   0x00000034   Code   RO         2039    .text.USBD_CDC_EP0_RxReady  usbd_cdc.o
    0x08008024   0x08008024   0x00000010   Code   RO         2051    .text.USBD_CDC_GetDeviceQualifierDescriptor  usbd_cdc.o
    0x08008034   0x08008034   0x00000010   Code   RO         2047    .text.USBD_CDC_GetFSCfgDesc  usbd_cdc.o
    0x08008044   0x08008044   0x00000010   Code   RO         2045    .text.USBD_CDC_GetHSCfgDesc  usbd_cdc.o
    0x08008054   0x08008054   0x00000010   Code   RO         2049    .text.USBD_CDC_GetOtherSpeedCfgDesc  usbd_cdc.o
    0x08008064   0x08008064   0x00000098   Code   RO         2033    .text.USBD_CDC_Init  usbd_cdc.o
    0x080080fc   0x080080fc   0x00000028   Code   RO          280    .text.USBD_CDC_InterfaceStrDescriptor  usbd_desc.o
    0x08008124   0x08008124   0x0000000e   Code   RO          270    .text.USBD_CDC_LangIDStrDescriptor  usbd_desc.o
    0x08008132   0x08008132   0x00000002   PAD
    0x08008134   0x08008134   0x0000002c   Code   RO          272    .text.USBD_CDC_ManufacturerStrDescriptor  usbd_desc.o
    0x08008160   0x08008160   0x00000030   Code   RO          274    .text.USBD_CDC_ProductStrDescriptor  usbd_desc.o
    0x08008190   0x08008190   0x0000002c   Code   RO         2061    .text.USBD_CDC_ReceivePacket  usbd_cdc.o
    0x080081bc   0x080081bc   0x0000000e   Code   RO         2053    .text.USBD_CDC_RegisterInterface  usbd_cdc.o
    0x080081ca   0x080081ca   0x00000002   PAD
    0x080081cc   0x080081cc   0x0000016c   Code   RO          276    .text.USBD_CDC_SerialStrDescriptor  usbd_desc.o
    0x08008338   0x08008338   0x00000012   Code   RO         2057    .text.USBD_CDC_SetRxBuffer  usbd_cdc.o
    0x0800834a   0x0800834a   0x00000002   PAD
    0x0800834c   0x0800834c   0x00000016   Code   RO         2055    .text.USBD_CDC_SetTxBuffer  usbd_cdc.o
    0x08008362   0x08008362   0x00000002   PAD
    0x08008364   0x08008364   0x000000ec   Code   RO         2037    .text.USBD_CDC_Setup  usbd_cdc.o
    0x08008450   0x08008450   0x00000036   Code   RO         2059    .text.USBD_CDC_TransmitPacket  usbd_cdc.o
    0x08008486   0x08008486   0x00000002   PAD
    0x08008488   0x08008488   0x00000010   Code   RO         1956    .text.USBD_ClrClassConfig  usbd_core.o
    0x08008498   0x08008498   0x00000010   Code   RO         2017    .text.USBD_CtlContinueRx  usbd_ioreq.o
    0x080084a8   0x080084a8   0x00000010   Code   RO         2013    .text.USBD_CtlContinueSendData  usbd_ioreq.o
    0x080084b8   0x080084b8   0x00000016   Code   RO         1992    .text.USBD_CtlError  usbd_ctlreq.o
    0x080084ce   0x080084ce   0x00000002   PAD
    0x080084d0   0x080084d0   0x0000001a   Code   RO         2015    .text.USBD_CtlPrepareRx  usbd_ioreq.o
    0x080084ea   0x080084ea   0x00000002   PAD
    0x080084ec   0x080084ec   0x00000016   Code   RO         2021    .text.USBD_CtlReceiveStatus  usbd_ioreq.o
    0x08008502   0x08008502   0x00000002   PAD
    0x08008504   0x08008504   0x0000001a   Code   RO         2011    .text.USBD_CtlSendData  usbd_ioreq.o
    0x0800851e   0x0800851e   0x00000002   PAD
    0x08008520   0x08008520   0x00000016   Code   RO         2019    .text.USBD_CtlSendStatus  usbd_ioreq.o
    0x08008536   0x08008536   0x00000002   PAD
    0x08008538   0x08008538   0x000000da   Code   RO         2000    .text.USBD_GetString  usbd_ctlreq.o
    0x08008612   0x08008612   0x00000002   PAD
    0x08008614   0x08008614   0x0000002a   Code   RO         1942    .text.USBD_Init     usbd_core.o
    0x0800863e   0x0800863e   0x00000002   PAD
    0x08008640   0x08008640   0x00000022   Code   RO          229    .text.USBD_LL_ClearStallEP  usbd_conf.o
    0x08008662   0x08008662   0x00000002   PAD
    0x08008664   0x08008664   0x00000022   Code   RO          223    .text.USBD_LL_CloseEP  usbd_conf.o
    0x08008686   0x08008686   0x00000002   PAD
    0x08008688   0x08008688   0x000000a8   Code   RO         1962    .text.USBD_LL_DataInStage  usbd_core.o
    0x08008730   0x08008730   0x0000006e   Code   RO         1960    .text.USBD_LL_DataOutStage  usbd_core.o
    0x0800879e   0x0800879e   0x00000002   PAD
    0x080087a0   0x080087a0   0x00000008   Code   RO          239    .text.USBD_LL_GetRxDataSize  usbd_conf.o
    0x080087a8   0x080087a8   0x00000086   Code   RO          213    .text.USBD_LL_Init  usbd_conf.o
    0x0800882e   0x0800882e   0x00000002   PAD
    0x08008830   0x08008830   0x00000020   Code   RO          231    .text.USBD_LL_IsStallEP  usbd_conf.o
    0x08008850   0x08008850   0x00000028   Code   RO          221    .text.USBD_LL_OpenEP  usbd_conf.o
    0x08008878   0x08008878   0x00000022   Code   RO          237    .text.USBD_LL_PrepareReceive  usbd_conf.o
    0x0800889a   0x0800889a   0x00000002   PAD
    0x0800889c   0x0800889c   0x00000068   Code   RO         1964    .text.USBD_LL_Reset  usbd_core.o
    0x08008904   0x08008904   0x00000014   Code   RO         1970    .text.USBD_LL_Resume  usbd_core.o
    0x08008918   0x08008918   0x00000020   Code   RO         1972    .text.USBD_LL_SOF   usbd_core.o
    0x08008938   0x08008938   0x00000008   Code   RO         1966    .text.USBD_LL_SetSpeed  usbd_core.o
    0x08008940   0x08008940   0x00000022   Code   RO          233    .text.USBD_LL_SetUSBAddress  usbd_conf.o
    0x08008962   0x08008962   0x00000002   PAD
    0x08008964   0x08008964   0x00000062   Code   RO         1958    .text.USBD_LL_SetupStage  usbd_core.o
    0x080089c6   0x080089c6   0x00000002   PAD
    0x080089c8   0x080089c8   0x00000022   Code   RO          227    .text.USBD_LL_StallEP  usbd_conf.o
    0x080089ea   0x080089ea   0x00000002   PAD
    0x080089ec   0x080089ec   0x00000022   Code   RO          217    .text.USBD_LL_Start  usbd_conf.o
    0x08008a0e   0x08008a0e   0x00000002   PAD
    0x08008a10   0x08008a10   0x00000014   Code   RO         1968    .text.USBD_LL_Suspend  usbd_core.o
    0x08008a24   0x08008a24   0x00000022   Code   RO          235    .text.USBD_LL_Transmit  usbd_conf.o
    0x08008a46   0x08008a46   0x00000002   PAD
    0x08008a48   0x08008a48   0x00000016   Code   RO         1998    .text.USBD_ParseSetupRequest  usbd_ctlreq.o
    0x08008a5e   0x08008a5e   0x00000002   PAD
    0x08008a60   0x08008a60   0x0000002e   Code   RO         1946    .text.USBD_RegisterClass  usbd_core.o
    0x08008a8e   0x08008a8e   0x00000002   PAD
    0x08008a90   0x08008a90   0x00000010   Code   RO         1954    .text.USBD_SetClassConfig  usbd_core.o
    0x08008aa0   0x08008aa0   0x00000004   Code   RO         1948    .text.USBD_Start    usbd_core.o
    0x08008aa4   0x08008aa4   0x00000374   Code   RO         1990    .text.USBD_StdDevReq  usbd_ctlreq.o
    0x08008e18   0x08008e18   0x0000014a   Code   RO         1996    .text.USBD_StdEPReq  usbd_ctlreq.o
    0x08008f62   0x08008f62   0x00000002   PAD
    0x08008f64   0x08008f64   0x0000007a   Code   RO         1994    .text.USBD_StdItfReq  usbd_ctlreq.o
    0x08008fde   0x08008fde   0x00000002   PAD
    0x08008fe0   0x08008fe0   0x00000002   Code   RO          247    .text.USBD_static_free  usbd_conf.o
    0x08008fe2   0x08008fe2   0x00000002   PAD
    0x08008fe4   0x08008fe4   0x0000000a   Code   RO          245    .text.USBD_static_malloc  usbd_conf.o
    0x08008fee   0x08008fee   0x00000002   PAD
    0x08008ff0   0x08008ff0   0x000002e2   Code   RO          430    .text.USB_ActivateEndpoint  stm32g4xx_ll_usb.o
    0x080092d2   0x080092d2   0x00000002   PAD
    0x080092d4   0x080092d4   0x000000e2   Code   RO          432    .text.USB_DeactivateEndpoint  stm32g4xx_ll_usb.o
    0x080093b6   0x080093b6   0x00000002   PAD
    0x080093b8   0x080093b8   0x00000012   Code   RO          448    .text.USB_DevConnect  stm32g4xx_ll_usb.o
    0x080093ca   0x080093ca   0x00000002   PAD
    0x080093cc   0x080093cc   0x0000001a   Code   RO          424    .text.USB_DevInit   stm32g4xx_ll_usb.o
    0x080093e6   0x080093e6   0x00000002   PAD
    0x080093e8   0x080093e8   0x00000014   Code   RO          420    .text.USB_DisableGlobalInt  stm32g4xx_ll_usb.o
    0x080093fc   0x080093fc   0x0000007c   Code   RO          440    .text.USB_EPClearStall  stm32g4xx_ll_usb.o
    0x08009478   0x08009478   0x00000032   Code   RO          438    .text.USB_EPSetStall  stm32g4xx_ll_usb.o
    0x080094aa   0x080094aa   0x00000002   PAD
    0x080094ac   0x080094ac   0x0000064a   Code   RO          434    .text.USB_EPStartXfer  stm32g4xx_ll_usb.o
    0x08009af6   0x08009af6   0x00000002   PAD
    0x08009af8   0x08009af8   0x00000014   Code   RO          418    .text.USB_EnableGlobalInt  stm32g4xx_ll_usb.o
    0x08009b0c   0x08009b0c   0x0000000c   Code   RO          162    .text.USB_LP_IRQHandler  stm32g4xx_it.o
    0x08009b18   0x08009b18   0x00000006   Code   RO          452    .text.USB_ReadInterrupts  stm32g4xx_ll_usb.o
    0x08009b1e   0x08009b1e   0x00000002   PAD
    0x08009b20   0x08009b20   0x0000009c   Code   RO          458    .text.USB_ReadPMA   stm32g4xx_ll_usb.o
    0x08009bbc   0x08009bbc   0x0000000e   Code   RO          446    .text.USB_SetDevAddress  stm32g4xx_ll_usb.o
    0x08009bca   0x08009bca   0x00000002   PAD
    0x08009bcc   0x08009bcc   0x00000082   Code   RO          436    .text.USB_WritePMA  stm32g4xx_ll_usb.o
    0x08009c4e   0x08009c4e   0x00000002   PAD
    0x08009c50   0x08009c50   0x00000002   Code   RO          142    .text.UsageFault_Handler  stm32g4xx_it.o
    0x08009c52   0x08009c52   0x00000002   PAD
    0x08009c54   0x08009c54   0x00000116   Code   RO           11    .text.main          main.o
    0x08009d6a   0x08009d6a   0x00000002   PAD
    0x08009d6c   0x08009d6c   0x0000021c   Code   RO         2104    .text.pmsm_init     foc_drv.o
    0x08009f88   0x08009f88   0x000001f4   Code   RO         2088    .text.svm           foc_calc.o
    0x0800a17c   0x0800a17c   0x00000026   Code   RO         2217    i.__ARM_fpclassifyf  m_wm.l(fpclassifyf.o)
    0x0800a1a2   0x0800a1a2   0x00000002   PAD
    0x0800a1a4   0x0800a1a4   0x00000150   Code   RO         2164    i.__hardfp_cosf     m_wm.l(cosf.o)
    0x0800a2f4   0x0800a2f4   0x00000190   Code   RO         2176    i.__hardfp_sinf     m_wm.l(sinf.o)
    0x0800a484   0x0800a484   0x00000006   Code   RO         2220    i.__mathlib_flt_infnan  m_wm.l(funder.o)
    0x0800a48a   0x0800a48a   0x00000002   PAD
    0x0800a48c   0x0800a48c   0x00000010   Code   RO         2222    i.__mathlib_flt_invalid  m_wm.l(funder.o)
    0x0800a49c   0x0800a49c   0x00000010   Code   RO         2225    i.__mathlib_flt_underflow  m_wm.l(funder.o)
    0x0800a4ac   0x0800a4ac   0x00000154   Code   RO         2238    i.__mathlib_rredf2  m_wm.l(rredf.o)
    0x0800a600   0x0800a600   0x0000001a   Code   RO         2375    x$fpl$fpinit        fz_wm.l(fpinit.o)
    0x0800a61a   0x0800a61a   0x00000000   Code   RO         2199    x$fpl$usenofp       fz_wm.l(usenofp.o)
    0x0800a61a   0x0800a61a   0x00000002   PAD
    0x0800a61c   0x0800a61c   0x00000020   Data   RO         2239    .constdata          m_wm.l(rredf.o)
    0x0800a63c   0x0800a63c   0x00000010   Data   RO         1932    .rodata.AHBPrescTable  system_stm32g4xx.o
    0x0800a64c   0x0800a64c   0x00000008   Data   RO         1933    .rodata.APBPrescTable  system_stm32g4xx.o
    0x0800a654   0x0800a654   0x00000018   Data   RO         1876    .rodata.UARTPrescTable  stm32g4xx_hal_uart.o
    0x0800a66c   0x0800a66c   0x00000010   Data   RO         1877    .rodata.cst16       stm32g4xx_hal_uart.o
    0x0800a67c   0x0800a67c   0x00000010   Data   RO         1918    .rodata.cst8        stm32g4xx_hal_uart_ex.o
    0x0800a68c   0x0800a68c   0x00000020   Data   RO         2436    Region$$Table       anon$$obj.o


    Execution Region RW_IRAM1 (Exec base: 0x20000000, Load base: 0x0800a6b0, Size: 0x0000e538, Max: 0x00020000, ABSOLUTE, COMPRESSED[0x00000240])

    Exec Addr    Load Addr    Size         Type   Attr      Idx    E Section Name        Object

    0x20000000   COMPRESSED   0x0000bab4   Data   RW         2110    .data               foc_drv.o
    0x2000bab4   COMPRESSED   0x00000008   Data   RW          545    .data..L_MergedGlobals  stm32g4xx_hal.o
    0x2000babc   COMPRESSED   0x00000020   Data   RW          282    .data.CDC_Desc      usbd_desc.o
    0x2000badc   COMPRESSED   0x00000004   Data   RW         1931    .data.SystemCoreClock  system_stm32g4xx.o
    0x2000bae0   COMPRESSED   0x00000038   Data   RW         2063    .data.USBD_CDC      usbd_cdc.o
    0x2000bb18   COMPRESSED   0x00000043   Data   RW         2065    .data.USBD_CDC_CfgFSDesc  usbd_cdc.o
    0x2000bb5b   COMPRESSED   0x00000001   PAD
    0x2000bb5c   COMPRESSED   0x00000043   Data   RW         2066    .data.USBD_CDC_CfgHSDesc  usbd_cdc.o
    0x2000bb9f   COMPRESSED   0x00000001   PAD
    0x2000bba0   COMPRESSED   0x00000012   Data   RW          283    .data.USBD_CDC_DeviceDesc  usbd_desc.o
    0x2000bbb2   COMPRESSED   0x00000002   PAD
    0x2000bbb4   COMPRESSED   0x0000000a   Data   RW         2064    .data.USBD_CDC_DeviceQualifierDesc  usbd_cdc.o
    0x2000bbbe   COMPRESSED   0x00000002   PAD
    0x2000bbc0   COMPRESSED   0x00000043   Data   RW         2067    .data.USBD_CDC_OtherSpeedCfgDesc  usbd_cdc.o
    0x2000bc03   COMPRESSED   0x00000001   PAD
    0x2000bc04   COMPRESSED   0x00000014   Data   RW          307    .data.USBD_Interface_fops_FS  usbd_cdc_if.o
    0x2000bc18   COMPRESSED   0x00000004   Data   RW          284    .data.USBD_LangIDDesc  usbd_desc.o
    0x2000bc1c   COMPRESSED   0x0000001a   Data   RW          285    .data.USBD_StringSerial  usbd_desc.o
    0x2000bc36   COMPRESSED   0x00000002   PAD
    0x2000bc38        -       0x00000060   Zero   RW         2287    .bss                c_w.l(libspace.o)
    0x2000bc98        -       0x0000000c   Zero   RW           18    .bss..L_MergedGlobals  main.o
    0x2000bca4        -       0x00000064   Zero   RW           46    .bss..L_MergedGlobals  adc.o
    0x2000bd08        -       0x00000008   Zero   RW         2130    .bss..L_MergedGlobals  vofa.o
    0x2000bd10        -       0x00000001   Zero   RW         2002    .bss.USBD_SetConfig.cfgidx  usbd_ctlreq.o
    0x2000bd11   COMPRESSED   0x00000003   PAD
    0x2000bd14        -       0x00000200   Zero   RW          286    .bss.USBD_StrDesc   usbd_desc.o
    0x2000bf14        -       0x00000220   Zero   RW          250    .bss.USBD_static_malloc.mem  usbd_conf.o
    0x2000c134        -       0x00000800   Zero   RW          308    .bss.UserRxBufferFS  usbd_cdc_if.o
    0x2000c934        -       0x00000800   Zero   RW          309    .bss.UserTxBufferFS  usbd_cdc_if.o
    0x2000d134        -       0x00000004   Zero   RW         2111    .bss.foc_spd_measure_M.pos_last  foc_drv.o
    0x2000d138        -       0x000002d0   Zero   RW          261    .bss.hUsbDeviceFS   usb_device.o
    0x2000d408        -       0x0000006c   Zero   RW           43    .bss.hadc1          adc.o
    0x2000d474        -       0x0000006c   Zero   RW           44    .bss.hadc2          adc.o
    0x2000d4e0        -       0x00000060   Zero   RW           45    .bss.hdma_adc2      adc.o
    0x2000d540        -       0x00000060   Zero   RW          124    .bss.hdma_usart3_rx  usart.o
    0x2000d5a0        -       0x00000060   Zero   RW          125    .bss.hdma_usart3_tx  usart.o
    0x2000d600        -       0x00000064   Zero   RW           70    .bss.hfdcan1        fdcan.o
    0x2000d664        -       0x000002dc   Zero   RW          249    .bss.hpcd_USB_FS    usbd_conf.o
    0x2000d940        -       0x00000064   Zero   RW           87    .bss.hspi1          spi.o
    0x2000d9a4        -       0x00000064   Zero   RW           88    .bss.hspi3          spi.o
    0x2000da08        -       0x0000004c   Zero   RW          107    .bss.htim1          tim.o
    0x2000da54        -       0x0000004c   Zero   RW          108    .bss.htim3          tim.o
    0x2000daa0        -       0x00000094   Zero   RW          123    .bss.huart3         usart.o
    0x2000db34        -       0x00000400   Zero   RW         2128    .bss.send_buf       vofa.o
    0x2000df34        -       0x00000004   Zero   RW          544    .bss.uwTick         stm32g4xx_hal.o
    0x2000df38        -       0x00000200   Zero   RW            2    HEAP                startup_stm32g474xx.o
    0x2000e138        -       0x00000400   Zero   RW            1    STACK               startup_stm32g474xx.o


==============================================================================

Image component sizes


      Code (inc. data)   RO Data    RW Data    ZI Data      Debug   Object Name

      1186          0          0          0        412      11429   adc.o
       118          0          0          0          0       4148   dma.o
       272          0          0          0        100       8156   fdcan.o
      1520         56          0          0          0       7538   foc_calc.o
       548         32          0          0          0      19435   foc_ctrl.o
      1536         52          0      47796          4      22687   foc_drv.o
       336          0          0          0          0       2536   gpio.o
       400          0          0          0         12       3104   main.o
       352          0          0          0        200       5944   spi.o
        64         26        472          0       1536        864   startup_stm32g474xx.o
       184          0          0          8          4       9570   stm32g4xx_hal.o
      3246          0          0          0          0      28796   stm32g4xx_hal_adc.o
      2442          0          0          0          0      22804   stm32g4xx_hal_adc_ex.o
       194          0          0          0          0      11174   stm32g4xx_hal_cortex.o
       932          0          0          0          0       9406   stm32g4xx_hal_dma.o
       996          0          0          0          0      23405   stm32g4xx_hal_fdcan.o
       486          0          0          0          0       5481   stm32g4xx_hal_gpio.o
        52          0          0          0          0       1778   stm32g4xx_hal_msp.o
      3426          0          0          0          0      15850   stm32g4xx_hal_pcd.o
       100          0          0          0          0       5625   stm32g4xx_hal_pcd_ex.o
       312          0          0          0          0       9560   stm32g4xx_hal_pwr_ex.o
      2188          0          0          0          0      10000   stm32g4xx_hal_rcc.o
       726          0          0          0          0      11196   stm32g4xx_hal_rcc_ex.o
       228          0          0          0          0      25140   stm32g4xx_hal_spi.o
      3374         30          0          0          0      61225   stm32g4xx_hal_tim.o
       868          0          0          0          0      30373   stm32g4xx_hal_tim_ex.o
      3948         48         40          0          0      41941   stm32g4xx_hal_uart.o
       340          0         16          0          0      11427   stm32g4xx_hal_uart_ex.o
       158          0          0          0          0      13248   stm32g4xx_it.o
      3138          4          0          0          0      20164   stm32g4xx_ll_usb.o
        18          0         24          4          0       2807   system_stm32g4xx.o
       744          0          0          0        152      10373   tim.o
       392          0          0          0        340       9317   usart.o
       114          0          0          0        720       3114   usb_device.o
       876         12          0        267          0      10740   usbd_cdc.o
       138          0          0         20       4096       5000   usbd_cdc_if.o
       826          0          0          0       1276      19422   usbd_conf.o
       684          0          0          0          0       8473   usbd_core.o
      1598         44          0          0          1      10040   usbd_ctlreq.o
       560         72          0         80        512       4222   usbd_desc.o
       128          0          0          0          0       4650   usbd_ioreq.o
       128          0          0          0       1032       2996   vofa.o

    ----------------------------------------------------------------------
     40172        376        584      48184      10400     545158   Object Totals
         0          0         32          0          0          0   (incl. Generated)
       296          0          0          9          3          0   (incl. Padding)

    ----------------------------------------------------------------------

      Code (inc. data)   RO Data    RW Data    ZI Data      Debug   Library Member Name

        90          0          0          0          0          0   __dczerorl2.o
         8          0          0          0          0         68   __main.o
         0          0          0          0          0          0   __rtentry.o
        12          0          0          0          0          0   __rtentry2.o
         6          0          0          0          0          0   __rtentry4.o
        52          8          0          0          0          0   __scatter.o
        28          0          0          0          0          0   __scatter_zi.o
        22          0          0          0          0        100   _rserrno.o
        18          0          0          0          0         80   exit.o
         6          0          0          0          0        152   heapauxi.o
         0          0          0          0          0          0   indicate_semi.o
         2          0          0          0          0          0   libinit.o
         6          0          0          0          0          0   libinit2.o
         2          0          0          0          0          0   libshutdown.o
         2          0          0          0          0          0   libshutdown2.o
         8          4          0          0         96         68   libspace.o
       240          0          0          0          0        100   lludivv7m.o
         8          4          0          0          0         68   rt_errno_addr_intlibspace.o
        78          0          0          0          0         80   rt_memclr_w.o
         2          0          0          0          0          0   rtexit.o
        10          0          0          0          0          0   rtexit2.o
        12          4          0          0          0         68   sys_exit.o
        74          0          0          0          0         80   sys_stackheap_outer.o
         2          0          0          0          0         68   use_no_semi.o
        26          0          0          0          0        116   fpinit.o
         0          0          0          0          0          0   usenofp.o
       336         56          0          0          0        136   cosf.o
        38          0          0          0          0        116   fpclassifyf.o
        38         12          0          0          0        348   funder.o
       340         24         32          0          0        160   rredf.o
       400         56          0          0          0        212   sinf.o

    ----------------------------------------------------------------------
      1880        168         32          0         96       2020   Library Totals
        14          0          0          0          0          0   (incl. Padding)

    ----------------------------------------------------------------------

      Code (inc. data)   RO Data    RW Data    ZI Data      Debug   Library Name

       688         20          0          0         96        932   c_w.l
        26          0          0          0          0        116   fz_wm.l
      1152        148         32          0          0        972   m_wm.l

    ----------------------------------------------------------------------
      1880        168         32          0         96       2020   Library Totals

    ----------------------------------------------------------------------

==============================================================================


      Code (inc. data)   RO Data    RW Data    ZI Data      Debug   

     42052        544        616      48184      10496     545414   Grand Totals
     42052        544        616        576      10496     545414   ELF Image Totals (compressed)
     42052        544        616        576          0          0   ROM Totals

==============================================================================

    Total RO  Size (Code + RO Data)                42668 (  41.67kB)
    Total RW  Size (RW Data + ZI Data)             58680 (  57.30kB)
    Total ROM Size (Code + RO Data + RW Data)      43244 (  42.23kB)

==============================================================================

